
> medi-care-aifront@0.0.0 test
> ng test --watch=false --browsers=ChromeHeadless

node.exe : - Generating browser application bundles (phase: setup)...
At line:1 char:1
+ & "C:\Program Files\nodejs/node.exe" "C:\Program Files\nodejs/node_mo ...
+ ~~~~~~~~~~~~~~~~~~~~~~~~~~~~~~~~~~~~~~~~~~~~~~~~~~~~~~~~~~~~~~~~~~~~~
    + CategoryInfo          : NotSpecified: (- Generating br...hase: setup)... 
   :String) [], RemoteException
    + FullyQualifiedErrorId : NativeCommandError
 
[32mÔ£ö[39m Browser application bundle generation complete.
[32m30 03 2026 00:17:11.305:INFO [karma-server]: [39mKarma v6.4.4 server started at http://localhost:9876/
[32m30 03 2026 00:17:11.307:INFO [launcher]: [39mLaunching browsers ChromeHeadless with concurrency unlimited
[32m30 03 2026 00:17:11.350:INFO [launcher]: [39mStarting browser ChromeHeadless
[32m30 03 2026 00:17:13.034:INFO [Chrome Headless 146.0.0.0 (Windows 10)]: [39mConnected on socket Ek4UYDbor4KJ-ZUbAAAB with id 14736045
Chrome Headless 146.0.0.0 (Windows 10): Executed 0 of 175[32m SUCCESS[39m (0 secs / 0 secs)
[1A[2K[31mChrome Headless 146.0.0.0 (Windows 10) SleepTrackerComponent should handle service error FAILED[39m
	TypeError: this.healthTrackerService.getSleepHistory is not a function
	    at SleepTrackerComponent.loadSleepHistory (src/app/modules/health-tracker/pages/sleep-tracker/sleep-tracker.component.ts:55:31)
	    at SleepTrackerComponent.call [as ngOnInit] (src/app/modules/health-tracker/pages/sleep-tracker/sleep-tracker.component.ts:39:10)
	    at callHookInternal (node_modules/@angular/core/fesm2022/_debug_node-chunk.mjs:555:10)
	    at callHook (node_modules/@angular/core/fesm2022/_debug_node-chunk.mjs:570:7)
	    at callHooks (node_modules/@angular/core/fesm2022/_debug_node-chunk.mjs:544:9)
	    at executeInitAndCheckHooks (node_modules/@angular/core/fesm2022/_debug_node-chunk.mjs:513:5)
	    at refreshView (node_modules/@angular/core/fesm2022/_debug_node-chunk.mjs:5530:11)
	    at detectChangesInView (node_modules/@angular/core/fesm2022/_debug_node-chunk.mjs:5658:5)
	    at detectChangesInViewWhileDirty (node_modules/@angular/core/fesm2022/_debug_node-chunk.mjs:5467:5)
	    at detectChangesInternal (node_modules/@angular/core/fesm2022/_debug_node-chunk.mjs:5456:5)
Chrome Headless 146.0.0.0 (Windows 10): Executed 1 of 175[31m (1 FAILED)[39m (0 secs / 0.207 secs)
[1A[2K[31mChrome Headless 146.0.0.0 (Windows 10) SleepTrackerComponent should have sleep quality field FAILED[39m
	TypeError: this.healthTrackerService.getSleepHistory is not a function
	    at SleepTrackerComponent.loadSleepHistory (src/app/modules/health-tracker/pages/sleep-tracker/sleep-tracker.component.ts:55:31)
	    at SleepTrackerComponent.call [as ngOnInit] (src/app/modules/health-tracker/pages/sleep-tracker/sleep-tracker.component.ts:39:10)
	    at callHookInternal (node_modules/@angular/core/fesm2022/_debug_node-chunk.mjs:555:10)
	    at callHook (node_modules/@angular/core/fesm2022/_debug_node-chunk.mjs:570:7)
	    at callHooks (node_modules/@angular/core/fesm2022/_debug_node-chunk.mjs:544:9)
	    at executeInitAndCheckHooks (node_modules/@angular/core/fesm2022/_debug_node-chunk.mjs:513:5)
	    at refreshView (node_modules/@angular/core/fesm2022/_debug_node-chunk.mjs:5530:11)
	    at detectChangesInView (node_modules/@angular/core/fesm2022/_debug_node-chunk.mjs:5658:5)
	    at detectChangesInViewWhileDirty (node_modules/@angular/core/fesm2022/_debug_node-chunk.mjs:5467:5)
	    at detectChangesInternal (node_modules/@angular/core/fesm2022/_debug_node-chunk.mjs:5456:5)
Chrome Headless 146.0.0.0 (Windows 10): Executed 2 of 175[31m (2 FAILED)[39m (0 secs / 0.223 secs)
[1A[2K[31mChrome Headless 146.0.0.0 (Windows 10) SleepTrackerComponent should validate sleep end is after sleep start FAILED[39m
	TypeError: this.healthTrackerService.getSleepHistory is not a function
	    at SleepTrackerComponent.loadSleepHistory (src/app/modules/health-tracker/pages/sleep-tracker/sleep-tracker.component.ts:55:31)
	    at SleepTrackerComponent.call [as ngOnInit] (src/app/modules/health-tracker/pages/sleep-tracker/sleep-tracker.component.ts:39:10)
	    at callHookInternal (node_modules/@angular/core/fesm2022/_debug_node-chunk.mjs:555:10)
	    at callHook (node_modules/@angular/core/fesm2022/_debug_node-chunk.mjs:570:7)
	    at callHooks (node_modules/@angular/core/fesm2022/_debug_node-chunk.mjs:544:9)
	    at executeInitAndCheckHooks (node_modules/@angular/core/fesm2022/_debug_node-chunk.mjs:513:5)
	    at refreshView (node_modules/@angular/core/fesm2022/_debug_node-chunk.mjs:5530:11)
	    at detectChangesInView (node_modules/@angular/core/fesm2022/_debug_node-chunk.mjs:5658:5)
	    at detectChangesInViewWhileDirty (node_modules/@angular/core/fesm2022/_debug_node-chunk.mjs:5467:5)
	    at detectChangesInternal (node_modules/@angular/core/fesm2022/_debug_node-chunk.mjs:5456:5)
Chrome Headless 146.0.0.0 (Windows 10): Executed 3 of 175[31m (3 FAILED)[39m (0 secs / 0.239 secs)
[1A[2KChrome Headless 146.0.0.0 (Windows 10): Executed 4 of 175[31m (3 FAILED)[39m (0 secs / 0.261 secs)
[1A[2K[31mChrome Headless 146.0.0.0 (Windows 10) SleepTrackerComponent should not submit form with invalid data FAILED[39m
	TypeError: this.healthTrackerService.getSleepHistory is not a function
	    at SleepTrackerComponent.loadSleepHistory (src/app/modules/health-tracker/pages/sleep-tracker/sleep-tracker.component.ts:55:31)
	    at SleepTrackerComponent.call [as ngOnInit] (src/app/modules/health-tracker/pages/sleep-tracker/sleep-tracker.component.ts:39:10)
	    at callHookInternal (node_modules/@angular/core/fesm2022/_debug_node-chunk.mjs:555:10)
	    at callHook (node_modules/@angular/core/fesm2022/_debug_node-chunk.mjs:570:7)
	    at callHooks (node_modules/@angular/core/fesm2022/_debug_node-chunk.mjs:544:9)
	    at executeInitAndCheckHooks (node_modules/@angular/core/fesm2022/_debug_node-chunk.mjs:513:5)
	    at refreshView (node_modules/@angular/core/fesm2022/_debug_node-chunk.mjs:5530:11)
	    at detectChangesInView (node_modules/@angular/core/fesm2022/_debug_node-chunk.mjs:5658:5)
	    at detectChangesInViewWhileDirty (node_modules/@angular/core/fesm2022/_debug_node-chunk.mjs:5467:5)
	    at detectChangesInternal (node_modules/@angular/core/fesm2022/_debug_node-chunk.mjs:5456:5)
Chrome Headless 146.0.0.0 (Windows 10): Executed 5 of 175[31m (4 FAILED)[39m (0 secs / 0.281 secs)
[1A[2K[31mChrome Headless 146.0.0.0 (Windows 10) SleepTrackerComponent should handle form submission with valid data FAILED[39m
	TypeError: this.healthTrackerService.getSleepHistory is not a function
	    at SleepTrackerComponent.loadSleepHistory (src/app/modules/health-tracker/pages/sleep-tracker/sleep-tracker.component.ts:55:31)
	    at SleepTrackerComponent.call [as ngOnInit] (src/app/modules/health-tracker/pages/sleep-tracker/sleep-tracker.component.ts:39:10)
	    at callHookInternal (node_modules/@angular/core/fesm2022/_debug_node-chunk.mjs:555:10)
	    at callHook (node_modules/@angular/core/fesm2022/_debug_node-chunk.mjs:570:7)
	    at callHooks (node_modules/@angular/core/fesm2022/_debug_node-chunk.mjs:544:9)
	    at executeInitAndCheckHooks (node_modules/@angular/core/fesm2022/_debug_node-chunk.mjs:513:5)
	    at refreshView (node_modules/@angular/core/fesm2022/_debug_node-chunk.mjs:5530:11)
	    at detectChangesInView (node_modules/@angular/core/fesm2022/_debug_node-chunk.mjs:5658:5)
	    at detectChangesInViewWhileDirty (node_modules/@angular/core/fesm2022/_debug_node-chunk.mjs:5467:5)
	    at detectChangesInternal (node_modules/@angular/core/fesm2022/_debug_node-chunk.mjs:5456:5)
Chrome Headless 146.0.0.0 (Windows 10): Executed 6 of 175[31m (5 FAILED)[39m (0 secs / 0.299 secs)
[1A[2K[31mChrome Headless 146.0.0.0 (Windows 10) SleepTrackerComponent should initialize form with default values FAILED[39m
	TypeError: this.healthTrackerService.getSleepHistory is not a function
	    at SleepTrackerComponent.loadSleepHistory (src/app/modules/health-tracker/pages/sleep-tracker/sleep-tracker.component.ts:55:31)
	    at SleepTrackerComponent.call [as ngOnInit] (src/app/modules/health-tracker/pages/sleep-tracker/sleep-tracker.component.ts:39:10)
	    at callHookInternal (node_modules/@angular/core/fesm2022/_debug_node-chunk.mjs:555:10)
	    at callHook (node_modules/@angular/core/fesm2022/_debug_node-chunk.mjs:570:7)
	    at callHooks (node_modules/@angular/core/fesm2022/_debug_node-chunk.mjs:544:9)
	    at executeInitAndCheckHooks (node_modules/@angular/core/fesm2022/_debug_node-chunk.mjs:513:5)
	    at refreshView (node_modules/@angular/core/fesm2022/_debug_node-chunk.mjs:5530:11)
	    at detectChangesInView (node_modules/@angular/core/fesm2022/_debug_node-chunk.mjs:5658:5)
	    at detectChangesInViewWhileDirty (node_modules/@angular/core/fesm2022/_debug_node-chunk.mjs:5467:5)
	    at detectChangesInternal (node_modules/@angular/core/fesm2022/_debug_node-chunk.mjs:5456:5)
Chrome Headless 146.0.0.0 (Windows 10): Executed 7 of 175[31m (6 FAILED)[39m (0 secs / 0.319 secs)
[1A[2K[31mChrome Headless 146.0.0.0 (Windows 10) SleepTrackerComponent should reset form after successful submission FAILED[39m
	TypeError: this.healthTrackerService.getSleepHistory is not a function
	    at SleepTrackerComponent.loadSleepHistory (src/app/modules/health-tracker/pages/sleep-tracker/sleep-tracker.component.ts:55:31)
	    at SleepTrackerComponent.call [as ngOnInit] (src/app/modules/health-tracker/pages/sleep-tracker/sleep-tracker.component.ts:39:10)
	    at callHookInternal (node_modules/@angular/core/fesm2022/_debug_node-chunk.mjs:555:10)
	    at callHook (node_modules/@angular/core/fesm2022/_debug_node-chunk.mjs:570:7)
	    at callHooks (node_modules/@angular/core/fesm2022/_debug_node-chunk.mjs:544:9)
	    at executeInitAndCheckHooks (node_modules/@angular/core/fesm2022/_debug_node-chunk.mjs:513:5)
	    at refreshView (node_modules/@angular/core/fesm2022/_debug_node-chunk.mjs:5530:11)
	    at detectChangesInView (node_modules/@angular/core/fesm2022/_debug_node-chunk.mjs:5658:5)
	    at detectChangesInViewWhileDirty (node_modules/@angular/core/fesm2022/_debug_node-chunk.mjs:5467:5)
	    at detectChangesInternal (node_modules/@angular/core/fesm2022/_debug_node-chunk.mjs:5456:5)
Chrome Headless 146.0.0.0 (Windows 10): Executed 8 of 175[31m (7 FAILED)[39m (0 secs / 0.336 secs)
[1A[2K[31mChrome Headless 146.0.0.0 (Windows 10) SleepTrackerComponent should load sleep history on init FAILED[39m
	TypeError: this.healthTrackerService.getSleepHistory is not a function
	    at SleepTrackerComponent.loadSleepHistory (src/app/modules/health-tracker/pages/sleep-tracker/sleep-tracker.component.ts:55:31)
	    at SleepTrackerComponent.call [as ngOnInit] (src/app/modules/health-tracker/pages/sleep-tracker/sleep-tracker.component.ts:39:10)
	    at callHookInternal (node_modules/@angular/core/fesm2022/_debug_node-chunk.mjs:555:10)
	    at callHook (node_modules/@angular/core/fesm2022/_debug_node-chunk.mjs:570:7)
	    at callHooks (node_modules/@angular/core/fesm2022/_debug_node-chunk.mjs:544:9)
	    at executeInitAndCheckHooks (node_modules/@angular/core/fesm2022/_debug_node-chunk.mjs:513:5)
	    at refreshView (node_modules/@angular/core/fesm2022/_debug_node-chunk.mjs:5530:11)
	    at detectChangesInView (node_modules/@angular/core/fesm2022/_debug_node-chunk.mjs:5658:5)
	    at detectChangesInViewWhileDirty (node_modules/@angular/core/fesm2022/_debug_node-chunk.mjs:5467:5)
	    at detectChangesInternal (node_modules/@angular/core/fesm2022/_debug_node-chunk.mjs:5456:5)
Chrome Headless 146.0.0.0 (Windows 10): Executed 9 of 175[31m (8 FAILED)[39m (0 secs / 0.356 secs)
[1A[2KChrome Headless 146.0.0.0 (Windows 10): Executed 10 of 175[31m (8 FAILED)[39m (0 secs / 0.409 secs)
[1A[2KChrome Headless 146.0.0.0 (Windows 10): Executed 11 of 175[31m (8 FAILED)[39m (0 secs / 0.416 secs)
[1A[2KChrome Headless 146.0.0.0 (Windows 10): Executed 12 of 175[31m (8 FAILED)[39m (0 secs / 0.422 secs)
[1A[2KChrome Headless 146.0.0.0 (Windows 10): Executed 13 of 175[31m (8 FAILED)[39m (0 secs / 0.43 secs)
[1A[2KChrome Headless 146.0.0.0 (Windows 10): Executed 14 of 175[31m (8 FAILED)[39m (0 secs / 0.437 secs)
[1A[2KChrome Headless 146.0.0.0 (Windows 10): Executed 15 of 175[31m (8 FAILED)[39m (0 secs / 0.443 secs)
[1A[2K[31mChrome Headless 146.0.0.0 (Windows 10) MedicalRecordViewerComponent should load medical record on init FAILED[39m
	Error: NG0904: unsafe value used in a resource URL context (see https://angular.dev/best-practices/security#preventing-cross-site-scripting-xss)
	error properties: Object({ code: 904 })
	    at sanitizer (node_modules/@angular/core/fesm2022/_debug_node-chunk.mjs:3331:9)
	    at setDomProperty (node_modules/@angular/core/fesm2022/_debug_node-chunk.mjs:4925:33)
	    at setPropertyAndInputs (node_modules/@angular/core/fesm2022/_debug_node-chunk.mjs:4914:3)
	    at ╔Á╔Áproperty (node_modules/@angular/core/fesm2022/_debug_node-chunk.mjs:14317:5)
	    at templateFn (ng:///MedicalRecordViewerComponent.js:121:5)
	    at executeTemplate (node_modules/@angular/core/fesm2022/_debug_node-chunk.mjs:4848:5)
	    at refreshView (node_modules/@angular/core/fesm2022/_debug_node-chunk.mjs:5518:7)
	    at detectChangesInView (node_modules/@angular/core/fesm2022/_debug_node-chunk.mjs:5658:5)
	    at detectChangesInViewIfAttached (node_modules/@angular/core/fesm2022/_debug_node-chunk.mjs:5641:3)
	    at detectChangesInEmbeddedViews (node_modules/@angular/core/fesm2022/_debug_node-chunk.mjs:5612:7)
Chrome Headless 146.0.0.0 (Windows 10): Executed 16 of 175[31m (9 FAILED)[39m (0 secs / 0.482 secs)
[1A[2KERROR: [36m'Error loading record:', Object{error: Object{message: 'Record not found'}}[39m
Chrome Headless 146.0.0.0 (Windows 10): Executed 16 of 175[31m (9 FAILED)[39m (0 secs / 0.482 secs)
ERROR: 'Error loading record:', Object{error: Object{message: 'Record not found'}}
[1A[2KChrome Headless 146.0.0.0 (Windows 10): Executed 17 of 175[31m (9 FAILED)[39m (0 secs / 0.496 secs)
[1A[2K[31mChrome Headless 146.0.0.0 (Windows 10) MedicalRecordViewerComponent should delete record on confirmation FAILED[39m
	Expected spy MedicalService.deleteMedicalRecord to have been called.
	    at <Jasmine>
	    at UserContext.apply (src/app/modules/medical-record/pages/medical-record-viewer/medical-record-viewer.component.spec.ts:110:52)
	    at _ZoneDelegate.invoke (node_modules/zone.js/fesm2015/zone.js:360:158)
	    at _ProxyZoneSpec.onInvoke (node_modules/zone.js/fesm2015/zone-testing.js:956:33)
	    at _ZoneDelegate.invoke (node_modules/zone.js/fesm2015/zone.js:360:46)
Chrome Headless 146.0.0.0 (Windows 10): Executed 18 of 175[31m (10 FAILED)[39m (0 secs / 0.505 secs)
[1A[2KChrome Headless 146.0.0.0 (Windows 10): Executed 19 of 175[31m (10 FAILED)[39m (0 secs / 0.513 secs)
[1A[2KChrome Headless 146.0.0.0 (Windows 10): Executed 20 of 175[31m (10 FAILED)[39m (0 secs / 0.522 secs)
[1A[2KChrome Headless 146.0.0.0 (Windows 10): Executed 21 of 175[31m (10 FAILED)[39m (0 secs / 0.527 secs)
[1A[2KChrome Headless 146.0.0.0 (Windows 10): Executed 22 of 175[31m (10 FAILED)[39m (0 secs / 0.543 secs)
[1A[2KChrome Headless 146.0.0.0 (Windows 10): Executed 23 of 175[31m (10 FAILED)[39m (0 secs / 0.547 secs)
[1A[2KChrome Headless 146.0.0.0 (Windows 10): Executed 24 of 175[31m (10 FAILED)[39m (0 secs / 0.55 secs)
[1A[2KChrome Headless 146.0.0.0 (Windows 10): Executed 25 of 175[31m (10 FAILED)[39m (0 secs / 0.554 secs)
[1A[2KChrome Headless 146.0.0.0 (Windows 10): Executed 26 of 175[31m (10 FAILED)[39m (0 secs / 0.558 secs)
[1A[2KChrome Headless 146.0.0.0 (Windows 10): Executed 27 of 175[31m (10 FAILED)[39m (0 secs / 0.562 secs)
[1A[2KChrome Headless 146.0.0.0 (Windows 10): Executed 28 of 175[31m (10 FAILED)[39m (0 secs / 0.611 secs)
[1A[2KChrome Headless 146.0.0.0 (Windows 10): Executed 29 of 175[31m (10 FAILED)[39m (0 secs / 0.619 secs)
[1A[2KChrome Headless 146.0.0.0 (Windows 10): Executed 30 of 175[31m (10 FAILED)[39m (0 secs / 0.656 secs)
[1A[2KChrome Headless 146.0.0.0 (Windows 10): Executed 31 of 175[31m (10 FAILED)[39m (0 secs / 0.662 secs)
[1A[2KChrome Headless 146.0.0.0 (Windows 10): Executed 32 of 175[31m (10 FAILED)[39m (0 secs / 0.669 secs)
[1A[2KChrome Headless 146.0.0.0 (Windows 10): Executed 33 of 175[31m (10 FAILED)[39m (0 secs / 0.675 secs)
[1A[2KChrome Headless 146.0.0.0 (Windows 10): Executed 34 of 175[31m (10 FAILED)[39m (0 secs / 0.683 secs)
[1A[2KChrome Headless 146.0.0.0 (Windows 10): Executed 35 of 175[31m (10 FAILED)[39m (0 secs / 0.689 secs)
[1A[2KERROR: [36m'Error deleting record:', Object{error: Object{message: 'Delete failed'}}[39m
Chrome Headless 146.0.0.0 (Windows 10): Executed 35 of 175[31m (10 FAILED)[39m (0 secs / 0.689 secs)
ERROR: 'Error deleting record:', Object{error: Object{message: 'Delete failed'}}
[1A[2KChrome Headless 146.0.0.0 (Windows 10): Executed 36 of 175[31m (10 FAILED)[39m (0 secs / 0.698 secs)
[1A[2KChrome Headless 146.0.0.0 (Windows 10): Executed 37 of 175[31m (10 FAILED)[39m (0 secs / 0.708 secs)
[1A[2KChrome Headless 146.0.0.0 (Windows 10): Executed 38 of 175[31m (10 FAILED)[39m (0 secs / 0.741 secs)
[1A[2K[31mChrome Headless 146.0.0.0 (Windows 10) StressTrackerComponent should reset form after successful submission FAILED[39m
	TypeError: this.healthTrackerService.getStressHistory is not a function
	    at StressTrackerComponent.loadStressHistory (src/app/modules/health-tracker/pages/stress-tracker/stress-tracker.component.ts:48:31)
	    at StressTrackerComponent.call [as ngOnInit] (src/app/modules/health-tracker/pages/stress-tracker/stress-tracker.component.ts:35:10)
	    at callHookInternal (node_modules/@angular/core/fesm2022/_debug_node-chunk.mjs:555:10)
	    at callHook (node_modules/@angular/core/fesm2022/_debug_node-chunk.mjs:570:7)
	    at callHooks (node_modules/@angular/core/fesm2022/_debug_node-chunk.mjs:544:9)
	    at executeInitAndCheckHooks (node_modules/@angular/core/fesm2022/_debug_node-chunk.mjs:513:5)
	    at refreshView (node_modules/@angular/core/fesm2022/_debug_node-chunk.mjs:5530:11)
	    at detectChangesInView (node_modules/@angular/core/fesm2022/_debug_node-chunk.mjs:5658:5)
	    at detectChangesInViewWhileDirty (node_modules/@angular/core/fesm2022/_debug_node-chunk.mjs:5467:5)
	    at detectChangesInternal (node_modules/@angular/core/fesm2022/_debug_node-chunk.mjs:5456:5)
Chrome Headless 146.0.0.0 (Windows 10): Executed 39 of 175[31m (11 FAILED)[39m (0 secs / 0.797 secs)
[1A[2K[31mChrome Headless 146.0.0.0 (Windows 10) StressTrackerComponent should load stress history on init FAILED[39m
	TypeError: this.healthTrackerService.getStressHistory is not a function
	    at StressTrackerComponent.loadStressHistory (src/app/modules/health-tracker/pages/stress-tracker/stress-tracker.component.ts:48:31)
	    at StressTrackerComponent.call [as ngOnInit] (src/app/modules/health-tracker/pages/stress-tracker/stress-tracker.component.ts:35:10)
	    at callHookInternal (node_modules/@angular/core/fesm2022/_debug_node-chunk.mjs:555:10)
	    at callHook (node_modules/@angular/core/fesm2022/_debug_node-chunk.mjs:570:7)
	    at callHooks (node_modules/@angular/core/fesm2022/_debug_node-chunk.mjs:544:9)
	    at executeInitAndCheckHooks (node_modules/@angular/core/fesm2022/_debug_node-chunk.mjs:513:5)
	    at refreshView (node_modules/@angular/core/fesm2022/_debug_node-chunk.mjs:5530:11)
	    at detectChangesInView (node_modules/@angular/core/fesm2022/_debug_node-chunk.mjs:5658:5)
	    at detectChangesInViewWhileDirty (node_modules/@angular/core/fesm2022/_debug_node-chunk.mjs:5467:5)
	    at detectChangesInternal (node_modules/@angular/core/fesm2022/_debug_node-chunk.mjs:5456:5)
Chrome Headless 146.0.0.0 (Windows 10): Executed 40 of 175[31m (12 FAILED)[39m (0 secs / 0.81 secs)
[1A[2K[31mChrome Headless 146.0.0.0 (Windows 10) StressTrackerComponent should handle form submission with valid data FAILED[39m
	TypeError: this.healthTrackerService.getStressHistory is not a function
	    at StressTrackerComponent.loadStressHistory (src/app/modules/health-tracker/pages/stress-tracker/stress-tracker.component.ts:48:31)
	    at StressTrackerComponent.call [as ngOnInit] (src/app/modules/health-tracker/pages/stress-tracker/stress-tracker.component.ts:35:10)
	    at callHookInternal (node_modules/@angular/core/fesm2022/_debug_node-chunk.mjs:555:10)
	    at callHook (node_modules/@angular/core/fesm2022/_debug_node-chunk.mjs:570:7)
	    at callHooks (node_modules/@angular/core/fesm2022/_debug_node-chunk.mjs:544:9)
	    at executeInitAndCheckHooks (node_modules/@angular/core/fesm2022/_debug_node-chunk.mjs:513:5)
	    at refreshView (node_modules/@angular/core/fesm2022/_debug_node-chunk.mjs:5530:11)
	    at detectChangesInView (node_modules/@angular/core/fesm2022/_debug_node-chunk.mjs:5658:5)
	    at detectChangesInViewWhileDirty (node_modules/@angular/core/fesm2022/_debug_node-chunk.mjs:5467:5)
	    at detectChangesInternal (node_modules/@angular/core/fesm2022/_debug_node-chunk.mjs:5456:5)
Chrome Headless 146.0.0.0 (Windows 10): Executed 41 of 175[31m (13 FAILED)[39m (0 secs / 0.821 secs)
[1A[2K[31mChrome Headless 146.0.0.0 (Windows 10) StressTrackerComponent should not submit form with invalid data FAILED[39m
	TypeError: this.healthTrackerService.getStressHistory is not a function
	    at StressTrackerComponent.loadStressHistory (src/app/modules/health-tracker/pages/stress-tracker/stress-tracker.component.ts:48:31)
	    at StressTrackerComponent.call [as ngOnInit] (src/app/modules/health-tracker/pages/stress-tracker/stress-tracker.component.ts:35:10)
	    at callHookInternal (node_modules/@angular/core/fesm2022/_debug_node-chunk.mjs:555:10)
	    at callHook (node_modules/@angular/core/fesm2022/_debug_node-chunk.mjs:570:7)
	    at callHooks (node_modules/@angular/core/fesm2022/_debug_node-chunk.mjs:544:9)
	    at executeInitAndCheckHooks (node_modules/@angular/core/fesm2022/_debug_node-chunk.mjs:513:5)
	    at refreshView (node_modules/@angular/core/fesm2022/_debug_node-chunk.mjs:5530:11)
	    at detectChangesInView (node_modules/@angular/core/fesm2022/_debug_node-chunk.mjs:5658:5)
	    at detectChangesInViewWhileDirty (node_modules/@angular/core/fesm2022/_debug_node-chunk.mjs:5467:5)
	    at detectChangesInternal (node_modules/@angular/core/fesm2022/_debug_node-chunk.mjs:5456:5)
Chrome Headless 146.0.0.0 (Windows 10): Executed 42 of 175[31m (14 FAILED)[39m (0 secs / 0.833 secs)
[1A[2KChrome Headless 146.0.0.0 (Windows 10): Executed 43 of 175[31m (14 FAILED)[39m (0 secs / 0.843 secs)
[1A[2K[31mChrome Headless 146.0.0.0 (Windows 10) StressTrackerComponent should validate stress level is between 1 and 10 FAILED[39m
	TypeError: this.healthTrackerService.getStressHistory is not a function
	    at StressTrackerComponent.loadStressHistory (src/app/modules/health-tracker/pages/stress-tracker/stress-tracker.component.ts:48:31)
	    at StressTrackerComponent.call [as ngOnInit] (src/app/modules/health-tracker/pages/stress-tracker/stress-tracker.component.ts:35:10)
	    at callHookInternal (node_modules/@angular/core/fesm2022/_debug_node-chunk.mjs:555:10)
	    at callHook (node_modules/@angular/core/fesm2022/_debug_node-chunk.mjs:570:7)
	    at callHooks (node_modules/@angular/core/fesm2022/_debug_node-chunk.mjs:544:9)
	    at executeInitAndCheckHooks (node_modules/@angular/core/fesm2022/_debug_node-chunk.mjs:513:5)
	    at refreshView (node_modules/@angular/core/fesm2022/_debug_node-chunk.mjs:5530:11)
	    at detectChangesInView (node_modules/@angular/core/fesm2022/_debug_node-chunk.mjs:5658:5)
	    at detectChangesInViewWhileDirty (node_modules/@angular/core/fesm2022/_debug_node-chunk.mjs:5467:5)
	    at detectChangesInternal (node_modules/@angular/core/fesm2022/_debug_node-chunk.mjs:5456:5)
Chrome Headless 146.0.0.0 (Windows 10): Executed 44 of 175[31m (15 FAILED)[39m (0 secs / 0.856 secs)
[1A[2K[31mChrome Headless 146.0.0.0 (Windows 10) StressTrackerComponent should initialize form with default values FAILED[39m
	TypeError: this.healthTrackerService.getStressHistory is not a function
	    at StressTrackerComponent.loadStressHistory (src/app/modules/health-tracker/pages/stress-tracker/stress-tracker.component.ts:48:31)
	    at StressTrackerComponent.call [as ngOnInit] (src/app/modules/health-tracker/pages/stress-tracker/stress-tracker.component.ts:35:10)
	    at callHookInternal (node_modules/@angular/core/fesm2022/_debug_node-chunk.mjs:555:10)
	    at callHook (node_modules/@angular/core/fesm2022/_debug_node-chunk.mjs:570:7)
	    at callHooks (node_modules/@angular/core/fesm2022/_debug_node-chunk.mjs:544:9)
	    at executeInitAndCheckHooks (node_modules/@angular/core/fesm2022/_debug_node-chunk.mjs:513:5)
	    at refreshView (node_modules/@angular/core/fesm2022/_debug_node-chunk.mjs:5530:11)
	    at detectChangesInView (node_modules/@angular/core/fesm2022/_debug_node-chunk.mjs:5658:5)
	    at detectChangesInViewWhileDirty (node_modules/@angular/core/fesm2022/_debug_node-chunk.mjs:5467:5)
	    at detectChangesInternal (node_modules/@angular/core/fesm2022/_debug_node-chunk.mjs:5456:5)
Chrome Headless 146.0.0.0 (Windows 10): Executed 45 of 175[31m (16 FAILED)[39m (0 secs / 0.868 secs)
[1A[2K[31mChrome Headless 146.0.0.0 (Windows 10) StressTrackerComponent should reject stress level outside valid range FAILED[39m
	TypeError: this.healthTrackerService.getStressHistory is not a function
	    at StressTrackerComponent.loadStressHistory (src/app/modules/health-tracker/pages/stress-tracker/stress-tracker.component.ts:48:31)
	    at StressTrackerComponent.call [as ngOnInit] (src/app/modules/health-tracker/pages/stress-tracker/stress-tracker.component.ts:35:10)
	    at callHookInternal (node_modules/@angular/core/fesm2022/_debug_node-chunk.mjs:555:10)
	    at callHook (node_modules/@angular/core/fesm2022/_debug_node-chunk.mjs:570:7)
	    at callHooks (node_modules/@angular/core/fesm2022/_debug_node-chunk.mjs:544:9)
	    at executeInitAndCheckHooks (node_modules/@angular/core/fesm2022/_debug_node-chunk.mjs:513:5)
	    at refreshView (node_modules/@angular/core/fesm2022/_debug_node-chunk.mjs:5530:11)
	    at detectChangesInView (node_modules/@angular/core/fesm2022/_debug_node-chunk.mjs:5658:5)
	    at detectChangesInViewWhileDirty (node_modules/@angular/core/fesm2022/_debug_node-chunk.mjs:5467:5)
	    at detectChangesInternal (node_modules/@angular/core/fesm2022/_debug_node-chunk.mjs:5456:5)
Chrome Headless 146.0.0.0 (Windows 10): Executed 46 of 175[31m (17 FAILED)[39m (0 secs / 0.881 secs)
[1A[2K[31mChrome Headless 146.0.0.0 (Windows 10) StressTrackerComponent should have stress level options FAILED[39m
	TypeError: this.healthTrackerService.getStressHistory is not a function
	    at StressTrackerComponent.loadStressHistory (src/app/modules/health-tracker/pages/stress-tracker/stress-tracker.component.ts:48:31)
	    at StressTrackerComponent.call [as ngOnInit] (src/app/modules/health-tracker/pages/stress-tracker/stress-tracker.component.ts:35:10)
	    at callHookInternal (node_modules/@angular/core/fesm2022/_debug_node-chunk.mjs:555:10)
	    at callHook (node_modules/@angular/core/fesm2022/_debug_node-chunk.mjs:570:7)
	    at callHooks (node_modules/@angular/core/fesm2022/_debug_node-chunk.mjs:544:9)
	    at executeInitAndCheckHooks (node_modules/@angular/core/fesm2022/_debug_node-chunk.mjs:513:5)
	    at refreshView (node_modules/@angular/core/fesm2022/_debug_node-chunk.mjs:5530:11)
	    at detectChangesInView (node_modules/@angular/core/fesm2022/_debug_node-chunk.mjs:5658:5)
	    at detectChangesInViewWhileDirty (node_modules/@angular/core/fesm2022/_debug_node-chunk.mjs:5467:5)
	    at detectChangesInternal (node_modules/@angular/core/fesm2022/_debug_node-chunk.mjs:5456:5)
Chrome Headless 146.0.0.0 (Windows 10): Executed 47 of 175[31m (18 FAILED)[39m (0 secs / 0.896 secs)
[1A[2K[31mChrome Headless 146.0.0.0 (Windows 10) StressTrackerComponent should handle service error FAILED[39m
	TypeError: this.healthTrackerService.getStressHistory is not a function
	    at StressTrackerComponent.loadStressHistory (src/app/modules/health-tracker/pages/stress-tracker/stress-tracker.component.ts:48:31)
	    at StressTrackerComponent.call [as ngOnInit] (src/app/modules/health-tracker/pages/stress-tracker/stress-tracker.component.ts:35:10)
	    at callHookInternal (node_modules/@angular/core/fesm2022/_debug_node-chunk.mjs:555:10)
	    at callHook (node_modules/@angular/core/fesm2022/_debug_node-chunk.mjs:570:7)
	    at callHooks (node_modules/@angular/core/fesm2022/_debug_node-chunk.mjs:544:9)
	    at executeInitAndCheckHooks (node_modules/@angular/core/fesm2022/_debug_node-chunk.mjs:513:5)
	    at refreshView (node_modules/@angular/core/fesm2022/_debug_node-chunk.mjs:5530:11)
	    at detectChangesInView (node_modules/@angular/core/fesm2022/_debug_node-chunk.mjs:5658:5)
	    at detectChangesInViewWhileDirty (node_modules/@angular/core/fesm2022/_debug_node-chunk.mjs:5467:5)
	    at detectChangesInternal (node_modules/@angular/core/fesm2022/_debug_node-chunk.mjs:5456:5)
Chrome Headless 146.0.0.0 (Windows 10): Executed 48 of 175[31m (19 FAILED)[39m (0 secs / 0.907 secs)
[1A[2KChrome Headless 146.0.0.0 (Windows 10): Executed 49 of 175[31m (19 FAILED)[39m (0 secs / 0.912 secs)
[1A[2KChrome Headless 146.0.0.0 (Windows 10): Executed 50 of 175[31m (19 FAILED)[39m (0 secs / 0.916 secs)
[1A[2KChrome Headless 146.0.0.0 (Windows 10): Executed 51 of 175[31m (19 FAILED)[39m (0 secs / 0.921 secs)
[1A[2KChrome Headless 146.0.0.0 (Windows 10): Executed 52 of 175[31m (19 FAILED)[39m (0 secs / 0.925 secs)
[1A[2KChrome Headless 146.0.0.0 (Windows 10): Executed 53 of 175[31m (19 FAILED)[39m (0 secs / 0.93 secs)
[1A[2KChrome Headless 146.0.0.0 (Windows 10): Executed 54 of 175[31m (19 FAILED)[39m (0 secs / 0.934 secs)
[1A[2KChrome Headless 146.0.0.0 (Windows 10): Executed 55 of 175[31m (19 FAILED)[39m (0 secs / 0.938 secs)
[1A[2KChrome Headless 146.0.0.0 (Windows 10): Executed 56 of 175[31m (19 FAILED)[39m (0 secs / 0.942 secs)
[1A[2KChrome Headless 146.0.0.0 (Windows 10): Executed 57 of 175[31m (19 FAILED)[39m (0 secs / 0.946 secs)
[1A[2KChrome Headless 146.0.0.0 (Windows 10): Executed 58 of 175[31m (19 FAILED)[39m (0 secs / 0.95 secs)
[1A[2KChrome Headless 146.0.0.0 (Windows 10): Executed 59 of 175[31m (19 FAILED)[39m (0 secs / 0.954 secs)
[1A[2KChrome Headless 146.0.0.0 (Windows 10): Executed 60 of 175[31m (19 FAILED)[39m (0 secs / 0.958 secs)
[1A[2KChrome Headless 146.0.0.0 (Windows 10): Executed 61 of 175[31m (19 FAILED)[39m (0 secs / 1.011 secs)
[1A[2KChrome Headless 146.0.0.0 (Windows 10): Executed 62 of 175[31m (19 FAILED)[39m (0 secs / 1.02 secs)
[1A[2KChrome Headless 146.0.0.0 (Windows 10): Executed 63 of 175[31m (19 FAILED)[39m (0 secs / 1.029 secs)
[1A[2KChrome Headless 146.0.0.0 (Windows 10): Executed 64 of 175[31m (19 FAILED)[39m (0 secs / 1.036 secs)
[1A[2K[31mChrome Headless 146.0.0.0 (Windows 10) WellnessDashboardComponent should load all health metrics on init FAILED[39m
	TypeError: Cannot read properties of undefined (reading 'and')
	    at UserContext.apply (src/app/modules/health-tracker/pages/wellness-dashboard/wellness-dashboard.component.spec.ts:171:62)
	    at _ZoneDelegate.invoke (node_modules/zone.js/fesm2015/zone.js:360:158)
	    at _ProxyZoneSpec.onInvoke (node_modules/zone.js/fesm2015/zone-testing.js:956:33)
	    at _ZoneDelegate.invoke (node_modules/zone.js/fesm2015/zone.js:360:46)
	    at _ZoneImpl.run (node_modules/zone.js/fesm2015/zone.js:127:35)
	    at runInTestZone (node_modules/zone.js/fesm2015/zone-testing.js:192:30)
	    at UserContext.<anonymous> (node_modules/zone.js/fesm2015/zone-testing.js:199:16)
	    at <Jasmine>
Chrome Headless 146.0.0.0 (Windows 10): Executed 65 of 175[31m (20 FAILED)[39m (0 secs / 1.043 secs)
[1A[2KChrome Headless 146.0.0.0 (Windows 10): Executed 66 of 175[31m (20 FAILED)[39m (0 secs / 1.049 secs)
[1A[2KChrome Headless 146.0.0.0 (Windows 10): Executed 67 of 175[31m (20 FAILED)[39m (0 secs / 1.054 secs)
[1A[2KChrome Headless 146.0.0.0 (Windows 10): Executed 68 of 175[31m (20 FAILED)[39m (0 secs / 1.061 secs)
[1A[2K[31mChrome Headless 146.0.0.0 (Windows 10) WellnessDashboardComponent should load activity history on init FAILED[39m
	TypeError: Cannot read properties of undefined (reading 'and')
	    at UserContext.apply (src/app/modules/health-tracker/pages/wellness-dashboard/wellness-dashboard.component.spec.ts:123:62)
	    at _ZoneDelegate.invoke (node_modules/zone.js/fesm2015/zone.js:360:158)
	    at _ProxyZoneSpec.onInvoke (node_modules/zone.js/fesm2015/zone-testing.js:956:33)
	    at _ZoneDelegate.invoke (node_modules/zone.js/fesm2015/zone.js:360:46)
	    at _ZoneImpl.run (node_modules/zone.js/fesm2015/zone.js:127:35)
	    at runInTestZone (node_modules/zone.js/fesm2015/zone-testing.js:192:30)
	    at UserContext.<anonymous> (node_modules/zone.js/fesm2015/zone-testing.js:199:16)
	    at <Jasmine>
Chrome Headless 146.0.0.0 (Windows 10): Executed 69 of 175[31m (21 FAILED)[39m (0 secs / 1.067 secs)
[1A[2KChrome Headless 146.0.0.0 (Windows 10): Executed 70 of 175[31m (21 FAILED)[39m (0 secs / 1.073 secs)
[1A[2KChrome Headless 146.0.0.0 (Windows 10): Executed 71 of 175[31m (21 FAILED)[39m (0 secs / 1.076 secs)
[1A[2KChrome Headless 146.0.0.0 (Windows 10): Executed 72 of 175[31m (21 FAILED)[39m (0 secs / 1.077 secs)
[1A[2KChrome Headless 146.0.0.0 (Windows 10): Executed 73 of 175[31m (21 FAILED)[39m (0 secs / 1.078 secs)
[1A[2KChrome Headless 146.0.0.0 (Windows 10): Executed 74 of 175[31m (21 FAILED)[39m (0 secs / 1.079 secs)
[1A[2KChrome Headless 146.0.0.0 (Windows 10): Executed 75 of 175[31m (21 FAILED)[39m (0 secs / 1.139 secs)
[1A[2KChrome Headless 146.0.0.0 (Windows 10): Executed 76 of 175[31m (21 FAILED)[39m (0 secs / 1.15 secs)
[1A[2KChrome Headless 146.0.0.0 (Windows 10): Executed 77 of 175[31m (21 FAILED)[39m (0 secs / 1.167 secs)
[1A[2K[31mChrome Headless 146.0.0.0 (Windows 10) MoodTrackerComponent should reset form after successful submission FAILED[39m
	Expected 'HAPPY' to be null.
	    at <Jasmine>
	    at apply (src/app/modules/health-tracker/pages/mood-tracker/mood-tracker.component.spec.ts:122:53)
	    at apply (node_modules/zone.js/fesm2015/zone.js:1486:27)
	    at _ZoneDelegate.invokeTask (node_modules/zone.js/fesm2015/zone.js:386:171)
	    at _ProxyZoneSpec.onInvokeTask (node_modules/zone.js/fesm2015/zone-testing.js:984:33)
Chrome Headless 146.0.0.0 (Windows 10): Executed 78 of 175[31m (22 FAILED)[39m (0 secs / 1.291 secs)
[1A[2K[31mChrome Headless 146.0.0.0 (Windows 10) MoodTrackerComponent should handle form submission with valid data FAILED[39m
	Expected false to be true.
	    at <Jasmine>
	    at UserContext.apply (src/app/modules/health-tracker/pages/mood-tracker/mood-tracker.component.spec.ts:70:33)
	    at _ZoneDelegate.invoke (node_modules/zone.js/fesm2015/zone.js:360:158)
	    at _ProxyZoneSpec.onInvoke (node_modules/zone.js/fesm2015/zone-testing.js:956:33)
	    at _ZoneDelegate.invoke (node_modules/zone.js/fesm2015/zone.js:360:46)
Chrome Headless 146.0.0.0 (Windows 10): Executed 79 of 175[31m (23 FAILED)[39m (0 secs / 1.303 secs)
[1A[2KChrome Headless 146.0.0.0 (Windows 10): Executed 80 of 175[31m (23 FAILED)[39m (0 secs / 1.313 secs)
[1A[2KChrome Headless 146.0.0.0 (Windows 10): Executed 81 of 175[31m (23 FAILED)[39m (0 secs / 1.323 secs)
[1A[2KChrome Headless 146.0.0.0 (Windows 10): Executed 82 of 175[31m (23 FAILED)[39m (0 secs / 1.333 secs)
[1A[2KChrome Headless 146.0.0.0 (Windows 10): Executed 83 of 175[31m (23 FAILED)[39m (0 secs / 1.342 secs)
[1A[2KChrome Headless 146.0.0.0 (Windows 10): Executed 84 of 175[31m (23 FAILED)[39m (0 secs / 1.354 secs)
[1A[2KChrome Headless 146.0.0.0 (Windows 10): Executed 85 of 175[31m (23 FAILED)[39m (0 secs / 1.359 secs)
[1A[2K[31mChrome Headless 146.0.0.0 (Windows 10) AppointmentService should get my appointments FAILED[39m
	Error: Expected one matching request for criteria "Match by function: ", found none. Requests received are: GET http://localhost:8089/MediCareAI/appointments/me.
	    at HttpClientTestingBackend.expectOne (node_modules/@angular/common/fesm2022/http-testing.mjs:196:13)
	    at UserContext.apply (src/app/shared/services/appointment.service.spec.ts:62:26)
	    at _ZoneDelegate.invoke (node_modules/zone.js/fesm2015/zone.js:360:158)
	    at _ProxyZoneSpec.onInvoke (node_modules/zone.js/fesm2015/zone-testing.js:956:33)
	    at _ZoneDelegate.invoke (node_modules/zone.js/fesm2015/zone.js:360:46)
	    at _ZoneImpl.run (node_modules/zone.js/fesm2015/zone.js:127:35)
	    at runInTestZone (node_modules/zone.js/fesm2015/zone-testing.js:192:30)
	    at UserContext.<anonymous> (node_modules/zone.js/fesm2015/zone-testing.js:199:16)
	    at <Jasmine>
Chrome Headless 146.0.0.0 (Windows 10): Executed 86 of 175[31m (24 FAILED)[39m (0 secs / 1.362 secs)
[1A[2KChrome Headless 146.0.0.0 (Windows 10): Executed 87 of 175[31m (24 FAILED)[39m (0 secs / 1.365 secs)
[1A[2KChrome Headless 146.0.0.0 (Windows 10): Executed 88 of 175[31m (24 FAILED)[39m (0 secs / 1.369 secs)
[1A[2KChrome Headless 146.0.0.0 (Windows 10): Executed 89 of 175[31m (24 FAILED)[39m (0 secs / 1.372 secs)
[1A[2KChrome Headless 146.0.0.0 (Windows 10): Executed 90 of 175[31m (24 FAILED)[39m (0 secs / 1.376 secs)
[1A[2KChrome Headless 146.0.0.0 (Windows 10): Executed 91 of 175[31m (24 FAILED)[39m (0 secs / 1.38 secs)
[1A[2KChrome Headless 146.0.0.0 (Windows 10): Executed 92 of 175[31m (24 FAILED)[39m (0 secs / 1.384 secs)
[1A[2KChrome Headless 146.0.0.0 (Windows 10): Executed 93 of 175[31m (24 FAILED)[39m (0 secs / 1.423 secs)
[1A[2KChrome Headless 146.0.0.0 (Windows 10): Executed 94 of 175[31m (24 FAILED)[39m (0 secs / 1.435 secs)
[1A[2KChrome Headless 146.0.0.0 (Windows 10): Executed 95 of 175[31m (24 FAILED)[39m (0 secs / 1.443 secs)
[1A[2KChrome Headless 146.0.0.0 (Windows 10): Executed 96 of 175[31m (24 FAILED)[39m (0 secs / 1.454 secs)
[1A[2KChrome Headless 146.0.0.0 (Windows 10): Executed 97 of 175[31m (24 FAILED)[39m (0 secs / 1.468 secs)
[1A[2KChrome Headless 146.0.0.0 (Windows 10): Executed 98 of 175[31m (24 FAILED)[39m (0 secs / 1.481 secs)
[1A[2KChrome Headless 146.0.0.0 (Windows 10): Executed 99 of 175[31m (24 FAILED)[39m (0 secs / 1.494 secs)
[1A[2KChrome Headless 146.0.0.0 (Windows 10): Executed 100 of 175[31m (24 FAILED)[39m (0 secs / 1.506 secs)
[1A[2KChrome Headless 146.0.0.0 (Windows 10): Executed 101 of 175[31m (24 FAILED)[39m (0 secs / 1.517 secs)
[1A[2KChrome Headless 146.0.0.0 (Windows 10): Executed 102 of 175[31m (24 FAILED)[39m (0 secs / 1.528 secs)
[1A[2KChrome Headless 146.0.0.0 (Windows 10): Executed 103 of 175[31m (24 FAILED)[39m (0 secs / 1.639 secs)
[1A[2K[31mChrome Headless 146.0.0.0 (Windows 10) HealthTrackerComponent should detect changes after initialization FAILED[39m
	╔ÁNotFound: NG0201: No provider found for `ActivatedRoute`. Source: Standalone[HealthTrackerComponent]. Find more at https://v21.angular.dev/errors/NG0201
	error properties: Object({ code: -201, ngErrorCode: -201, ngErrorMessage: 'No provider found for `ActivatedRoute`.', ngTokenPath: [ 'ActivatedRoute' ] })
	╔ÁNotFound: NG0201: No provider found for `ActivatedRoute`. Source: Standalone[HealthTrackerComponent]. Find more at https://v21.angular.dev/errors/NG0201
	    at createRuntimeError (node_modules/@angular/core/fesm2022/_untracked-chunk.mjs:600:17)
	    at NullInjector.get (node_modules/@angular/core/fesm2022/_untracked-chunk.mjs:881:21)
	    at R3Injector.get (node_modules/@angular/core/fesm2022/_untracked-chunk.mjs:1206:27)
	    at R3Injector.get (node_modules/@angular/core/fesm2022/_untracked-chunk.mjs:1206:27)
	    at R3Injector.get (node_modules/@angular/core/fesm2022/_untracked-chunk.mjs:1206:27)
	    at ChainedInjector.get (node_modules/@angular/core/fesm2022/_debug_node-chunk.mjs:7507:32)
	    at lookupTokenUsingModuleInjector (node_modules/@angular/core/fesm2022/_debug_node-chunk.mjs:890:31)
	    at getOrCreateInjectable (node_modules/@angular/core/fesm2022/_debug_node-chunk.mjs:913:10)
	    at Module.╔Á╔ÁdirectiveInject (node_modules/@angular/core/fesm2022/_debug_node-chunk.mjs:7541:17)
	    at NodeInjectorFactory.RouterLink_Factory [as factory] (node_modules/@angular/router/fesm2022/_router_module-chunk.mjs:161:17)
Chrome Headless 146.0.0.0 (Windows 10): Executed 104 of 175[31m (25 FAILED)[39m (0 secs / 1.659 secs)
[1A[2K[31mChrome Headless 146.0.0.0 (Windows 10) HealthTrackerComponent should use RouterLink FAILED[39m
	╔ÁNotFound: NG0201: No provider found for `ActivatedRoute`. Source: Standalone[HealthTrackerComponent]. Find more at https://v21.angular.dev/errors/NG0201
	error properties: Object({ code: -201, ngErrorCode: -201, ngErrorMessage: 'No provider found for `ActivatedRoute`.', ngTokenPath: [ 'ActivatedRoute' ] })
	╔ÁNotFound: NG0201: No provider found for `ActivatedRoute`. Source: Standalone[HealthTrackerComponent]. Find more at https://v21.angular.dev/errors/NG0201
	    at createRuntimeError (node_modules/@angular/core/fesm2022/_untracked-chunk.mjs:600:17)
	    at NullInjector.get (node_modules/@angular/core/fesm2022/_untracked-chunk.mjs:881:21)
	    at R3Injector.get (node_modules/@angular/core/fesm2022/_untracked-chunk.mjs:1206:27)
	    at R3Injector.get (node_modules/@angular/core/fesm2022/_untracked-chunk.mjs:1206:27)
	    at R3Injector.get (node_modules/@angular/core/fesm2022/_untracked-chunk.mjs:1206:27)
	    at ChainedInjector.get (node_modules/@angular/core/fesm2022/_debug_node-chunk.mjs:7507:32)
	    at lookupTokenUsingModuleInjector (node_modules/@angular/core/fesm2022/_debug_node-chunk.mjs:890:31)
	    at getOrCreateInjectable (node_modules/@angular/core/fesm2022/_debug_node-chunk.mjs:913:10)
	    at Module.╔Á╔ÁdirectiveInject (node_modules/@angular/core/fesm2022/_debug_node-chunk.mjs:7541:17)
	    at NodeInjectorFactory.RouterLink_Factory [as factory] (node_modules/@angular/router/fesm2022/_router_module-chunk.mjs:161:17)
Chrome Headless 146.0.0.0 (Windows 10): Executed 105 of 175[31m (26 FAILED)[39m (0 secs / 1.665 secs)
[1A[2K[31mChrome Headless 146.0.0.0 (Windows 10) HealthTrackerComponent should create FAILED[39m
	╔ÁNotFound: NG0201: No provider found for `ActivatedRoute`. Source: Standalone[HealthTrackerComponent]. Find more at https://v21.angular.dev/errors/NG0201
	error properties: Object({ code: -201, ngErrorCode: -201, ngErrorMessage: 'No provider found for `ActivatedRoute`.', ngTokenPath: [ 'ActivatedRoute' ] })
	╔ÁNotFound: NG0201: No provider found for `ActivatedRoute`. Source: Standalone[HealthTrackerComponent]. Find more at https://v21.angular.dev/errors/NG0201
	    at createRuntimeError (node_modules/@angular/core/fesm2022/_untracked-chunk.mjs:600:17)
	    at NullInjector.get (node_modules/@angular/core/fesm2022/_untracked-chunk.mjs:881:21)
	    at R3Injector.get (node_modules/@angular/core/fesm2022/_untracked-chunk.mjs:1206:27)
	    at R3Injector.get (node_modules/@angular/core/fesm2022/_untracked-chunk.mjs:1206:27)
	    at R3Injector.get (node_modules/@angular/core/fesm2022/_untracked-chunk.mjs:1206:27)
	    at ChainedInjector.get (node_modules/@angular/core/fesm2022/_debug_node-chunk.mjs:7507:32)
	    at lookupTokenUsingModuleInjector (node_modules/@angular/core/fesm2022/_debug_node-chunk.mjs:890:31)
	    at getOrCreateInjectable (node_modules/@angular/core/fesm2022/_debug_node-chunk.mjs:913:10)
	    at Module.╔Á╔ÁdirectiveInject (node_modules/@angular/core/fesm2022/_debug_node-chunk.mjs:7541:17)
	    at NodeInjectorFactory.RouterLink_Factory [as factory] (node_modules/@angular/router/fesm2022/_router_module-chunk.mjs:161:17)
Chrome Headless 146.0.0.0 (Windows 10): Executed 106 of 175[31m (27 FAILED)[39m (0 secs / 1.671 secs)
[1A[2K[31mChrome Headless 146.0.0.0 (Windows 10) HealthTrackerComponent should render template successfully FAILED[39m
	╔ÁNotFound: NG0201: No provider found for `ActivatedRoute`. Source: Standalone[HealthTrackerComponent]. Find more at https://v21.angular.dev/errors/NG0201
	error properties: Object({ code: -201, ngErrorCode: -201, ngErrorMessage: 'No provider found for `ActivatedRoute`.', ngTokenPath: [ 'ActivatedRoute' ] })
	╔ÁNotFound: NG0201: No provider found for `ActivatedRoute`. Source: Standalone[HealthTrackerComponent]. Find more at https://v21.angular.dev/errors/NG0201
	    at createRuntimeError (node_modules/@angular/core/fesm2022/_untracked-chunk.mjs:600:17)
	    at NullInjector.get (node_modules/@angular/core/fesm2022/_untracked-chunk.mjs:881:21)
	    at R3Injector.get (node_modules/@angular/core/fesm2022/_untracked-chunk.mjs:1206:27)
	    at R3Injector.get (node_modules/@angular/core/fesm2022/_untracked-chunk.mjs:1206:27)
	    at R3Injector.get (node_modules/@angular/core/fesm2022/_untracked-chunk.mjs:1206:27)
	    at ChainedInjector.get (node_modules/@angular/core/fesm2022/_debug_node-chunk.mjs:7507:32)
	    at lookupTokenUsingModuleInjector (node_modules/@angular/core/fesm2022/_debug_node-chunk.mjs:890:31)
	    at getOrCreateInjectable (node_modules/@angular/core/fesm2022/_debug_node-chunk.mjs:913:10)
	    at Module.╔Á╔ÁdirectiveInject (node_modules/@angular/core/fesm2022/_debug_node-chunk.mjs:7541:17)
	    at NodeInjectorFactory.RouterLink_Factory [as factory] (node_modules/@angular/router/fesm2022/_router_module-chunk.mjs:161:17)
Chrome Headless 146.0.0.0 (Windows 10): Executed 107 of 175[31m (28 FAILED)[39m (0 secs / 1.677 secs)
[1A[2K[31mChrome Headless 146.0.0.0 (Windows 10) HealthTrackerComponent should initialize with standalone component FAILED[39m
	╔ÁNotFound: NG0201: No provider found for `ActivatedRoute`. Source: Standalone[HealthTrackerComponent]. Find more at https://v21.angular.dev/errors/NG0201
	error properties: Object({ code: -201, ngErrorCode: -201, ngErrorMessage: 'No provider found for `ActivatedRoute`.', ngTokenPath: [ 'ActivatedRoute' ] })
	╔ÁNotFound: NG0201: No provider found for `ActivatedRoute`. Source: Standalone[HealthTrackerComponent]. Find more at https://v21.angular.dev/errors/NG0201
	    at createRuntimeError (node_modules/@angular/core/fesm2022/_untracked-chunk.mjs:600:17)
	    at NullInjector.get (node_modules/@angular/core/fesm2022/_untracked-chunk.mjs:881:21)
	    at R3Injector.get (node_modules/@angular/core/fesm2022/_untracked-chunk.mjs:1206:27)
	    at R3Injector.get (node_modules/@angular/core/fesm2022/_untracked-chunk.mjs:1206:27)
	    at R3Injector.get (node_modules/@angular/core/fesm2022/_untracked-chunk.mjs:1206:27)
	    at ChainedInjector.get (node_modules/@angular/core/fesm2022/_debug_node-chunk.mjs:7507:32)
	    at lookupTokenUsingModuleInjector (node_modules/@angular/core/fesm2022/_debug_node-chunk.mjs:890:31)
	    at getOrCreateInjectable (node_modules/@angular/core/fesm2022/_debug_node-chunk.mjs:913:10)
	    at Module.╔Á╔ÁdirectiveInject (node_modules/@angular/core/fesm2022/_debug_node-chunk.mjs:7541:17)
	    at NodeInjectorFactory.RouterLink_Factory [as factory] (node_modules/@angular/router/fesm2022/_router_module-chunk.mjs:161:17)
Chrome Headless 146.0.0.0 (Windows 10): Executed 108 of 175[31m (29 FAILED)[39m (0 secs / 1.683 secs)
[1A[2K[31mChrome Headless 146.0.0.0 (Windows 10) HealthTrackerComponent should be standalone component FAILED[39m
	╔ÁNotFound: NG0201: No provider found for `ActivatedRoute`. Source: Standalone[HealthTrackerComponent]. Find more at https://v21.angular.dev/errors/NG0201
	error properties: Object({ code: -201, ngErrorCode: -201, ngErrorMessage: 'No provider found for `ActivatedRoute`.', ngTokenPath: [ 'ActivatedRoute' ] })
	╔ÁNotFound: NG0201: No provider found for `ActivatedRoute`. Source: Standalone[HealthTrackerComponent]. Find more at https://v21.angular.dev/errors/NG0201
	    at createRuntimeError (node_modules/@angular/core/fesm2022/_untracked-chunk.mjs:600:17)
	    at NullInjector.get (node_modules/@angular/core/fesm2022/_untracked-chunk.mjs:881:21)
	    at R3Injector.get (node_modules/@angular/core/fesm2022/_untracked-chunk.mjs:1206:27)
	    at R3Injector.get (node_modules/@angular/core/fesm2022/_untracked-chunk.mjs:1206:27)
	    at R3Injector.get (node_modules/@angular/core/fesm2022/_untracked-chunk.mjs:1206:27)
	    at ChainedInjector.get (node_modules/@angular/core/fesm2022/_debug_node-chunk.mjs:7507:32)
	    at lookupTokenUsingModuleInjector (node_modules/@angular/core/fesm2022/_debug_node-chunk.mjs:890:31)
	    at getOrCreateInjectable (node_modules/@angular/core/fesm2022/_debug_node-chunk.mjs:913:10)
	    at Module.╔Á╔ÁdirectiveInject (node_modules/@angular/core/fesm2022/_debug_node-chunk.mjs:7541:17)
	    at NodeInjectorFactory.RouterLink_Factory [as factory] (node_modules/@angular/router/fesm2022/_router_module-chunk.mjs:161:17)
Chrome Headless 146.0.0.0 (Windows 10): Executed 109 of 175[31m (30 FAILED)[39m (0 secs / 1.689 secs)
[1A[2K[31mChrome Headless 146.0.0.0 (Windows 10) HealthTrackerComponent should render with correct selector FAILED[39m
	╔ÁNotFound: NG0201: No provider found for `ActivatedRoute`. Source: Standalone[HealthTrackerComponent]. Find more at https://v21.angular.dev/errors/NG0201
	error properties: Object({ code: -201, ngErrorCode: -201, ngErrorMessage: 'No provider found for `ActivatedRoute`.', ngTokenPath: [ 'ActivatedRoute' ] })
	╔ÁNotFound: NG0201: No provider found for `ActivatedRoute`. Source: Standalone[HealthTrackerComponent]. Find more at https://v21.angular.dev/errors/NG0201
	    at createRuntimeError (node_modules/@angular/core/fesm2022/_untracked-chunk.mjs:600:17)
	    at NullInjector.get (node_modules/@angular/core/fesm2022/_untracked-chunk.mjs:881:21)
	    at R3Injector.get (node_modules/@angular/core/fesm2022/_untracked-chunk.mjs:1206:27)
	    at R3Injector.get (node_modules/@angular/core/fesm2022/_untracked-chunk.mjs:1206:27)
	    at R3Injector.get (node_modules/@angular/core/fesm2022/_untracked-chunk.mjs:1206:27)
	    at ChainedInjector.get (node_modules/@angular/core/fesm2022/_debug_node-chunk.mjs:7507:32)
	    at lookupTokenUsingModuleInjector (node_modules/@angular/core/fesm2022/_debug_node-chunk.mjs:890:31)
	    at getOrCreateInjectable (node_modules/@angular/core/fesm2022/_debug_node-chunk.mjs:913:10)
	    at Module.╔Á╔ÁdirectiveInject (node_modules/@angular/core/fesm2022/_debug_node-chunk.mjs:7541:17)
	    at NodeInjectorFactory.RouterLink_Factory [as factory] (node_modules/@angular/router/fesm2022/_router_module-chunk.mjs:161:17)
Chrome Headless 146.0.0.0 (Windows 10): Executed 110 of 175[31m (31 FAILED)[39m (0 secs / 1.696 secs)
[1A[2K[31mChrome Headless 146.0.0.0 (Windows 10) HealthTrackerComponent should handle component lifecycle FAILED[39m
	╔ÁNotFound: NG0201: No provider found for `ActivatedRoute`. Source: Standalone[HealthTrackerComponent]. Find more at https://v21.angular.dev/errors/NG0201
	error properties: Object({ code: -201, ngErrorCode: -201, ngErrorMessage: 'No provider found for `ActivatedRoute`.', ngTokenPath: [ 'ActivatedRoute' ] })
	╔ÁNotFound: NG0201: No provider found for `ActivatedRoute`. Source: Standalone[HealthTrackerComponent]. Find more at https://v21.angular.dev/errors/NG0201
	    at createRuntimeError (node_modules/@angular/core/fesm2022/_untracked-chunk.mjs:600:17)
	    at NullInjector.get (node_modules/@angular/core/fesm2022/_untracked-chunk.mjs:881:21)
	    at R3Injector.get (node_modules/@angular/core/fesm2022/_untracked-chunk.mjs:1206:27)
	    at R3Injector.get (node_modules/@angular/core/fesm2022/_untracked-chunk.mjs:1206:27)
	    at R3Injector.get (node_modules/@angular/core/fesm2022/_untracked-chunk.mjs:1206:27)
	    at ChainedInjector.get (node_modules/@angular/core/fesm2022/_debug_node-chunk.mjs:7507:32)
	    at lookupTokenUsingModuleInjector (node_modules/@angular/core/fesm2022/_debug_node-chunk.mjs:890:31)
	    at getOrCreateInjectable (node_modules/@angular/core/fesm2022/_debug_node-chunk.mjs:913:10)
	    at Module.╔Á╔ÁdirectiveInject (node_modules/@angular/core/fesm2022/_debug_node-chunk.mjs:7541:17)
	    at NodeInjectorFactory.RouterLink_Factory [as factory] (node_modules/@angular/router/fesm2022/_router_module-chunk.mjs:161:17)
Chrome Headless 146.0.0.0 (Windows 10): Executed 111 of 175[31m (32 FAILED)[39m (0 secs / 1.702 secs)
[1A[2K[31mChrome Headless 146.0.0.0 (Windows 10) HealthTrackerComponent should use CommonModule FAILED[39m
	╔ÁNotFound: NG0201: No provider found for `ActivatedRoute`. Source: Standalone[HealthTrackerComponent]. Find more at https://v21.angular.dev/errors/NG0201
	error properties: Object({ code: -201, ngErrorCode: -201, ngErrorMessage: 'No provider found for `ActivatedRoute`.', ngTokenPath: [ 'ActivatedRoute' ] })
	╔ÁNotFound: NG0201: No provider found for `ActivatedRoute`. Source: Standalone[HealthTrackerComponent]. Find more at https://v21.angular.dev/errors/NG0201
	    at createRuntimeError (node_modules/@angular/core/fesm2022/_untracked-chunk.mjs:600:17)
	    at NullInjector.get (node_modules/@angular/core/fesm2022/_untracked-chunk.mjs:881:21)
	    at R3Injector.get (node_modules/@angular/core/fesm2022/_untracked-chunk.mjs:1206:27)
	    at R3Injector.get (node_modules/@angular/core/fesm2022/_untracked-chunk.mjs:1206:27)
	    at R3Injector.get (node_modules/@angular/core/fesm2022/_untracked-chunk.mjs:1206:27)
	    at ChainedInjector.get (node_modules/@angular/core/fesm2022/_debug_node-chunk.mjs:7507:32)
	    at lookupTokenUsingModuleInjector (node_modules/@angular/core/fesm2022/_debug_node-chunk.mjs:890:31)
	    at getOrCreateInjectable (node_modules/@angular/core/fesm2022/_debug_node-chunk.mjs:913:10)
	    at Module.╔Á╔ÁdirectiveInject (node_modules/@angular/core/fesm2022/_debug_node-chunk.mjs:7541:17)
	    at NodeInjectorFactory.RouterLink_Factory [as factory] (node_modules/@angular/router/fesm2022/_router_module-chunk.mjs:161:17)
Chrome Headless 146.0.0.0 (Windows 10): Executed 112 of 175[31m (33 FAILED)[39m (0 secs / 1.709 secs)
[1A[2K[31mChrome Headless 146.0.0.0 (Windows 10) ActivityTrackerComponent should reject negative or zero duration FAILED[39m
	TypeError: this.healthTrackerService.getActivityHistory is not a function
	    at ActivityTrackerComponent.loadActivityHistory (src/app/modules/health-tracker/pages/activity-tracker/activity-tracker.component.ts:59:31)
	    at ActivityTrackerComponent.call [as ngOnInit] (src/app/modules/health-tracker/pages/activity-tracker/activity-tracker.component.ts:43:10)
	    at callHookInternal (node_modules/@angular/core/fesm2022/_debug_node-chunk.mjs:555:10)
	    at callHook (node_modules/@angular/core/fesm2022/_debug_node-chunk.mjs:570:7)
	    at callHooks (node_modules/@angular/core/fesm2022/_debug_node-chunk.mjs:544:9)
	    at executeInitAndCheckHooks (node_modules/@angular/core/fesm2022/_debug_node-chunk.mjs:513:5)
	    at refreshView (node_modules/@angular/core/fesm2022/_debug_node-chunk.mjs:5530:11)
	    at detectChangesInView (node_modules/@angular/core/fesm2022/_debug_node-chunk.mjs:5658:5)
	    at detectChangesInViewWhileDirty (node_modules/@angular/core/fesm2022/_debug_node-chunk.mjs:5467:5)
	    at detectChangesInternal (node_modules/@angular/core/fesm2022/_debug_node-chunk.mjs:5456:5)
Chrome Headless 146.0.0.0 (Windows 10): Executed 113 of 175[31m (34 FAILED)[39m (0 secs / 1.747 secs)
[1A[2K[31mChrome Headless 146.0.0.0 (Windows 10) ActivityTrackerComponent should have activity type options FAILED[39m
	TypeError: this.healthTrackerService.getActivityHistory is not a function
	    at ActivityTrackerComponent.loadActivityHistory (src/app/modules/health-tracker/pages/activity-tracker/activity-tracker.component.ts:59:31)
	    at ActivityTrackerComponent.call [as ngOnInit] (src/app/modules/health-tracker/pages/activity-tracker/activity-tracker.component.ts:43:10)
	    at callHookInternal (node_modules/@angular/core/fesm2022/_debug_node-chunk.mjs:555:10)
	    at callHook (node_modules/@angular/core/fesm2022/_debug_node-chunk.mjs:570:7)
	    at callHooks (node_modules/@angular/core/fesm2022/_debug_node-chunk.mjs:544:9)
	    at executeInitAndCheckHooks (node_modules/@angular/core/fesm2022/_debug_node-chunk.mjs:513:5)
	    at refreshView (node_modules/@angular/core/fesm2022/_debug_node-chunk.mjs:5530:11)
	    at detectChangesInView (node_modules/@angular/core/fesm2022/_debug_node-chunk.mjs:5658:5)
	    at detectChangesInViewWhileDirty (node_modules/@angular/core/fesm2022/_debug_node-chunk.mjs:5467:5)
	    at detectChangesInternal (node_modules/@angular/core/fesm2022/_debug_node-chunk.mjs:5456:5)
Chrome Headless 146.0.0.0 (Windows 10): Executed 114 of 175[31m (35 FAILED)[39m (0 secs / 1.758 secs)
[1A[2K[31mChrome Headless 146.0.0.0 (Windows 10) ActivityTrackerComponent should have intensity level options FAILED[39m
	TypeError: this.healthTrackerService.getActivityHistory is not a function
	    at ActivityTrackerComponent.loadActivityHistory (src/app/modules/health-tracker/pages/activity-tracker/activity-tracker.component.ts:59:31)
	    at ActivityTrackerComponent.call [as ngOnInit] (src/app/modules/health-tracker/pages/activity-tracker/activity-tracker.component.ts:43:10)
	    at callHookInternal (node_modules/@angular/core/fesm2022/_debug_node-chunk.mjs:555:10)
	    at callHook (node_modules/@angular/core/fesm2022/_debug_node-chunk.mjs:570:7)
	    at callHooks (node_modules/@angular/core/fesm2022/_debug_node-chunk.mjs:544:9)
	    at executeInitAndCheckHooks (node_modules/@angular/core/fesm2022/_debug_node-chunk.mjs:513:5)
	    at refreshView (node_modules/@angular/core/fesm2022/_debug_node-chunk.mjs:5530:11)
	    at detectChangesInView (node_modules/@angular/core/fesm2022/_debug_node-chunk.mjs:5658:5)
	    at detectChangesInViewWhileDirty (node_modules/@angular/core/fesm2022/_debug_node-chunk.mjs:5467:5)
	    at detectChangesInternal (node_modules/@angular/core/fesm2022/_debug_node-chunk.mjs:5456:5)
Chrome Headless 146.0.0.0 (Windows 10): Executed 115 of 175[31m (36 FAILED)[39m (0 secs / 1.769 secs)
[1A[2K[31mChrome Headless 146.0.0.0 (Windows 10) ActivityTrackerComponent should initialize form with default values FAILED[39m
	TypeError: this.healthTrackerService.getActivityHistory is not a function
	    at ActivityTrackerComponent.loadActivityHistory (src/app/modules/health-tracker/pages/activity-tracker/activity-tracker.component.ts:59:31)
	    at ActivityTrackerComponent.call [as ngOnInit] (src/app/modules/health-tracker/pages/activity-tracker/activity-tracker.component.ts:43:10)
	    at callHookInternal (node_modules/@angular/core/fesm2022/_debug_node-chunk.mjs:555:10)
	    at callHook (node_modules/@angular/core/fesm2022/_debug_node-chunk.mjs:570:7)
	    at callHooks (node_modules/@angular/core/fesm2022/_debug_node-chunk.mjs:544:9)
	    at executeInitAndCheckHooks (node_modules/@angular/core/fesm2022/_debug_node-chunk.mjs:513:5)
	    at refreshView (node_modules/@angular/core/fesm2022/_debug_node-chunk.mjs:5530:11)
	    at detectChangesInView (node_modules/@angular/core/fesm2022/_debug_node-chunk.mjs:5658:5)
	    at detectChangesInViewWhileDirty (node_modules/@angular/core/fesm2022/_debug_node-chunk.mjs:5467:5)
	    at detectChangesInternal (node_modules/@angular/core/fesm2022/_debug_node-chunk.mjs:5456:5)
Chrome Headless 146.0.0.0 (Windows 10): Executed 116 of 175[31m (37 FAILED)[39m (0 secs / 1.781 secs)
[1A[2K[31mChrome Headless 146.0.0.0 (Windows 10) ActivityTrackerComponent should reset form after successful submission FAILED[39m
	TypeError: this.healthTrackerService.getActivityHistory is not a function
	    at ActivityTrackerComponent.loadActivityHistory (src/app/modules/health-tracker/pages/activity-tracker/activity-tracker.component.ts:59:31)
	    at ActivityTrackerComponent.call [as ngOnInit] (src/app/modules/health-tracker/pages/activity-tracker/activity-tracker.component.ts:43:10)
	    at callHookInternal (node_modules/@angular/core/fesm2022/_debug_node-chunk.mjs:555:10)
	    at callHook (node_modules/@angular/core/fesm2022/_debug_node-chunk.mjs:570:7)
	    at callHooks (node_modules/@angular/core/fesm2022/_debug_node-chunk.mjs:544:9)
	    at executeInitAndCheckHooks (node_modules/@angular/core/fesm2022/_debug_node-chunk.mjs:513:5)
	    at refreshView (node_modules/@angular/core/fesm2022/_debug_node-chunk.mjs:5530:11)
	    at detectChangesInView (node_modules/@angular/core/fesm2022/_debug_node-chunk.mjs:5658:5)
	    at detectChangesInViewWhileDirty (node_modules/@angular/core/fesm2022/_debug_node-chunk.mjs:5467:5)
	    at detectChangesInternal (node_modules/@angular/core/fesm2022/_debug_node-chunk.mjs:5456:5)
Chrome Headless 146.0.0.0 (Windows 10): Executed 117 of 175[31m (38 FAILED)[39m (0 secs / 1.798 secs)
[1A[2K[31mChrome Headless 146.0.0.0 (Windows 10) ActivityTrackerComponent should load activity history on init FAILED[39m
	TypeError: this.healthTrackerService.getActivityHistory is not a function
	    at ActivityTrackerComponent.loadActivityHistory (src/app/modules/health-tracker/pages/activity-tracker/activity-tracker.component.ts:59:31)
	    at ActivityTrackerComponent.call [as ngOnInit] (src/app/modules/health-tracker/pages/activity-tracker/activity-tracker.component.ts:43:10)
	    at callHookInternal (node_modules/@angular/core/fesm2022/_debug_node-chunk.mjs:555:10)
	    at callHook (node_modules/@angular/core/fesm2022/_debug_node-chunk.mjs:570:7)
	    at callHooks (node_modules/@angular/core/fesm2022/_debug_node-chunk.mjs:544:9)
	    at executeInitAndCheckHooks (node_modules/@angular/core/fesm2022/_debug_node-chunk.mjs:513:5)
	    at refreshView (node_modules/@angular/core/fesm2022/_debug_node-chunk.mjs:5530:11)
	    at detectChangesInView (node_modules/@angular/core/fesm2022/_debug_node-chunk.mjs:5658:5)
	    at detectChangesInViewWhileDirty (node_modules/@angular/core/fesm2022/_debug_node-chunk.mjs:5467:5)
	    at detectChangesInternal (node_modules/@angular/core/fesm2022/_debug_node-chunk.mjs:5456:5)
Chrome Headless 146.0.0.0 (Windows 10): Executed 118 of 175[31m (39 FAILED)[39m (0 secs / 1.807 secs)
[1A[2K[31mChrome Headless 146.0.0.0 (Windows 10) ActivityTrackerComponent should not submit form with invalid data FAILED[39m
	TypeError: this.healthTrackerService.getActivityHistory is not a function
	    at ActivityTrackerComponent.loadActivityHistory (src/app/modules/health-tracker/pages/activity-tracker/activity-tracker.component.ts:59:31)
	    at ActivityTrackerComponent.call [as ngOnInit] (src/app/modules/health-tracker/pages/activity-tracker/activity-tracker.component.ts:43:10)
	    at callHookInternal (node_modules/@angular/core/fesm2022/_debug_node-chunk.mjs:555:10)
	    at callHook (node_modules/@angular/core/fesm2022/_debug_node-chunk.mjs:570:7)
	    at callHooks (node_modules/@angular/core/fesm2022/_debug_node-chunk.mjs:544:9)
	    at executeInitAndCheckHooks (node_modules/@angular/core/fesm2022/_debug_node-chunk.mjs:513:5)
	    at refreshView (node_modules/@angular/core/fesm2022/_debug_node-chunk.mjs:5530:11)
	    at detectChangesInView (node_modules/@angular/core/fesm2022/_debug_node-chunk.mjs:5658:5)
	    at detectChangesInViewWhileDirty (node_modules/@angular/core/fesm2022/_debug_node-chunk.mjs:5467:5)
	    at detectChangesInternal (node_modules/@angular/core/fesm2022/_debug_node-chunk.mjs:5456:5)
Chrome Headless 146.0.0.0 (Windows 10): Executed 119 of 175[31m (40 FAILED)[39m (0 secs / 1.816 secs)
[1A[2KChrome Headless 146.0.0.0 (Windows 10): Executed 120 of 175[31m (40 FAILED)[39m (0 secs / 1.823 secs)
[1A[2K[31mChrome Headless 146.0.0.0 (Windows 10) ActivityTrackerComponent should handle form submission with valid data FAILED[39m
	TypeError: this.healthTrackerService.getActivityHistory is not a function
	    at ActivityTrackerComponent.loadActivityHistory (src/app/modules/health-tracker/pages/activity-tracker/activity-tracker.component.ts:59:31)
	    at ActivityTrackerComponent.call [as ngOnInit] (src/app/modules/health-tracker/pages/activity-tracker/activity-tracker.component.ts:43:10)
	    at callHookInternal (node_modules/@angular/core/fesm2022/_debug_node-chunk.mjs:555:10)
	    at callHook (node_modules/@angular/core/fesm2022/_debug_node-chunk.mjs:570:7)
	    at callHooks (node_modules/@angular/core/fesm2022/_debug_node-chunk.mjs:544:9)
	    at executeInitAndCheckHooks (node_modules/@angular/core/fesm2022/_debug_node-chunk.mjs:513:5)
	    at refreshView (node_modules/@angular/core/fesm2022/_debug_node-chunk.mjs:5530:11)
	    at detectChangesInView (node_modules/@angular/core/fesm2022/_debug_node-chunk.mjs:5658:5)
	    at detectChangesInViewWhileDirty (node_modules/@angular/core/fesm2022/_debug_node-chunk.mjs:5467:5)
	    at detectChangesInternal (node_modules/@angular/core/fesm2022/_debug_node-chunk.mjs:5456:5)
Chrome Headless 146.0.0.0 (Windows 10): Executed 121 of 175[31m (41 FAILED)[39m (0 secs / 1.833 secs)
[1A[2K[31mChrome Headless 146.0.0.0 (Windows 10) ActivityTrackerComponent should validate duration is positive FAILED[39m
	TypeError: this.healthTrackerService.getActivityHistory is not a function
	    at ActivityTrackerComponent.loadActivityHistory (src/app/modules/health-tracker/pages/activity-tracker/activity-tracker.component.ts:59:31)
	    at ActivityTrackerComponent.call [as ngOnInit] (src/app/modules/health-tracker/pages/activity-tracker/activity-tracker.component.ts:43:10)
	    at callHookInternal (node_modules/@angular/core/fesm2022/_debug_node-chunk.mjs:555:10)
	    at callHook (node_modules/@angular/core/fesm2022/_debug_node-chunk.mjs:570:7)
	    at callHooks (node_modules/@angular/core/fesm2022/_debug_node-chunk.mjs:544:9)
	    at executeInitAndCheckHooks (node_modules/@angular/core/fesm2022/_debug_node-chunk.mjs:513:5)
	    at refreshView (node_modules/@angular/core/fesm2022/_debug_node-chunk.mjs:5530:11)
	    at detectChangesInView (node_modules/@angular/core/fesm2022/_debug_node-chunk.mjs:5658:5)
	    at detectChangesInViewWhileDirty (node_modules/@angular/core/fesm2022/_debug_node-chunk.mjs:5467:5)
	    at detectChangesInternal (node_modules/@angular/core/fesm2022/_debug_node-chunk.mjs:5456:5)
Chrome Headless 146.0.0.0 (Windows 10): Executed 122 of 175[31m (42 FAILED)[39m (0 secs / 1.843 secs)
[1A[2K[31mChrome Headless 146.0.0.0 (Windows 10) ActivityTrackerComponent should handle service error FAILED[39m
	TypeError: this.healthTrackerService.getActivityHistory is not a function
	    at ActivityTrackerComponent.loadActivityHistory (src/app/modules/health-tracker/pages/activity-tracker/activity-tracker.component.ts:59:31)
	    at ActivityTrackerComponent.call [as ngOnInit] (src/app/modules/health-tracker/pages/activity-tracker/activity-tracker.component.ts:43:10)
	    at callHookInternal (node_modules/@angular/core/fesm2022/_debug_node-chunk.mjs:555:10)
	    at callHook (node_modules/@angular/core/fesm2022/_debug_node-chunk.mjs:570:7)
	    at callHooks (node_modules/@angular/core/fesm2022/_debug_node-chunk.mjs:544:9)
	    at executeInitAndCheckHooks (node_modules/@angular/core/fesm2022/_debug_node-chunk.mjs:513:5)
	    at refreshView (node_modules/@angular/core/fesm2022/_debug_node-chunk.mjs:5530:11)
	    at detectChangesInView (node_modules/@angular/core/fesm2022/_debug_node-chunk.mjs:5658:5)
	    at detectChangesInViewWhileDirty (node_modules/@angular/core/fesm2022/_debug_node-chunk.mjs:5467:5)
	    at detectChangesInternal (node_modules/@angular/core/fesm2022/_debug_node-chunk.mjs:5456:5)
Chrome Headless 146.0.0.0 (Windows 10): Executed 123 of 175[31m (43 FAILED)[39m (0 secs / 1.853 secs)
[1A[2KChrome Headless 146.0.0.0 (Windows 10): Executed 124 of 175[31m (43 FAILED)[39m (0 secs / 1.886 secs)
[1A[2KChrome Headless 146.0.0.0 (Windows 10): Executed 125 of 175[31m (43 FAILED)[39m (0 secs / 1.896 secs)
[1A[2KChrome Headless 146.0.0.0 (Windows 10): Executed 126 of 175[31m (43 FAILED)[39m (0 secs / 1.905 secs)
[1A[2KChrome Headless 146.0.0.0 (Windows 10): Executed 127 of 175[31m (43 FAILED)[39m (0 secs / 1.913 secs)
[1A[2KChrome Headless 146.0.0.0 (Windows 10): Executed 128 of 175[31m (43 FAILED)[39m (0 secs / 1.92 secs)
[1A[2KChrome Headless 146.0.0.0 (Windows 10): Executed 129 of 175[31m (43 FAILED)[39m (0 secs / 3.04 secs)
[1A[2KChrome Headless 146.0.0.0 (Windows 10): Executed 130 of 175[31m (43 FAILED)[39m (0 secs / 3.053 secs)
[1A[2KChrome Headless 146.0.0.0 (Windows 10): Executed 131 of 175[31m (43 FAILED)[39m (0 secs / 3.065 secs)
[1A[2KALERT: [36m'Share revoked successfully'[39m
Chrome Headless 146.0.0.0 (Windows 10): Executed 131 of 175[31m (43 FAILED)[39m (0 secs / 3.065 secs)
ALERT: 'Share revoked successfully'
[1A[2KChrome Headless 146.0.0.0 (Windows 10): Executed 132 of 175[31m (43 FAILED)[39m (0 secs / 3.081 secs)
[1A[2KChrome Headless 146.0.0.0 (Windows 10): Executed 133 of 175[31m (43 FAILED)[39m (0 secs / 3.092 secs)
[1A[2KChrome Headless 146.0.0.0 (Windows 10): Executed 134 of 175[31m (43 FAILED)[39m (0 secs / 3.102 secs)
[1A[2KChrome Headless 146.0.0.0 (Windows 10): Executed 135 of 175[31m (43 FAILED)[39m (0 secs / 3.113 secs)
[1A[2KChrome Headless 146.0.0.0 (Windows 10): Executed 136 of 175[31m (43 FAILED)[39m (0 secs / 3.122 secs)
[1A[2K[31mChrome Headless 146.0.0.0 (Windows 10) App should render title FAILED[39m
	Expected undefined to contain 'Hello, MediCareAIFront'.
	    at <Jasmine>
	    at UserContext.<anonymous> (src/app/app.spec.ts:27:55)
	    at Generator.next (<anonymous>)
	    at asyncGeneratorStep (node_modules/@babel/runtime/helpers/esm/asyncToGenerator.js:3:1)
	    at _next (node_modules/@babel/runtime/helpers/esm/asyncToGenerator.js:17:1)
Chrome Headless 146.0.0.0 (Windows 10): Executed 137 of 175[31m (44 FAILED)[39m (0 secs / 3.128 secs)
[1A[2K[31mChrome Headless 146.0.0.0 (Windows 10) SymptomAiComponent should handle component lifecycle FAILED[39m
	╔ÁNotFound: NG0201: No provider found for `ActivatedRoute`. Source: Standalone[SymptomAiComponent]. Find more at https://v21.angular.dev/errors/NG0201
	error properties: Object({ code: -201, ngErrorCode: -201, ngErrorMessage: 'No provider found for `ActivatedRoute`.', ngTokenPath: [ 'ActivatedRoute' ] })
	╔ÁNotFound: NG0201: No provider found for `ActivatedRoute`. Source: Standalone[SymptomAiComponent]. Find more at https://v21.angular.dev/errors/NG0201
	    at createRuntimeError (node_modules/@angular/core/fesm2022/_untracked-chunk.mjs:600:17)
	    at NullInjector.get (node_modules/@angular/core/fesm2022/_untracked-chunk.mjs:881:21)
	    at R3Injector.get (node_modules/@angular/core/fesm2022/_untracked-chunk.mjs:1206:27)
	    at R3Injector.get (node_modules/@angular/core/fesm2022/_untracked-chunk.mjs:1206:27)
	    at R3Injector.get (node_modules/@angular/core/fesm2022/_untracked-chunk.mjs:1206:27)
	    at ChainedInjector.get (node_modules/@angular/core/fesm2022/_debug_node-chunk.mjs:7507:32)
	    at lookupTokenUsingModuleInjector (node_modules/@angular/core/fesm2022/_debug_node-chunk.mjs:890:31)
	    at getOrCreateInjectable (node_modules/@angular/core/fesm2022/_debug_node-chunk.mjs:913:10)
	    at Module.╔Á╔ÁdirectiveInject (node_modules/@angular/core/fesm2022/_debug_node-chunk.mjs:7541:17)
	    at NodeInjectorFactory.RouterLink_Factory [as factory] (node_modules/@angular/router/fesm2022/_router_module-chunk.mjs:161:17)
Chrome Headless 146.0.0.0 (Windows 10): Executed 138 of 175[31m (45 FAILED)[39m (0 secs / 3.141 secs)
[1A[2K[31mChrome Headless 146.0.0.0 (Windows 10) SymptomAiComponent should initialize with standalone component FAILED[39m
	╔ÁNotFound: NG0201: No provider found for `ActivatedRoute`. Source: Standalone[SymptomAiComponent]. Find more at https://v21.angular.dev/errors/NG0201
	error properties: Object({ code: -201, ngErrorCode: -201, ngErrorMessage: 'No provider found for `ActivatedRoute`.', ngTokenPath: [ 'ActivatedRoute' ] })
	╔ÁNotFound: NG0201: No provider found for `ActivatedRoute`. Source: Standalone[SymptomAiComponent]. Find more at https://v21.angular.dev/errors/NG0201
	    at createRuntimeError (node_modules/@angular/core/fesm2022/_untracked-chunk.mjs:600:17)
	    at NullInjector.get (node_modules/@angular/core/fesm2022/_untracked-chunk.mjs:881:21)
	    at R3Injector.get (node_modules/@angular/core/fesm2022/_untracked-chunk.mjs:1206:27)
	    at R3Injector.get (node_modules/@angular/core/fesm2022/_untracked-chunk.mjs:1206:27)
	    at R3Injector.get (node_modules/@angular/core/fesm2022/_untracked-chunk.mjs:1206:27)
	    at ChainedInjector.get (node_modules/@angular/core/fesm2022/_debug_node-chunk.mjs:7507:32)
	    at lookupTokenUsingModuleInjector (node_modules/@angular/core/fesm2022/_debug_node-chunk.mjs:890:31)
	    at getOrCreateInjectable (node_modules/@angular/core/fesm2022/_debug_node-chunk.mjs:913:10)
	    at Module.╔Á╔ÁdirectiveInject (node_modules/@angular/core/fesm2022/_debug_node-chunk.mjs:7541:17)
	    at NodeInjectorFactory.RouterLink_Factory [as factory] (node_modules/@angular/router/fesm2022/_router_module-chunk.mjs:161:17)
Chrome Headless 146.0.0.0 (Windows 10): Executed 139 of 175[31m (46 FAILED)[39m (0 secs / 3.146 secs)
[1A[2K[31mChrome Headless 146.0.0.0 (Windows 10) SymptomAiComponent should be standalone component FAILED[39m
	╔ÁNotFound: NG0201: No provider found for `ActivatedRoute`. Source: Standalone[SymptomAiComponent]. Find more at https://v21.angular.dev/errors/NG0201
	error properties: Object({ code: -201, ngErrorCode: -201, ngErrorMessage: 'No provider found for `ActivatedRoute`.', ngTokenPath: [ 'ActivatedRoute' ] })
	╔ÁNotFound: NG0201: No provider found for `ActivatedRoute`. Source: Standalone[SymptomAiComponent]. Find more at https://v21.angular.dev/errors/NG0201
	    at createRuntimeError (node_modules/@angular/core/fesm2022/_untracked-chunk.mjs:600:17)
	    at NullInjector.get (node_modules/@angular/core/fesm2022/_untracked-chunk.mjs:881:21)
	    at R3Injector.get (node_modules/@angular/core/fesm2022/_untracked-chunk.mjs:1206:27)
	    at R3Injector.get (node_modules/@angular/core/fesm2022/_untracked-chunk.mjs:1206:27)
	    at R3Injector.get (node_modules/@angular/core/fesm2022/_untracked-chunk.mjs:1206:27)
	    at ChainedInjector.get (node_modules/@angular/core/fesm2022/_debug_node-chunk.mjs:7507:32)
	    at lookupTokenUsingModuleInjector (node_modules/@angular/core/fesm2022/_debug_node-chunk.mjs:890:31)
	    at getOrCreateInjectable (node_modules/@angular/core/fesm2022/_debug_node-chunk.mjs:913:10)
	    at Module.╔Á╔ÁdirectiveInject (node_modules/@angular/core/fesm2022/_debug_node-chunk.mjs:7541:17)
	    at NodeInjectorFactory.RouterLink_Factory [as factory] (node_modules/@angular/router/fesm2022/_router_module-chunk.mjs:161:17)
Chrome Headless 146.0.0.0 (Windows 10): Executed 140 of 175[31m (47 FAILED)[39m (0 secs / 3.151 secs)
[1A[2K[31mChrome Headless 146.0.0.0 (Windows 10) SymptomAiComponent should render template successfully FAILED[39m
	╔ÁNotFound: NG0201: No provider found for `ActivatedRoute`. Source: Standalone[SymptomAiComponent]. Find more at https://v21.angular.dev/errors/NG0201
	error properties: Object({ code: -201, ngErrorCode: -201, ngErrorMessage: 'No provider found for `ActivatedRoute`.', ngTokenPath: [ 'ActivatedRoute' ] })
	╔ÁNotFound: NG0201: No provider found for `ActivatedRoute`. Source: Standalone[SymptomAiComponent]. Find more at https://v21.angular.dev/errors/NG0201
	    at createRuntimeError (node_modules/@angular/core/fesm2022/_untracked-chunk.mjs:600:17)
	    at NullInjector.get (node_modules/@angular/core/fesm2022/_untracked-chunk.mjs:881:21)
	    at R3Injector.get (node_modules/@angular/core/fesm2022/_untracked-chunk.mjs:1206:27)
	    at R3Injector.get (node_modules/@angular/core/fesm2022/_untracked-chunk.mjs:1206:27)
	    at R3Injector.get (node_modules/@angular/core/fesm2022/_untracked-chunk.mjs:1206:27)
	    at ChainedInjector.get (node_modules/@angular/core/fesm2022/_debug_node-chunk.mjs:7507:32)
	    at lookupTokenUsingModuleInjector (node_modules/@angular/core/fesm2022/_debug_node-chunk.mjs:890:31)
	    at getOrCreateInjectable (node_modules/@angular/core/fesm2022/_debug_node-chunk.mjs:913:10)
	    at Module.╔Á╔ÁdirectiveInject (node_modules/@angular/core/fesm2022/_debug_node-chunk.mjs:7541:17)
	    at NodeInjectorFactory.RouterLink_Factory [as factory] (node_modules/@angular/router/fesm2022/_router_module-chunk.mjs:161:17)
Chrome Headless 146.0.0.0 (Windows 10): Executed 141 of 175[31m (48 FAILED)[39m (0 secs / 3.155 secs)
[1A[2K[31mChrome Headless 146.0.0.0 (Windows 10) SymptomAiComponent should create FAILED[39m
	╔ÁNotFound: NG0201: No provider found for `ActivatedRoute`. Source: Standalone[SymptomAiComponent]. Find more at https://v21.angular.dev/errors/NG0201
	error properties: Object({ code: -201, ngErrorCode: -201, ngErrorMessage: 'No provider found for `ActivatedRoute`.', ngTokenPath: [ 'ActivatedRoute' ] })
	╔ÁNotFound: NG0201: No provider found for `ActivatedRoute`. Source: Standalone[SymptomAiComponent]. Find more at https://v21.angular.dev/errors/NG0201
	    at createRuntimeError (node_modules/@angular/core/fesm2022/_untracked-chunk.mjs:600:17)
	    at NullInjector.get (node_modules/@angular/core/fesm2022/_untracked-chunk.mjs:881:21)
	    at R3Injector.get (node_modules/@angular/core/fesm2022/_untracked-chunk.mjs:1206:27)
	    at R3Injector.get (node_modules/@angular/core/fesm2022/_untracked-chunk.mjs:1206:27)
	    at R3Injector.get (node_modules/@angular/core/fesm2022/_untracked-chunk.mjs:1206:27)
	    at ChainedInjector.get (node_modules/@angular/core/fesm2022/_debug_node-chunk.mjs:7507:32)
	    at lookupTokenUsingModuleInjector (node_modules/@angular/core/fesm2022/_debug_node-chunk.mjs:890:31)
	    at getOrCreateInjectable (node_modules/@angular/core/fesm2022/_debug_node-chunk.mjs:913:10)
	    at Module.╔Á╔ÁdirectiveInject (node_modules/@angular/core/fesm2022/_debug_node-chunk.mjs:7541:17)
	    at NodeInjectorFactory.RouterLink_Factory [as factory] (node_modules/@angular/router/fesm2022/_router_module-chunk.mjs:161:17)
Chrome Headless 146.0.0.0 (Windows 10): Executed 142 of 175[31m (49 FAILED)[39m (0 secs / 3.16 secs)
[1A[2K[31mChrome Headless 146.0.0.0 (Windows 10) SymptomAiComponent should use CommonModule FAILED[39m
	╔ÁNotFound: NG0201: No provider found for `ActivatedRoute`. Source: Standalone[SymptomAiComponent]. Find more at https://v21.angular.dev/errors/NG0201
	error properties: Object({ code: -201, ngErrorCode: -201, ngErrorMessage: 'No provider found for `ActivatedRoute`.', ngTokenPath: [ 'ActivatedRoute' ] })
	╔ÁNotFound: NG0201: No provider found for `ActivatedRoute`. Source: Standalone[SymptomAiComponent]. Find more at https://v21.angular.dev/errors/NG0201
	    at createRuntimeError (node_modules/@angular/core/fesm2022/_untracked-chunk.mjs:600:17)
	    at NullInjector.get (node_modules/@angular/core/fesm2022/_untracked-chunk.mjs:881:21)
	    at R3Injector.get (node_modules/@angular/core/fesm2022/_untracked-chunk.mjs:1206:27)
	    at R3Injector.get (node_modules/@angular/core/fesm2022/_untracked-chunk.mjs:1206:27)
	    at R3Injector.get (node_modules/@angular/core/fesm2022/_untracked-chunk.mjs:1206:27)
	    at ChainedInjector.get (node_modules/@angular/core/fesm2022/_debug_node-chunk.mjs:7507:32)
	    at lookupTokenUsingModuleInjector (node_modules/@angular/core/fesm2022/_debug_node-chunk.mjs:890:31)
	    at getOrCreateInjectable (node_modules/@angular/core/fesm2022/_debug_node-chunk.mjs:913:10)
	    at Module.╔Á╔ÁdirectiveInject (node_modules/@angular/core/fesm2022/_debug_node-chunk.mjs:7541:17)
	    at NodeInjectorFactory.RouterLink_Factory [as factory] (node_modules/@angular/router/fesm2022/_router_module-chunk.mjs:161:17)
Chrome Headless 146.0.0.0 (Windows 10): Executed 143 of 175[31m (50 FAILED)[39m (0 secs / 3.165 secs)
[1A[2K[31mChrome Headless 146.0.0.0 (Windows 10) SymptomAiComponent should render with correct selector FAILED[39m
	╔ÁNotFound: NG0201: No provider found for `ActivatedRoute`. Source: Standalone[SymptomAiComponent]. Find more at https://v21.angular.dev/errors/NG0201
	error properties: Object({ code: -201, ngErrorCode: -201, ngErrorMessage: 'No provider found for `ActivatedRoute`.', ngTokenPath: [ 'ActivatedRoute' ] })
	╔ÁNotFound: NG0201: No provider found for `ActivatedRoute`. Source: Standalone[SymptomAiComponent]. Find more at https://v21.angular.dev/errors/NG0201
	    at createRuntimeError (node_modules/@angular/core/fesm2022/_untracked-chunk.mjs:600:17)
	    at NullInjector.get (node_modules/@angular/core/fesm2022/_untracked-chunk.mjs:881:21)
	    at R3Injector.get (node_modules/@angular/core/fesm2022/_untracked-chunk.mjs:1206:27)
	    at R3Injector.get (node_modules/@angular/core/fesm2022/_untracked-chunk.mjs:1206:27)
	    at R3Injector.get (node_modules/@angular/core/fesm2022/_untracked-chunk.mjs:1206:27)
	    at ChainedInjector.get (node_modules/@angular/core/fesm2022/_debug_node-chunk.mjs:7507:32)
	    at lookupTokenUsingModuleInjector (node_modules/@angular/core/fesm2022/_debug_node-chunk.mjs:890:31)
	    at getOrCreateInjectable (node_modules/@angular/core/fesm2022/_debug_node-chunk.mjs:913:10)
	    at Module.╔Á╔ÁdirectiveInject (node_modules/@angular/core/fesm2022/_debug_node-chunk.mjs:7541:17)
	    at NodeInjectorFactory.RouterLink_Factory [as factory] (node_modules/@angular/router/fesm2022/_router_module-chunk.mjs:161:17)
Chrome Headless 146.0.0.0 (Windows 10): Executed 144 of 175[31m (51 FAILED)[39m (0 secs / 3.171 secs)
[1A[2K[31mChrome Headless 146.0.0.0 (Windows 10) SymptomAiComponent should use RouterLink FAILED[39m
	╔ÁNotFound: NG0201: No provider found for `ActivatedRoute`. Source: Standalone[SymptomAiComponent]. Find more at https://v21.angular.dev/errors/NG0201
	error properties: Object({ code: -201, ngErrorCode: -201, ngErrorMessage: 'No provider found for `ActivatedRoute`.', ngTokenPath: [ 'ActivatedRoute' ] })
	╔ÁNotFound: NG0201: No provider found for `ActivatedRoute`. Source: Standalone[SymptomAiComponent]. Find more at https://v21.angular.dev/errors/NG0201
	    at createRuntimeError (node_modules/@angular/core/fesm2022/_untracked-chunk.mjs:600:17)
	    at NullInjector.get (node_modules/@angular/core/fesm2022/_untracked-chunk.mjs:881:21)
	    at R3Injector.get (node_modules/@angular/core/fesm2022/_untracked-chunk.mjs:1206:27)
	    at R3Injector.get (node_modules/@angular/core/fesm2022/_untracked-chunk.mjs:1206:27)
	    at R3Injector.get (node_modules/@angular/core/fesm2022/_untracked-chunk.mjs:1206:27)
	    at ChainedInjector.get (node_modules/@angular/core/fesm2022/_debug_node-chunk.mjs:7507:32)
	    at lookupTokenUsingModuleInjector (node_modules/@angular/core/fesm2022/_debug_node-chunk.mjs:890:31)
	    at getOrCreateInjectable (node_modules/@angular/core/fesm2022/_debug_node-chunk.mjs:913:10)
	    at Module.╔Á╔ÁdirectiveInject (node_modules/@angular/core/fesm2022/_debug_node-chunk.mjs:7541:17)
	    at NodeInjectorFactory.RouterLink_Factory [as factory] (node_modules/@angular/router/fesm2022/_router_module-chunk.mjs:161:17)
Chrome Headless 146.0.0.0 (Windows 10): Executed 145 of 175[31m (52 FAILED)[39m (0 secs / 3.176 secs)
[1A[2K[31mChrome Headless 146.0.0.0 (Windows 10) SymptomAiComponent should detect changes after initialization FAILED[39m
	╔ÁNotFound: NG0201: No provider found for `ActivatedRoute`. Source: Standalone[SymptomAiComponent]. Find more at https://v21.angular.dev/errors/NG0201
	error properties: Object({ code: -201, ngErrorCode: -201, ngErrorMessage: 'No provider found for `ActivatedRoute`.', ngTokenPath: [ 'ActivatedRoute' ] })
	╔ÁNotFound: NG0201: No provider found for `ActivatedRoute`. Source: Standalone[SymptomAiComponent]. Find more at https://v21.angular.dev/errors/NG0201
	    at createRuntimeError (node_modules/@angular/core/fesm2022/_untracked-chunk.mjs:600:17)
	    at NullInjector.get (node_modules/@angular/core/fesm2022/_untracked-chunk.mjs:881:21)
	    at R3Injector.get (node_modules/@angular/core/fesm2022/_untracked-chunk.mjs:1206:27)
	    at R3Injector.get (node_modules/@angular/core/fesm2022/_untracked-chunk.mjs:1206:27)
	    at R3Injector.get (node_modules/@angular/core/fesm2022/_untracked-chunk.mjs:1206:27)
	    at ChainedInjector.get (node_modules/@angular/core/fesm2022/_debug_node-chunk.mjs:7507:32)
	    at lookupTokenUsingModuleInjector (node_modules/@angular/core/fesm2022/_debug_node-chunk.mjs:890:31)
	    at getOrCreateInjectable (node_modules/@angular/core/fesm2022/_debug_node-chunk.mjs:913:10)
	    at Module.╔Á╔ÁdirectiveInject (node_modules/@angular/core/fesm2022/_debug_node-chunk.mjs:7541:17)
	    at NodeInjectorFactory.RouterLink_Factory [as factory] (node_modules/@angular/router/fesm2022/_router_module-chunk.mjs:161:17)
Chrome Headless 146.0.0.0 (Windows 10): Executed 146 of 175[31m (53 FAILED)[39m (0 secs / 3.182 secs)
[1A[2K[31mChrome Headless 146.0.0.0 (Windows 10) MedicalRecordUploadComponent should accept image files FAILED[39m
	TypeError: Cannot read properties of undefined (reading 'patchValue')
	    at MedicalRecordUploadComponent.onFileSelected (src/app/modules/medical-record/pages/medical-record-upload/medical-record-upload.component.ts:45:25)
	    at UserContext.apply (src/app/modules/medical-record/pages/medical-record-upload/medical-record-upload.component.spec.ts:95:15)
	    at _ZoneDelegate.invoke (node_modules/zone.js/fesm2015/zone.js:360:158)
	    at _ProxyZoneSpec.onInvoke (node_modules/zone.js/fesm2015/zone-testing.js:956:33)
	    at _ZoneDelegate.invoke (node_modules/zone.js/fesm2015/zone.js:360:46)
	    at _ZoneImpl.run (node_modules/zone.js/fesm2015/zone.js:127:35)
	    at runInTestZone (node_modules/zone.js/fesm2015/zone-testing.js:192:30)
	    at UserContext.<anonymous> (node_modules/zone.js/fesm2015/zone-testing.js:199:16)
	    at <Jasmine>
Chrome Headless 146.0.0.0 (Windows 10): Executed 147 of 175[31m (54 FAILED)[39m (0 secs / 3.21 secs)
[1A[2KChrome Headless 146.0.0.0 (Windows 10): Executed 148 of 175[31m (54 FAILED)[39m (0 secs / 3.218 secs)
[1A[2KChrome Headless 146.0.0.0 (Windows 10): Executed 149 of 175[31m (54 FAILED)[39m (0 secs / 3.226 secs)
[1A[2KChrome Headless 146.0.0.0 (Windows 10): Executed 150 of 175[31m (54 FAILED)[39m (0 secs / 3.235 secs)
[1A[2KChrome Headless 146.0.0.0 (Windows 10): Executed 151 of 175[31m (54 FAILED)[39m (0 secs / 3.24 secs)
[1A[2KChrome Headless 146.0.0.0 (Windows 10): Executed 152 of 175[31m (54 FAILED)[39m (0 secs / 3.25 secs)
[1A[2KChrome Headless 146.0.0.0 (Windows 10): Executed 153 of 175[31m (54 FAILED)[39m (0 secs / 3.258 secs)
[1A[2K[31mChrome Headless 146.0.0.0 (Windows 10) MedicalRecordUploadComponent should submit form with valid data FAILED[39m
	Expected spy MedicalService.uploadMedicalRecord to have been called.
	    at <Jasmine>
	    at UserContext.apply (src/app/modules/medical-record/pages/medical-record-upload/medical-record-upload.component.spec.ts:149:52)
	    at _ZoneDelegate.invoke (node_modules/zone.js/fesm2015/zone.js:360:158)
	    at _ProxyZoneSpec.onInvoke (node_modules/zone.js/fesm2015/zone-testing.js:956:33)
	    at _ZoneDelegate.invoke (node_modules/zone.js/fesm2015/zone.js:360:46)
Chrome Headless 146.0.0.0 (Windows 10): Executed 154 of 175[31m (55 FAILED)[39m (0 secs / 3.268 secs)
[1A[2KChrome Headless 146.0.0.0 (Windows 10): Executed 155 of 175[31m (55 FAILED)[39m (0 secs / 3.279 secs)
[1A[2K[31mChrome Headless 146.0.0.0 (Windows 10) MedicalRecordUploadComponent should show success message on upload FAILED[39m
	Expected '' to be truthy.
	    at <Jasmine>
	    at apply (src/app/modules/medical-record/pages/medical-record-upload/medical-record-upload.component.spec.ts:187:33)
	    at apply (node_modules/zone.js/fesm2015/zone.js:1486:27)
	    at _ZoneDelegate.invokeTask (node_modules/zone.js/fesm2015/zone.js:386:171)
	    at _ProxyZoneSpec.onInvokeTask (node_modules/zone.js/fesm2015/zone-testing.js:984:33)
Chrome Headless 146.0.0.0 (Windows 10): Executed 156 of 175[31m (56 FAILED)[39m (0 secs / 3.392 secs)
[1A[2KChrome Headless 146.0.0.0 (Windows 10): Executed 157 of 175[31m (56 FAILED)[39m (0 secs / 3.406 secs)
[1A[2K[31mChrome Headless 146.0.0.0 (Windows 10) MedicalRecordUploadComponent should reset form after successful upload FAILED[39m
	Expected [object File] to be null.
	    at <Jasmine>
	    at apply (src/app/modules/medical-record/pages/medical-record-upload/medical-record-upload.component.spec.ts:208:38)
	    at apply (node_modules/zone.js/fesm2015/zone.js:1486:27)
	    at _ZoneDelegate.invokeTask (node_modules/zone.js/fesm2015/zone.js:386:171)
	    at _ProxyZoneSpec.onInvokeTask (node_modules/zone.js/fesm2015/zone-testing.js:984:33)
Chrome Headless 146.0.0.0 (Windows 10): Executed 158 of 175[31m (57 FAILED)[39m (0 secs / 3.534 secs)
[1A[2K[31mChrome Headless 146.0.0.0 (Windows 10) MedicalRecordUploadComponent should handle file selection with valid PDF FAILED[39m
	TypeError: Cannot read properties of undefined (reading 'patchValue')
	    at MedicalRecordUploadComponent.onFileSelected (src/app/modules/medical-record/pages/medical-record-upload/medical-record-upload.component.ts:45:25)
	    at UserContext.apply (src/app/modules/medical-record/pages/medical-record-upload/medical-record-upload.component.spec.ts:67:15)
	    at _ZoneDelegate.invoke (node_modules/zone.js/fesm2015/zone.js:360:158)
	    at _ProxyZoneSpec.onInvoke (node_modules/zone.js/fesm2015/zone-testing.js:956:33)
	    at _ZoneDelegate.invoke (node_modules/zone.js/fesm2015/zone.js:360:46)
	    at _ZoneImpl.run (node_modules/zone.js/fesm2015/zone.js:127:35)
	    at runInTestZone (node_modules/zone.js/fesm2015/zone-testing.js:192:30)
	    at UserContext.<anonymous> (node_modules/zone.js/fesm2015/zone-testing.js:199:16)
	    at <Jasmine>
Chrome Headless 146.0.0.0 (Windows 10): Executed 159 of 175[31m (58 FAILED)[39m (0 secs / 3.549 secs)
[1A[2KChrome Headless 146.0.0.0 (Windows 10): Executed 160 of 175[31m (58 FAILED)[39m (0 secs / 3.554 secs)
[1A[2KLOG: [36m'Sending registration request to:', 'http://localhost:8089/MediCareAI/auth/register-with-verification'[39m
Chrome Headless 146.0.0.0 (Windows 10): Executed 160 of 175[31m (58 FAILED)[39m (0 secs / 3.554 secs)
LOG: 'Sending registration request to:', 'http://localhost:8089/MediCareAI/auth/register-with-verification'
[1A[2KLOG: [36m'Payload:', Object{fullName: 'John Doe', email: 'john@example.com', password: 'password123', role: 'PATIENT', gender: 'MALE', phoneNumber: '+1234567890'}[39m
Chrome Headless 146.0.0.0 (Windows 10): Executed 160 of 175[31m (58 FAILED)[39m (0 secs / 3.554 secs)
LOG: 'Payload:', Object{fullName: 'John Doe', email: 'john@example.com', password: 'password123', role: 'PATIENT', gender: 'MALE', phoneNumber: '+1234567890'}
[1A[2KLOG: [36m'Registration successful:', Object{token: 'test-token', role: 'PATIENT', email: 'john@example.com', user: Object{id: undefined, email: 'john@example.com', role: 'PATIENT', fullName: '', firstName: '', lastName: '', gender: undefined, phoneNumber: undefined}}[39m
Chrome Headless 146.0.0.0 (Windows 10): Executed 160 of 175[31m (58 FAILED)[39m (0 secs / 3.554 secs)
LOG: 'Registration successful:', Object{token: 'test-token', role: 'PATIENT', email: 'john@example.com', user: Object{id: undefined, email: 'john@example.com', role: 'PATIENT', fullName: '', firstName: '', lastName: '', gender: undefined, phoneNumber: undefined}}
[1A[2KChrome Headless 146.0.0.0 (Windows 10): Executed 161 of 175[31m (58 FAILED)[39m (0 secs / 3.561 secs)
[1A[2KLOG: [36m'Sending login request to:', 'http://localhost:8089/MediCareAI/auth/login'[39m
Chrome Headless 146.0.0.0 (Windows 10): Executed 161 of 175[31m (58 FAILED)[39m (0 secs / 3.561 secs)
LOG: 'Sending login request to:', 'http://localhost:8089/MediCareAI/auth/login'
[1A[2KLOG: [36m'Payload:', Object{email: 'test@example.com', password: 'password'}[39m
Chrome Headless 146.0.0.0 (Windows 10): Executed 161 of 175[31m (58 FAILED)[39m (0 secs / 3.561 secs)
LOG: 'Payload:', Object{email: 'test@example.com', password: 'password'}
[1A[2KLOG: [36m'Login successful:', Object{token: 'test-token', role: 'PATIENT', email: 'test@example.com', user: Object{id: undefined, email: 'test@example.com', role: 'PATIENT', fullName: '', firstName: '', lastName: '', gender: undefined, phoneNumber: undefined}}[39m
Chrome Headless 146.0.0.0 (Windows 10): Executed 161 of 175[31m (58 FAILED)[39m (0 secs / 3.561 secs)
LOG: 'Login successful:', Object{token: 'test-token', role: 'PATIENT', email: 'test@example.com', user: Object{id: undefined, email: 'test@example.com', role: 'PATIENT', fullName: '', firstName: '', lastName: '', gender: undefined, phoneNumber: undefined}}
[1A[2KChrome Headless 146.0.0.0 (Windows 10): Executed 162 of 175[31m (58 FAILED)[39m (0 secs / 3.568 secs)
[1A[2KLOG: [36m'Sending email verification request'[39m
Chrome Headless 146.0.0.0 (Windows 10): Executed 162 of 175[31m (58 FAILED)[39m (0 secs / 3.568 secs)
LOG: 'Sending email verification request'
[1A[2KLOG: [36m'Email verified successfully:', Object{token: '', role: '', email: 'test@example.com', user: Object{id: undefined, email: 'test@example.com', role: '', fullName: '', firstName: '', lastName: '', gender: undefined, phoneNumber: undefined}}[39m
Chrome Headless 146.0.0.0 (Windows 10): Executed 162 of 175[31m (58 FAILED)[39m (0 secs / 3.568 secs)
LOG: 'Email verified successfully:', Object{token: '', role: '', email: 'test@example.com', user: Object{id: undefined, email: 'test@example.com', role: '', fullName: '', firstName: '', lastName: '', gender: undefined, phoneNumber: undefined}}
[1A[2KChrome Headless 146.0.0.0 (Windows 10): Executed 163 of 175[31m (58 FAILED)[39m (0 secs / 3.573 secs)
[1A[2KLOG: [36m'Requesting password reset for:', 'test@example.com'[39m
Chrome Headless 146.0.0.0 (Windows 10): Executed 163 of 175[31m (58 FAILED)[39m (0 secs / 3.573 secs)
LOG: 'Requesting password reset for:', 'test@example.com'
[1A[2K[31mChrome Headless 146.0.0.0 (Windows 10) AuthService should request password reset FAILED[39m
	Error: Expected one matching request for criteria "Match by function: ", found none. Requests received are: POST http://localhost:8089/MediCareAI/auth/forgot-password.
	    at HttpClientTestingBackend.expectOne (node_modules/@angular/common/fesm2022/http-testing.mjs:196:13)
	    at UserContext.apply (src/app/services/auth.service.spec.ts:114:26)
	    at _ZoneDelegate.invoke (node_modules/zone.js/fesm2015/zone.js:360:158)
	    at _ProxyZoneSpec.onInvoke (node_modules/zone.js/fesm2015/zone-testing.js:956:33)
	    at _ZoneDelegate.invoke (node_modules/zone.js/fesm2015/zone.js:360:46)
	    at _ZoneImpl.run (node_modules/zone.js/fesm2015/zone.js:127:35)
	    at runInTestZone (node_modules/zone.js/fesm2015/zone-testing.js:192:30)
	    at UserContext.<anonymous> (node_modules/zone.js/fesm2015/zone-testing.js:199:16)
	    at <Jasmine>
Chrome Headless 146.0.0.0 (Windows 10): Executed 164 of 175[31m (59 FAILED)[39m (0 secs / 3.579 secs)
[1A[2KLOG: [36m'Resending verification code to:', 'test@example.com'[39m
Chrome Headless 146.0.0.0 (Windows 10): Executed 164 of 175[31m (59 FAILED)[39m (0 secs / 3.579 secs)
LOG: 'Resending verification code to:', 'test@example.com'
[1A[2KLOG: [36m'Verification code resent:', Object{message: 'Verification code sent.'}[39m
Chrome Headless 146.0.0.0 (Windows 10): Executed 164 of 175[31m (59 FAILED)[39m (0 secs / 3.579 secs)
LOG: 'Verification code resent:', Object{message: 'Verification code sent.'}
[1A[2KChrome Headless 146.0.0.0 (Windows 10): Executed 165 of 175[31m (59 FAILED)[39m (0 secs / 3.584 secs)
[1A[2KChrome Headless 146.0.0.0 (Windows 10): Executed 166 of 175[31m (59 FAILED)[39m (0 secs / 3.587 secs)
[1A[2KLOG: [36m'Resetting password'[39m
Chrome Headless 146.0.0.0 (Windows 10): Executed 166 of 175[31m (59 FAILED)[39m (0 secs / 3.587 secs)
LOG: 'Resetting password'
[1A[2KLOG: [36m'Password reset successfully:', Object{message: 'Password reset successfully.'}[39m
Chrome Headless 146.0.0.0 (Windows 10): Executed 166 of 175[31m (59 FAILED)[39m (0 secs / 3.587 secs)
LOG: 'Password reset successfully:', Object{message: 'Password reset successfully.'}
[1A[2KChrome Headless 146.0.0.0 (Windows 10): Executed 167 of 175[31m (59 FAILED)[39m (0 secs / 3.591 secs)
[1A[2KLOG: [36m'Sending login request to:', 'http://localhost:8089/MediCareAI/auth/login'[39m
Chrome Headless 146.0.0.0 (Windows 10): Executed 167 of 175[31m (59 FAILED)[39m (0 secs / 3.591 secs)
LOG: 'Sending login request to:', 'http://localhost:8089/MediCareAI/auth/login'
[1A[2KLOG: [36m'Payload:', Object{email: 'test@example.com', password: 'wrongpassword'}[39m
Chrome Headless 146.0.0.0 (Windows 10): Executed 167 of 175[31m (59 FAILED)[39m (0 secs / 3.591 secs)
LOG: 'Payload:', Object{email: 'test@example.com', password: 'wrongpassword'}
[1A[2KChrome Headless 146.0.0.0 (Windows 10): Executed 168 of 175[31m (59 FAILED)[39m (0 secs / 3.595 secs)
[1A[2KChrome Headless 146.0.0.0 (Windows 10): Executed 169 of 175[31m (59 FAILED)[39m (0 secs / 3.598 secs)
[1A[2K[31mChrome Headless 146.0.0.0 (Windows 10) CollaborationComponent should create FAILED[39m
	╔ÁNotFound: NG0201: No provider found for `ActivatedRoute`. Source: Standalone[CollaborationComponent]. Find more at https://v21.angular.dev/errors/NG0201
	error properties: Object({ code: -201, ngErrorCode: -201, ngErrorMessage: 'No provider found for `ActivatedRoute`.', ngTokenPath: [ 'ActivatedRoute' ] })
	╔ÁNotFound: NG0201: No provider found for `ActivatedRoute`. Source: Standalone[CollaborationComponent]. Find more at https://v21.angular.dev/errors/NG0201
	    at createRuntimeError (node_modules/@angular/core/fesm2022/_untracked-chunk.mjs:600:17)
	    at NullInjector.get (node_modules/@angular/core/fesm2022/_untracked-chunk.mjs:881:21)
	    at R3Injector.get (node_modules/@angular/core/fesm2022/_untracked-chunk.mjs:1206:27)
	    at R3Injector.get (node_modules/@angular/core/fesm2022/_untracked-chunk.mjs:1206:27)
	    at R3Injector.get (node_modules/@angular/core/fesm2022/_untracked-chunk.mjs:1206:27)
	    at ChainedInjector.get (node_modules/@angular/core/fesm2022/_debug_node-chunk.mjs:7507:32)
	    at lookupTokenUsingModuleInjector (node_modules/@angular/core/fesm2022/_debug_node-chunk.mjs:890:31)
	    at getOrCreateInjectable (node_modules/@angular/core/fesm2022/_debug_node-chunk.mjs:913:10)
	    at Module.╔Á╔ÁdirectiveInject (node_modules/@angular/core/fesm2022/_debug_node-chunk.mjs:7541:17)
	    at NodeInjectorFactory.RouterLink_Factory [as factory] (node_modules/@angular/router/fesm2022/_router_module-chunk.mjs:161:17)
Chrome Headless 146.0.0.0 (Windows 10): Executed 170 of 175[31m (60 FAILED)[39m (0 secs / 3.613 secs)
[1A[2K[31mChrome Headless 146.0.0.0 (Windows 10) CollaborationComponent should use RouterModule FAILED[39m
	╔ÁNotFound: NG0201: No provider found for `ActivatedRoute`. Source: Standalone[CollaborationComponent]. Find more at https://v21.angular.dev/errors/NG0201
	error properties: Object({ code: -201, ngErrorCode: -201, ngErrorMessage: 'No provider found for `ActivatedRoute`.', ngTokenPath: [ 'ActivatedRoute' ] })
	╔ÁNotFound: NG0201: No provider found for `ActivatedRoute`. Source: Standalone[CollaborationComponent]. Find more at https://v21.angular.dev/errors/NG0201
	    at createRuntimeError (node_modules/@angular/core/fesm2022/_untracked-chunk.mjs:600:17)
	    at NullInjector.get (node_modules/@angular/core/fesm2022/_untracked-chunk.mjs:881:21)
	    at R3Injector.get (node_modules/@angular/core/fesm2022/_untracked-chunk.mjs:1206:27)
	    at R3Injector.get (node_modules/@angular/core/fesm2022/_untracked-chunk.mjs:1206:27)
	    at R3Injector.get (node_modules/@angular/core/fesm2022/_untracked-chunk.mjs:1206:27)
	    at ChainedInjector.get (node_modules/@angular/core/fesm2022/_debug_node-chunk.mjs:7507:32)
	    at lookupTokenUsingModuleInjector (node_modules/@angular/core/fesm2022/_debug_node-chunk.mjs:890:31)
	    at getOrCreateInjectable (node_modules/@angular/core/fesm2022/_debug_node-chunk.mjs:913:10)
	    at Module.╔Á╔ÁdirectiveInject (node_modules/@angular/core/fesm2022/_debug_node-chunk.mjs:7541:17)
	    at NodeInjectorFactory.RouterLink_Factory [as factory] (node_modules/@angular/router/fesm2022/_router_module-chunk.mjs:161:17)
Chrome Headless 146.0.0.0 (Windows 10): Executed 171 of 175[31m (61 FAILED)[39m (0 secs / 3.618 secs)
[1A[2K[31mChrome Headless 146.0.0.0 (Windows 10) CollaborationComponent should detect changes after initialization FAILED[39m
	╔ÁNotFound: NG0201: No provider found for `ActivatedRoute`. Source: Standalone[CollaborationComponent]. Find more at https://v21.angular.dev/errors/NG0201
	error properties: Object({ code: -201, ngErrorCode: -201, ngErrorMessage: 'No provider found for `ActivatedRoute`.', ngTokenPath: [ 'ActivatedRoute' ] })
	╔ÁNotFound: NG0201: No provider found for `ActivatedRoute`. Source: Standalone[CollaborationComponent]. Find more at https://v21.angular.dev/errors/NG0201
	    at createRuntimeError (node_modules/@angular/core/fesm2022/_untracked-chunk.mjs:600:17)
	    at NullInjector.get (node_modules/@angular/core/fesm2022/_untracked-chunk.mjs:881:21)
	    at R3Injector.get (node_modules/@angular/core/fesm2022/_untracked-chunk.mjs:1206:27)
	    at R3Injector.get (node_modules/@angular/core/fesm2022/_untracked-chunk.mjs:1206:27)
	    at R3Injector.get (node_modules/@angular/core/fesm2022/_untracked-chunk.mjs:1206:27)
	    at ChainedInjector.get (node_modules/@angular/core/fesm2022/_debug_node-chunk.mjs:7507:32)
	    at lookupTokenUsingModuleInjector (node_modules/@angular/core/fesm2022/_debug_node-chunk.mjs:890:31)
	    at getOrCreateInjectable (node_modules/@angular/core/fesm2022/_debug_node-chunk.mjs:913:10)
	    at Module.╔Á╔ÁdirectiveInject (node_modules/@angular/core/fesm2022/_debug_node-chunk.mjs:7541:17)
	    at NodeInjectorFactory.RouterLink_Factory [as factory] (node_modules/@angular/router/fesm2022/_router_module-chunk.mjs:161:17)
Chrome Headless 146.0.0.0 (Windows 10): Executed 172 of 175[31m (62 FAILED)[39m (0 secs / 3.623 secs)
[1A[2K[31mChrome Headless 146.0.0.0 (Windows 10) CollaborationComponent should initialize with standalone component FAILED[39m
	╔ÁNotFound: NG0201: No provider found for `ActivatedRoute`. Source: Standalone[CollaborationComponent]. Find more at https://v21.angular.dev/errors/NG0201
	error properties: Object({ code: -201, ngErrorCode: -201, ngErrorMessage: 'No provider found for `ActivatedRoute`.', ngTokenPath: [ 'ActivatedRoute' ] })
	╔ÁNotFound: NG0201: No provider found for `ActivatedRoute`. Source: Standalone[CollaborationComponent]. Find more at https://v21.angular.dev/errors/NG0201
	    at createRuntimeError (node_modules/@angular/core/fesm2022/_untracked-chunk.mjs:600:17)
	    at NullInjector.get (node_modules/@angular/core/fesm2022/_untracked-chunk.mjs:881:21)
	    at R3Injector.get (node_modules/@angular/core/fesm2022/_untracked-chunk.mjs:1206:27)
	    at R3Injector.get (node_modules/@angular/core/fesm2022/_untracked-chunk.mjs:1206:27)
	    at R3Injector.get (node_modules/@angular/core/fesm2022/_untracked-chunk.mjs:1206:27)
	    at ChainedInjector.get (node_modules/@angular/core/fesm2022/_debug_node-chunk.mjs:7507:32)
	    at lookupTokenUsingModuleInjector (node_modules/@angular/core/fesm2022/_debug_node-chunk.mjs:890:31)
	    at getOrCreateInjectable (node_modules/@angular/core/fesm2022/_debug_node-chunk.mjs:913:10)
	    at Module.╔Á╔ÁdirectiveInject (node_modules/@angular/core/fesm2022/_debug_node-chunk.mjs:7541:17)
	    at NodeInjectorFactory.RouterLink_Factory [as factory] (node_modules/@angular/router/fesm2022/_router_module-chunk.mjs:161:17)
Chrome Headless 146.0.0.0 (Windows 10): Executed 173 of 175[31m (63 FAILED)[39m (0 secs / 3.628 secs)
[1A[2K[31mChrome Headless 146.0.0.0 (Windows 10) CollaborationComponent should render template successfully FAILED[39m
	╔ÁNotFound: NG0201: No provider found for `ActivatedRoute`. Source: Standalone[CollaborationComponent]. Find more at https://v21.angular.dev/errors/NG0201
	error properties: Object({ code: -201, ngErrorCode: -201, ngErrorMessage: 'No provider found for `ActivatedRoute`.', ngTokenPath: [ 'ActivatedRoute' ] })
	╔ÁNotFound: NG0201: No provider found for `ActivatedRoute`. Source: Standalone[CollaborationComponent]. Find more at https://v21.angular.dev/errors/NG0201
	    at createRuntimeError (node_modules/@angular/core/fesm2022/_untracked-chunk.mjs:600:17)
	    at NullInjector.get (node_modules/@angular/core/fesm2022/_untracked-chunk.mjs:881:21)
	    at R3Injector.get (node_modules/@angular/core/fesm2022/_untracked-chunk.mjs:1206:27)
	    at R3Injector.get (node_modules/@angular/core/fesm2022/_untracked-chunk.mjs:1206:27)
	    at R3Injector.get (node_modules/@angular/core/fesm2022/_untracked-chunk.mjs:1206:27)
	    at ChainedInjector.get (node_modules/@angular/core/fesm2022/_debug_node-chunk.mjs:7507:32)
	    at lookupTokenUsingModuleInjector (node_modules/@angular/core/fesm2022/_debug_node-chunk.mjs:890:31)
	    at getOrCreateInjectable (node_modules/@angular/core/fesm2022/_debug_node-chunk.mjs:913:10)
	    at Module.╔Á╔ÁdirectiveInject (node_modules/@angular/core/fesm2022/_debug_node-chunk.mjs:7541:17)
	    at NodeInjectorFactory.RouterLink_Factory [as factory] (node_modules/@angular/router/fesm2022/_router_module-chunk.mjs:161:17)
Chrome Headless 146.0.0.0 (Windows 10): Executed 174 of 175[31m (64 FAILED)[39m (0 secs / 3.633 secs)
[1A[2K[31mChrome Headless 146.0.0.0 (Windows 10) CollaborationComponent should use CommonModule FAILED[39m
	╔ÁNotFound: NG0201: No provider found for `ActivatedRoute`. Source: Standalone[CollaborationComponent]. Find more at https://v21.angular.dev/errors/NG0201
	error properties: Object({ code: -201, ngErrorCode: -201, ngErrorMessage: 'No provider found for `ActivatedRoute`.', ngTokenPath: [ 'ActivatedRoute' ] })
	╔ÁNotFound: NG0201: No provider found for `ActivatedRoute`. Source: Standalone[CollaborationComponent]. Find more at https://v21.angular.dev/errors/NG0201
	    at createRuntimeError (node_modules/@angular/core/fesm2022/_untracked-chunk.mjs:600:17)
	    at NullInjector.get (node_modules/@angular/core/fesm2022/_untracked-chunk.mjs:881:21)
	    at R3Injector.get (node_modules/@angular/core/fesm2022/_untracked-chunk.mjs:1206:27)
	    at R3Injector.get (node_modules/@angular/core/fesm2022/_untracked-chunk.mjs:1206:27)
	    at R3Injector.get (node_modules/@angular/core/fesm2022/_untracked-chunk.mjs:1206:27)
	    at ChainedInjector.get (node_modules/@angular/core/fesm2022/_debug_node-chunk.mjs:7507:32)
	    at lookupTokenUsingModuleInjector (node_modules/@angular/core/fesm2022/_debug_node-chunk.mjs:890:31)
	    at getOrCreateInjectable (node_modules/@angular/core/fesm2022/_debug_node-chunk.mjs:913:10)
	    at Module.╔Á╔ÁdirectiveInject (node_modules/@angular/core/fesm2022/_debug_node-chunk.mjs:7541:17)
	    at NodeInjectorFactory.RouterLink_Factory [as factory] (node_modules/@angular/router/fesm2022/_router_module-chunk.mjs:161:17)
Chrome Headless 146.0.0.0 (Windows 10): Executed 175 of 175[31m (65 FAILED)[39m (0 secs / 3.638 secs)
[1A[2KChrome Headless 146.0.0.0 (Windows 10): Executed 175 of 175[31m (65 FAILED)[39m (4.137 secs / 3.638 secs)
[31mTOTAL: 65 FAILED, 110 SUCCESS[39m
[32mÔ£ö[39m Browser application bundle generation complete.
