
> medi-care-aifront@0.0.0 test
> ng test --watch=false --browsers=ChromeHeadless

node.exe : - Generating browser application bundles (phase: setup)...
At line:1 char:1
+ & "C:\Program Files\nodejs/node.exe" "C:\Program Files\nodejs/node_mo ...
+ ~~~~~~~~~~~~~~~~~~~~~~~~~~~~~~~~~~~~~~~~~~~~~~~~~~~~~~~~~~~~~~~~~~~~~
    + CategoryInfo          : NotSpecified: (- Generating br...hase: setup)... 
   :String) [], RemoteException
    + FullyQualifiedErrorId : NativeCommandError
 
[32mÔ£ö[39m Browser application bundle generation complete.
[32m30 03 2026 00:44:56.957:INFO [karma-server]: [39mKarma v6.4.4 server started at http://localhost:9876/
[32m30 03 2026 00:44:56.960:INFO [launcher]: [39mLaunching browsers ChromeHeadless with concurrency unlimited
[32m30 03 2026 00:44:56.990:INFO [launcher]: [39mStarting browser ChromeHeadless
[32m30 03 2026 00:44:58.684:INFO [Chrome Headless 146.0.0.0 (Windows 10)]: [39mConnected on socket JdUCpcJo4UafMUroAAAB with id 11511211
Chrome Headless 146.0.0.0 (Windows 10): Executed 0 of 175[32m SUCCESS[39m (0 secs / 0 secs)
[1A[2KChrome Headless 146.0.0.0 (Windows 10): Executed 1 of 175[32m SUCCESS[39m (0 secs / 0.193 secs)
[1A[2KChrome Headless 146.0.0.0 (Windows 10): Executed 2 of 175[32m SUCCESS[39m (0 secs / 0.21 secs)
[1A[2KChrome Headless 146.0.0.0 (Windows 10): Executed 3 of 175[32m SUCCESS[39m (0 secs / 0.226 secs)
[1A[2KChrome Headless 146.0.0.0 (Windows 10): Executed 4 of 175[32m SUCCESS[39m (0 secs / 0.235 secs)
[1A[2KChrome Headless 146.0.0.0 (Windows 10): Executed 5 of 175[32m SUCCESS[39m (0 secs / 0.246 secs)
[1A[2KChrome Headless 146.0.0.0 (Windows 10): Executed 6 of 175[32m SUCCESS[39m (0 secs / 0.255 secs)
[1A[2KChrome Headless 146.0.0.0 (Windows 10): Executed 7 of 175[32m SUCCESS[39m (0 secs / 0.262 secs)
[1A[2KChrome Headless 146.0.0.0 (Windows 10): Executed 8 of 175[32m SUCCESS[39m (0 secs / 0.27 secs)
[1A[2KChrome Headless 146.0.0.0 (Windows 10): Executed 9 of 175[32m SUCCESS[39m (0 secs / 0.281 secs)
[1A[2KChrome Headless 146.0.0.0 (Windows 10): Executed 10 of 175[32m SUCCESS[39m (0 secs / 0.287 secs)
[1A[2KChrome Headless 146.0.0.0 (Windows 10): Executed 11 of 175[32m SUCCESS[39m (0 secs / 0.289 secs)
[1A[2KChrome Headless 146.0.0.0 (Windows 10): Executed 12 of 175[32m SUCCESS[39m (0 secs / 0.29 secs)
[1A[2KChrome Headless 146.0.0.0 (Windows 10): Executed 13 of 175[32m SUCCESS[39m (0 secs / 0.291 secs)
[1A[2KChrome Headless 146.0.0.0 (Windows 10): Executed 14 of 175[32m SUCCESS[39m (0 secs / 0.312 secs)
[1A[2KChrome Headless 146.0.0.0 (Windows 10): Executed 15 of 175[32m SUCCESS[39m (0 secs / 0.318 secs)
[1A[2KChrome Headless 146.0.0.0 (Windows 10): Executed 16 of 175[32m SUCCESS[39m (0 secs / 0.325 secs)
[1A[2KChrome Headless 146.0.0.0 (Windows 10): Executed 17 of 175[32m SUCCESS[39m (0 secs / 0.33 secs)
[1A[2KChrome Headless 146.0.0.0 (Windows 10): Executed 18 of 175[32m SUCCESS[39m (0 secs / 0.335 secs)
[1A[2KChrome Headless 146.0.0.0 (Windows 10): Executed 19 of 175[32m SUCCESS[39m (0 secs / 0.339 secs)
[1A[2KChrome Headless 146.0.0.0 (Windows 10): Executed 20 of 175[32m SUCCESS[39m (0 secs / 0.343 secs)
[1A[2KChrome Headless 146.0.0.0 (Windows 10): Executed 21 of 175[32m SUCCESS[39m (0 secs / 0.347 secs)
[1A[2KChrome Headless 146.0.0.0 (Windows 10): Executed 22 of 175[32m SUCCESS[39m (0 secs / 0.355 secs)
[1A[2KChrome Headless 146.0.0.0 (Windows 10): Executed 23 of 175[32m SUCCESS[39m (0 secs / 0.378 secs)
[1A[2KChrome Headless 146.0.0.0 (Windows 10): Executed 24 of 175[32m SUCCESS[39m (0 secs / 0.383 secs)
[1A[2KChrome Headless 146.0.0.0 (Windows 10): Executed 25 of 175[32m SUCCESS[39m (0 secs / 0.389 secs)
[1A[2KChrome Headless 146.0.0.0 (Windows 10): Executed 26 of 175[32m SUCCESS[39m (0 secs / 0.394 secs)
[1A[2KChrome Headless 146.0.0.0 (Windows 10): Executed 27 of 175[32m SUCCESS[39m (0 secs / 0.4 secs)
[1A[2KChrome Headless 146.0.0.0 (Windows 10): Executed 28 of 175[32m SUCCESS[39m (0 secs / 0.405 secs)
[1A[2KChrome Headless 146.0.0.0 (Windows 10): Executed 29 of 175[32m SUCCESS[39m (0 secs / 0.411 secs)
[1A[2KChrome Headless 146.0.0.0 (Windows 10): Executed 30 of 175[32m SUCCESS[39m (0 secs / 0.414 secs)
[1A[2KChrome Headless 146.0.0.0 (Windows 10): Executed 31 of 175[32m SUCCESS[39m (0 secs / 0.416 secs)
[1A[2KChrome Headless 146.0.0.0 (Windows 10): Executed 32 of 175[32m SUCCESS[39m (0 secs / 0.419 secs)
[1A[2KChrome Headless 146.0.0.0 (Windows 10): Executed 33 of 175[32m SUCCESS[39m (0 secs / 0.423 secs)
[1A[2KChrome Headless 146.0.0.0 (Windows 10): Executed 34 of 175[32m SUCCESS[39m (0 secs / 0.426 secs)
[1A[2KChrome Headless 146.0.0.0 (Windows 10): Executed 35 of 175[32m SUCCESS[39m (0 secs / 0.428 secs)
[1A[2KChrome Headless 146.0.0.0 (Windows 10): Executed 36 of 175[32m SUCCESS[39m (0 secs / 0.431 secs)
[1A[2KChrome Headless 146.0.0.0 (Windows 10): Executed 37 of 175[32m SUCCESS[39m (0 secs / 0.433 secs)
[1A[2KChrome Headless 146.0.0.0 (Windows 10): Executed 38 of 175[32m SUCCESS[39m (0 secs / 0.436 secs)
[1A[2KChrome Headless 146.0.0.0 (Windows 10): Executed 39 of 175[32m SUCCESS[39m (0 secs / 0.439 secs)
[1A[2KChrome Headless 146.0.0.0 (Windows 10): Executed 40 of 175[32m SUCCESS[39m (0 secs / 0.441 secs)
[1A[2KLOG: [36m'Resetting password'[39m
Chrome Headless 146.0.0.0 (Windows 10): Executed 40 of 175[32m SUCCESS[39m (0 secs / 0.441 secs)
LOG: 'Resetting password'
[1A[2KLOG: [36m'Password reset successfully:', Object{message: 'Password reset successfully.'}[39m
Chrome Headless 146.0.0.0 (Windows 10): Executed 40 of 175[32m SUCCESS[39m (0 secs / 0.441 secs)
LOG: 'Password reset successfully:', Object{message: 'Password reset successfully.'}
[1A[2KChrome Headless 146.0.0.0 (Windows 10): Executed 41 of 175[32m SUCCESS[39m (0 secs / 0.447 secs)
[1A[2KLOG: [36m'Sending registration request to:', 'http://localhost:8089/MediCareAI/auth/register-with-verification'[39m
Chrome Headless 146.0.0.0 (Windows 10): Executed 41 of 175[32m SUCCESS[39m (0 secs / 0.447 secs)
LOG: 'Sending registration request to:', 'http://localhost:8089/MediCareAI/auth/register-with-verification'
[1A[2KLOG: [36m'Payload:', Object{fullName: 'John Doe', email: 'john@example.com', password: 'password123', role: 'PATIENT', gender: 'MALE', phoneNumber: '+1234567890'}[39m
Chrome Headless 146.0.0.0 (Windows 10): Executed 41 of 175[32m SUCCESS[39m (0 secs / 0.447 secs)
LOG: 'Payload:', Object{fullName: 'John Doe', email: 'john@example.com', password: 'password123', role: 'PATIENT', gender: 'MALE', phoneNumber: '+1234567890'}
[1A[2KLOG: [36m'Registration successful:', Object{token: 'test-token', role: 'PATIENT', email: 'john@example.com', user: Object{id: undefined, email: 'john@example.com', role: 'PATIENT', fullName: '', firstName: '', lastName: '', gender: undefined, phoneNumber: undefined}}[39m
Chrome Headless 146.0.0.0 (Windows 10): Executed 41 of 175[32m SUCCESS[39m (0 secs / 0.447 secs)
LOG: 'Registration successful:', Object{token: 'test-token', role: 'PATIENT', email: 'john@example.com', user: Object{id: undefined, email: 'john@example.com', role: 'PATIENT', fullName: '', firstName: '', lastName: '', gender: undefined, phoneNumber: undefined}}
[1A[2KChrome Headless 146.0.0.0 (Windows 10): Executed 42 of 175[32m SUCCESS[39m (0 secs / 0.451 secs)
[1A[2KChrome Headless 146.0.0.0 (Windows 10): Executed 43 of 175[32m SUCCESS[39m (0 secs / 0.453 secs)
[1A[2KChrome Headless 146.0.0.0 (Windows 10): Executed 44 of 175[32m SUCCESS[39m (0 secs / 0.455 secs)
[1A[2KLOG: [36m'Requesting password reset for:', 'test@example.com'[39m
Chrome Headless 146.0.0.0 (Windows 10): Executed 44 of 175[32m SUCCESS[39m (0 secs / 0.455 secs)
LOG: 'Requesting password reset for:', 'test@example.com'
[1A[2KLOG: [36m'Password reset email sent:', Object{message: 'Password reset code sent.'}[39m
Chrome Headless 146.0.0.0 (Windows 10): Executed 44 of 175[32m SUCCESS[39m (0 secs / 0.455 secs)
LOG: 'Password reset email sent:', Object{message: 'Password reset code sent.'}
[1A[2KChrome Headless 146.0.0.0 (Windows 10): Executed 45 of 175[32m SUCCESS[39m (0 secs / 0.459 secs)
[1A[2KChrome Headless 146.0.0.0 (Windows 10): Executed 46 of 175[32m SUCCESS[39m (0 secs / 0.462 secs)
[1A[2KLOG: [36m'Sending email verification request'[39m
Chrome Headless 146.0.0.0 (Windows 10): Executed 46 of 175[32m SUCCESS[39m (0 secs / 0.462 secs)
LOG: 'Sending email verification request'
[1A[2KLOG: [36m'Email verified successfully:', Object{token: '', role: '', email: 'test@example.com', user: Object{id: undefined, email: 'test@example.com', role: '', fullName: '', firstName: '', lastName: '', gender: undefined, phoneNumber: undefined}}[39m
Chrome Headless 146.0.0.0 (Windows 10): Executed 46 of 175[32m SUCCESS[39m (0 secs / 0.462 secs)
LOG: 'Email verified successfully:', Object{token: '', role: '', email: 'test@example.com', user: Object{id: undefined, email: 'test@example.com', role: '', fullName: '', firstName: '', lastName: '', gender: undefined, phoneNumber: undefined}}
[1A[2KChrome Headless 146.0.0.0 (Windows 10): Executed 47 of 175[32m SUCCESS[39m (0 secs / 0.465 secs)
[1A[2KLOG: [36m'Sending login request to:', 'http://localhost:8089/MediCareAI/auth/login'[39m
Chrome Headless 146.0.0.0 (Windows 10): Executed 47 of 175[32m SUCCESS[39m (0 secs / 0.465 secs)
LOG: 'Sending login request to:', 'http://localhost:8089/MediCareAI/auth/login'
[1A[2KLOG: [36m'Payload:', Object{email: 'test@example.com', password: 'password'}[39m
Chrome Headless 146.0.0.0 (Windows 10): Executed 47 of 175[32m SUCCESS[39m (0 secs / 0.465 secs)
LOG: 'Payload:', Object{email: 'test@example.com', password: 'password'}
[1A[2KLOG: [36m'Login successful:', Object{token: 'test-token', role: 'PATIENT', email: 'test@example.com', user: Object{id: undefined, email: 'test@example.com', role: 'PATIENT', fullName: '', firstName: '', lastName: '', gender: undefined, phoneNumber: undefined}}[39m
Chrome Headless 146.0.0.0 (Windows 10): Executed 47 of 175[32m SUCCESS[39m (0 secs / 0.465 secs)
LOG: 'Login successful:', Object{token: 'test-token', role: 'PATIENT', email: 'test@example.com', user: Object{id: undefined, email: 'test@example.com', role: 'PATIENT', fullName: '', firstName: '', lastName: '', gender: undefined, phoneNumber: undefined}}
[1A[2KChrome Headless 146.0.0.0 (Windows 10): Executed 48 of 175[32m SUCCESS[39m (0 secs / 0.468 secs)
[1A[2KLOG: [36m'Resending verification code to:', 'test@example.com'[39m
Chrome Headless 146.0.0.0 (Windows 10): Executed 48 of 175[32m SUCCESS[39m (0 secs / 0.468 secs)
LOG: 'Resending verification code to:', 'test@example.com'
[1A[2KLOG: [36m'Verification code resent:', Object{message: 'Verification code sent.'}[39m
Chrome Headless 146.0.0.0 (Windows 10): Executed 48 of 175[32m SUCCESS[39m (0 secs / 0.468 secs)
LOG: 'Verification code resent:', Object{message: 'Verification code sent.'}
[1A[2KChrome Headless 146.0.0.0 (Windows 10): Executed 49 of 175[32m SUCCESS[39m (0 secs / 0.471 secs)
[1A[2KLOG: [36m'Sending login request to:', 'http://localhost:8089/MediCareAI/auth/login'[39m
Chrome Headless 146.0.0.0 (Windows 10): Executed 49 of 175[32m SUCCESS[39m (0 secs / 0.471 secs)
LOG: 'Sending login request to:', 'http://localhost:8089/MediCareAI/auth/login'
[1A[2KLOG: [36m'Payload:', Object{email: 'test@example.com', password: 'wrongpassword'}[39m
Chrome Headless 146.0.0.0 (Windows 10): Executed 49 of 175[32m SUCCESS[39m (0 secs / 0.471 secs)
LOG: 'Payload:', Object{email: 'test@example.com', password: 'wrongpassword'}
[1A[2KChrome Headless 146.0.0.0 (Windows 10): Executed 50 of 175[32m SUCCESS[39m (0 secs / 0.474 secs)
[1A[2KChrome Headless 146.0.0.0 (Windows 10): Executed 51 of 175[32m SUCCESS[39m (0 secs / 0.638 secs)
[1A[2KChrome Headless 146.0.0.0 (Windows 10): Executed 52 of 175[32m SUCCESS[39m (0 secs / 0.644 secs)
[1A[2KERROR: [36m'Error loading record:', Object{error: Object{message: 'Record not found'}}[39m
Chrome Headless 146.0.0.0 (Windows 10): Executed 52 of 175[32m SUCCESS[39m (0 secs / 0.644 secs)
ERROR: 'Error loading record:', Object{error: Object{message: 'Record not found'}}
[1A[2KChrome Headless 146.0.0.0 (Windows 10): Executed 53 of 175[32m SUCCESS[39m (0 secs / 0.652 secs)
[1A[2KChrome Headless 146.0.0.0 (Windows 10): Executed 54 of 175[32m SUCCESS[39m (0 secs / 0.655 secs)
[1A[2K[31mChrome Headless 146.0.0.0 (Windows 10) MedicalRecordViewerComponent should delete record on confirmation FAILED[39m
	Error: NG0904: unsafe value used in a resource URL context (see https://angular.dev/best-practices/security#preventing-cross-site-scripting-xss)
	error properties: Object({ code: 904 })
	    at sanitizer (node_modules/@angular/core/fesm2022/_debug_node-chunk.mjs:3331:9)
	    at setDomProperty (node_modules/@angular/core/fesm2022/_debug_node-chunk.mjs:4925:33)
	    at setPropertyAndInputs (node_modules/@angular/core/fesm2022/_debug_node-chunk.mjs:4914:3)
	    at ╔Á╔Áproperty (node_modules/@angular/core/fesm2022/_debug_node-chunk.mjs:14317:5)
	    at templateFn (ng:///MedicalRecordViewerComponent.js:121:5)
	    at executeTemplate (node_modules/@angular/core/fesm2022/_debug_node-chunk.mjs:4848:5)
	    at refreshView (node_modules/@angular/core/fesm2022/_debug_node-chunk.mjs:5518:7)
	    at detectChangesInView (node_modules/@angular/core/fesm2022/_debug_node-chunk.mjs:5658:5)
	    at detectChangesInViewIfAttached (node_modules/@angular/core/fesm2022/_debug_node-chunk.mjs:5641:3)
	    at detectChangesInEmbeddedViews (node_modules/@angular/core/fesm2022/_debug_node-chunk.mjs:5612:7)
Chrome Headless 146.0.0.0 (Windows 10): Executed 55 of 175[31m (1 FAILED)[39m (0 secs / 0.674 secs)
[1A[2KChrome Headless 146.0.0.0 (Windows 10): Executed 56 of 175[31m (1 FAILED)[39m (0 secs / 0.678 secs)
[1A[2KChrome Headless 146.0.0.0 (Windows 10): Executed 57 of 175[31m (1 FAILED)[39m (0 secs / 0.682 secs)
[1A[2KChrome Headless 146.0.0.0 (Windows 10): Executed 58 of 175[31m (1 FAILED)[39m (0 secs / 0.686 secs)
[1A[2KChrome Headless 146.0.0.0 (Windows 10): Executed 59 of 175[31m (1 FAILED)[39m (0 secs / 0.689 secs)
[1A[2KChrome Headless 146.0.0.0 (Windows 10): Executed 60 of 175[31m (1 FAILED)[39m (0 secs / 0.692 secs)
[1A[2KChrome Headless 146.0.0.0 (Windows 10): Executed 61 of 175[31m (1 FAILED)[39m (0 secs / 0.7 secs)
[1A[2KChrome Headless 146.0.0.0 (Windows 10): Executed 62 of 175[31m (1 FAILED)[39m (0 secs / 0.702 secs)
[1A[2KChrome Headless 146.0.0.0 (Windows 10): Executed 63 of 175[31m (1 FAILED)[39m (0 secs / 0.705 secs)
[1A[2KChrome Headless 146.0.0.0 (Windows 10): Executed 64 of 175[31m (1 FAILED)[39m (0 secs / 0.708 secs)
[1A[2KChrome Headless 146.0.0.0 (Windows 10): Executed 65 of 175[31m (1 FAILED)[39m (0 secs / 0.711 secs)
[1A[2KChrome Headless 146.0.0.0 (Windows 10): Executed 66 of 175[31m (1 FAILED)[39m (0 secs / 0.714 secs)
[1A[2KChrome Headless 146.0.0.0 (Windows 10): Executed 67 of 175[31m (1 FAILED)[39m (0 secs / 0.715 secs)
[1A[2KChrome Headless 146.0.0.0 (Windows 10): Executed 68 of 175[31m (1 FAILED)[39m (0 secs / 0.718 secs)
[1A[2KChrome Headless 146.0.0.0 (Windows 10): Executed 69 of 175[31m (1 FAILED)[39m (0 secs / 0.722 secs)
[1A[2KChrome Headless 146.0.0.0 (Windows 10): Executed 70 of 175[31m (1 FAILED)[39m (0 secs / 0.725 secs)
[1A[2KChrome Headless 146.0.0.0 (Windows 10): Executed 71 of 175[31m (1 FAILED)[39m (0 secs / 1.876 secs)
[1A[2KChrome Headless 146.0.0.0 (Windows 10): Executed 72 of 175[31m (1 FAILED)[39m (0 secs / 1.883 secs)
[1A[2KChrome Headless 146.0.0.0 (Windows 10): Executed 73 of 175[31m (1 FAILED)[39m (0 secs / 1.892 secs)
[1A[2KChrome Headless 146.0.0.0 (Windows 10): Executed 74 of 175[31m (1 FAILED)[39m (0 secs / 1.899 secs)
[1A[2KChrome Headless 146.0.0.0 (Windows 10): Executed 75 of 175[31m (1 FAILED)[39m (0 secs / 1.908 secs)
[1A[2KChrome Headless 146.0.0.0 (Windows 10): Executed 76 of 175[31m (1 FAILED)[39m (0 secs / 1.915 secs)
[1A[2KALERT: [36m'Share revoked successfully'[39m
Chrome Headless 146.0.0.0 (Windows 10): Executed 76 of 175[31m (1 FAILED)[39m (0 secs / 1.915 secs)
ALERT: 'Share revoked successfully'
[1A[2KChrome Headless 146.0.0.0 (Windows 10): Executed 77 of 175[31m (1 FAILED)[39m (0 secs / 1.923 secs)
[1A[2KChrome Headless 146.0.0.0 (Windows 10): Executed 78 of 175[31m (1 FAILED)[39m (0 secs / 1.93 secs)
[1A[2KChrome Headless 146.0.0.0 (Windows 10): Executed 79 of 175[31m (1 FAILED)[39m (0 secs / 1.937 secs)
[1A[2KChrome Headless 146.0.0.0 (Windows 10): Executed 80 of 175[31m (1 FAILED)[39m (0 secs / 1.942 secs)
[1A[2KChrome Headless 146.0.0.0 (Windows 10): Executed 81 of 175[31m (1 FAILED)[39m (0 secs / 1.948 secs)
[1A[2KChrome Headless 146.0.0.0 (Windows 10): Executed 82 of 175[31m (1 FAILED)[39m (0 secs / 1.955 secs)
[1A[2KChrome Headless 146.0.0.0 (Windows 10): Executed 83 of 175[31m (1 FAILED)[39m (0 secs / 1.985 secs)
[1A[2KChrome Headless 146.0.0.0 (Windows 10): Executed 84 of 175[31m (1 FAILED)[39m (0 secs / 1.992 secs)
[1A[2KChrome Headless 146.0.0.0 (Windows 10): Executed 85 of 175[31m (1 FAILED)[39m (0 secs / 2 secs)
[1A[2KChrome Headless 146.0.0.0 (Windows 10): Executed 86 of 175[31m (1 FAILED)[39m (0 secs / 2.009 secs)
[1A[2KChrome Headless 146.0.0.0 (Windows 10): Executed 87 of 175[31m (1 FAILED)[39m (0 secs / 2.017 secs)
[1A[2KChrome Headless 146.0.0.0 (Windows 10): Executed 88 of 175[31m (1 FAILED)[39m (0 secs / 2.024 secs)
[1A[2KChrome Headless 146.0.0.0 (Windows 10): Executed 89 of 175[31m (1 FAILED)[39m (0 secs / 2.146 secs)
[1A[2KChrome Headless 146.0.0.0 (Windows 10): Executed 90 of 175[31m (1 FAILED)[39m (0 secs / 2.154 secs)
[1A[2KChrome Headless 146.0.0.0 (Windows 10): Executed 91 of 175[31m (1 FAILED)[39m (0 secs / 2.166 secs)
[1A[2KChrome Headless 146.0.0.0 (Windows 10): Executed 92 of 175[31m (1 FAILED)[39m (0 secs / 2.168 secs)
[1A[2KChrome Headless 146.0.0.0 (Windows 10): Executed 93 of 175[31m (1 FAILED)[39m (0 secs / 2.169 secs)
[1A[2KChrome Headless 146.0.0.0 (Windows 10): Executed 94 of 175[31m (1 FAILED)[39m (0 secs / 2.171 secs)
[1A[2KChrome Headless 146.0.0.0 (Windows 10): Executed 95 of 175[31m (1 FAILED)[39m (0 secs / 2.174 secs)
[1A[2KChrome Headless 146.0.0.0 (Windows 10): Executed 96 of 175[31m (1 FAILED)[39m (0 secs / 2.176 secs)
[1A[2KChrome Headless 146.0.0.0 (Windows 10): Executed 97 of 175[31m (1 FAILED)[39m (0 secs / 2.179 secs)
[1A[2KChrome Headless 146.0.0.0 (Windows 10): Executed 98 of 175[31m (1 FAILED)[39m (0 secs / 2.182 secs)
[1A[2KChrome Headless 146.0.0.0 (Windows 10): Executed 99 of 175[31m (1 FAILED)[39m (0 secs / 2.185 secs)
[1A[2KChrome Headless 146.0.0.0 (Windows 10): Executed 100 of 175[31m (1 FAILED)[39m (0 secs / 2.228 secs)
[1A[2KChrome Headless 146.0.0.0 (Windows 10): Executed 101 of 175[31m (1 FAILED)[39m (0 secs / 2.238 secs)
[1A[2KChrome Headless 146.0.0.0 (Windows 10): Executed 102 of 175[31m (1 FAILED)[39m (0 secs / 2.247 secs)
[1A[2KChrome Headless 146.0.0.0 (Windows 10): Executed 103 of 175[31m (1 FAILED)[39m (0 secs / 2.252 secs)
[1A[2KChrome Headless 146.0.0.0 (Windows 10): Executed 104 of 175[31m (1 FAILED)[39m (0 secs / 2.262 secs)
[1A[2KChrome Headless 146.0.0.0 (Windows 10): Executed 105 of 175[31m (1 FAILED)[39m (0 secs / 2.383 secs)
[1A[2KChrome Headless 146.0.0.0 (Windows 10): Executed 106 of 175[31m (1 FAILED)[39m (0 secs / 2.391 secs)
[1A[2KChrome Headless 146.0.0.0 (Windows 10): Executed 107 of 175[31m (1 FAILED)[39m (0 secs / 2.4 secs)
[1A[2KChrome Headless 146.0.0.0 (Windows 10): Executed 108 of 175[31m (1 FAILED)[39m (0 secs / 2.409 secs)
[1A[2KChrome Headless 146.0.0.0 (Windows 10): Executed 109 of 175[31m (1 FAILED)[39m (0 secs / 2.418 secs)
[1A[2KChrome Headless 146.0.0.0 (Windows 10): Executed 110 of 175[31m (1 FAILED)[39m (0 secs / 2.425 secs)
[1A[2KChrome Headless 146.0.0.0 (Windows 10): Executed 111 of 175[31m (1 FAILED)[39m (0 secs / 2.451 secs)
[1A[2KChrome Headless 146.0.0.0 (Windows 10): Executed 112 of 175[31m (1 FAILED)[39m (0 secs / 2.574 secs)
[1A[2KChrome Headless 146.0.0.0 (Windows 10): Executed 113 of 175[31m (1 FAILED)[39m (0 secs / 2.581 secs)
[1A[2KChrome Headless 146.0.0.0 (Windows 10): Executed 114 of 175[31m (1 FAILED)[39m (0 secs / 2.587 secs)
[1A[2KChrome Headless 146.0.0.0 (Windows 10): Executed 115 of 175[31m (1 FAILED)[39m (0 secs / 2.594 secs)
[1A[2KChrome Headless 146.0.0.0 (Windows 10): Executed 116 of 175[31m (1 FAILED)[39m (0 secs / 2.601 secs)
[1A[2KChrome Headless 146.0.0.0 (Windows 10): Executed 117 of 175[31m (1 FAILED)[39m (0 secs / 2.607 secs)
[1A[2KChrome Headless 146.0.0.0 (Windows 10): Executed 118 of 175[31m (1 FAILED)[39m (0 secs / 2.614 secs)
[1A[2KChrome Headless 146.0.0.0 (Windows 10): Executed 119 of 175[31m (1 FAILED)[39m (0 secs / 2.622 secs)
[1A[2KChrome Headless 146.0.0.0 (Windows 10): Executed 120 of 175[31m (1 FAILED)[39m (0 secs / 2.627 secs)
[1A[2KChrome Headless 146.0.0.0 (Windows 10): Executed 121 of 175[31m (1 FAILED)[39m (0 secs / 2.633 secs)
[1A[2KChrome Headless 146.0.0.0 (Windows 10): Executed 122 of 175[31m (1 FAILED)[39m (0 secs / 2.663 secs)
[1A[2KChrome Headless 146.0.0.0 (Windows 10): Executed 123 of 175[31m (1 FAILED)[39m (0 secs / 2.667 secs)
[1A[2KChrome Headless 146.0.0.0 (Windows 10): Executed 124 of 175[31m (1 FAILED)[39m (0 secs / 2.67 secs)
[1A[2KChrome Headless 146.0.0.0 (Windows 10): Executed 125 of 175[31m (1 FAILED)[39m (0 secs / 2.673 secs)
[1A[2KChrome Headless 146.0.0.0 (Windows 10): Executed 126 of 175[31m (1 FAILED)[39m (0 secs / 2.684 secs)
[1A[2KERROR: [36m'Error deleting record:', Object{error: Object{message: 'Delete failed'}}[39m
Chrome Headless 146.0.0.0 (Windows 10): Executed 126 of 175[31m (1 FAILED)[39m (0 secs / 2.684 secs)
ERROR: 'Error deleting record:', Object{error: Object{message: 'Delete failed'}}
[1A[2KChrome Headless 146.0.0.0 (Windows 10): Executed 127 of 175[31m (1 FAILED)[39m (0 secs / 2.687 secs)
[1A[2KChrome Headless 146.0.0.0 (Windows 10): Executed 128 of 175[31m (1 FAILED)[39m (0 secs / 2.689 secs)
[1A[2KChrome Headless 146.0.0.0 (Windows 10): Executed 129 of 175[31m (1 FAILED)[39m (0 secs / 2.693 secs)
[1A[2KChrome Headless 146.0.0.0 (Windows 10): Executed 130 of 175[31m (1 FAILED)[39m (0 secs / 2.697 secs)
[1A[2KChrome Headless 146.0.0.0 (Windows 10): Executed 131 of 175[31m (1 FAILED)[39m (0 secs / 2.7 secs)
[1A[2KChrome Headless 146.0.0.0 (Windows 10): Executed 132 of 175[31m (1 FAILED)[39m (0 secs / 2.702 secs)
[1A[2KChrome Headless 146.0.0.0 (Windows 10): Executed 133 of 175[31m (1 FAILED)[39m (0 secs / 2.721 secs)
[1A[2KChrome Headless 146.0.0.0 (Windows 10): Executed 134 of 175[31m (1 FAILED)[39m (0 secs / 2.726 secs)
[1A[2KChrome Headless 146.0.0.0 (Windows 10): Executed 135 of 175[31m (1 FAILED)[39m (0 secs / 2.732 secs)
[1A[2KChrome Headless 146.0.0.0 (Windows 10): Executed 136 of 175[31m (1 FAILED)[39m (0 secs / 2.736 secs)
[1A[2K[31mChrome Headless 146.0.0.0 (Windows 10) MedicalRecordUploadComponent should reset form and clear file after successful upload FAILED[39m
	Expected [object File] to be null.
	    at <Jasmine>
	    at UserContext.apply (src/app/modules/medical-record/pages/medical-record-upload/medical-record-upload.component.spec.ts:209:36)
	    at UserContext.apply (node_modules/zone.js/fesm2015/zone-testing.js:1664:18)
	    at _ZoneDelegate.invoke (node_modules/zone.js/fesm2015/zone.js:360:158)
	    at _ProxyZoneSpec.onInvoke (node_modules/zone.js/fesm2015/zone-testing.js:956:33)
Chrome Headless 146.0.0.0 (Windows 10): Executed 137 of 175[31m (2 FAILED)[39m (0 secs / 2.744 secs)
[1A[2K[31mChrome Headless 146.0.0.0 (Windows 10) MedicalRecordUploadComponent should show success message on upload FAILED[39m
	Expected '' to be truthy.
	    at <Jasmine>
	    at UserContext.apply (src/app/modules/medical-record/pages/medical-record-upload/medical-record-upload.component.spec.ts:190:31)
	    at UserContext.apply (node_modules/zone.js/fesm2015/zone-testing.js:1664:18)
	    at _ZoneDelegate.invoke (node_modules/zone.js/fesm2015/zone.js:360:158)
	    at _ProxyZoneSpec.onInvoke (node_modules/zone.js/fesm2015/zone-testing.js:956:33)
Chrome Headless 146.0.0.0 (Windows 10): Executed 138 of 175[31m (3 FAILED)[39m (0 secs / 2.754 secs)
[1A[2KChrome Headless 146.0.0.0 (Windows 10): Executed 139 of 175[31m (3 FAILED)[39m (0 secs / 2.763 secs)
[1A[2KChrome Headless 146.0.0.0 (Windows 10): Executed 140 of 175[31m (3 FAILED)[39m (0 secs / 2.768 secs)
[1A[2K[31mChrome Headless 146.0.0.0 (Windows 10) MedicalRecordUploadComponent should submit form with valid data FAILED[39m
	Expected spy MedicalService.uploadMedicalRecord to have been called.
	    at <Jasmine>
	    at UserContext.apply (src/app/modules/medical-record/pages/medical-record-upload/medical-record-upload.component.spec.ts:152:52)
	    at UserContext.apply (node_modules/zone.js/fesm2015/zone-testing.js:1664:18)
	    at _ZoneDelegate.invoke (node_modules/zone.js/fesm2015/zone.js:360:158)
	    at _ProxyZoneSpec.onInvoke (node_modules/zone.js/fesm2015/zone-testing.js:956:33)
Chrome Headless 146.0.0.0 (Windows 10): Executed 141 of 175[31m (4 FAILED)[39m (0 secs / 2.775 secs)
[1A[2KChrome Headless 146.0.0.0 (Windows 10): Executed 142 of 175[31m (4 FAILED)[39m (0 secs / 2.781 secs)
[1A[2KChrome Headless 146.0.0.0 (Windows 10): Executed 143 of 175[31m (4 FAILED)[39m (0 secs / 2.787 secs)
[1A[2KChrome Headless 146.0.0.0 (Windows 10): Executed 144 of 175[31m (4 FAILED)[39m (0 secs / 2.791 secs)
[1A[2KChrome Headless 146.0.0.0 (Windows 10): Executed 145 of 175[31m (4 FAILED)[39m (0 secs / 2.796 secs)
[1A[2KChrome Headless 146.0.0.0 (Windows 10): Executed 146 of 175[31m (4 FAILED)[39m (0 secs / 2.827 secs)
[1A[2KChrome Headless 146.0.0.0 (Windows 10): Executed 147 of 175[31m (4 FAILED)[39m (0 secs / 2.83 secs)
[1A[2KChrome Headless 146.0.0.0 (Windows 10): Executed 148 of 175[31m (4 FAILED)[39m (0 secs / 2.834 secs)
[1A[2KChrome Headless 146.0.0.0 (Windows 10): Executed 149 of 175[31m (4 FAILED)[39m (0 secs / 2.839 secs)
[1A[2KChrome Headless 146.0.0.0 (Windows 10): Executed 150 of 175[31m (4 FAILED)[39m (0 secs / 2.844 secs)
[1A[2KChrome Headless 146.0.0.0 (Windows 10): Executed 151 of 175[31m (4 FAILED)[39m (0 secs / 2.848 secs)
[1A[2KChrome Headless 146.0.0.0 (Windows 10): Executed 152 of 175[31m (4 FAILED)[39m (0 secs / 2.852 secs)
[1A[2KChrome Headless 146.0.0.0 (Windows 10): Executed 153 of 175[31m (4 FAILED)[39m (0 secs / 2.856 secs)
[1A[2KChrome Headless 146.0.0.0 (Windows 10): Executed 154 of 175[31m (4 FAILED)[39m (0 secs / 2.86 secs)
[1A[2KChrome Headless 146.0.0.0 (Windows 10): Executed 155 of 175[31m (4 FAILED)[39m (0 secs / 2.864 secs)
[1A[2KChrome Headless 146.0.0.0 (Windows 10): Executed 156 of 175[31m (4 FAILED)[39m (0 secs / 2.901 secs)
[1A[2KChrome Headless 146.0.0.0 (Windows 10): Executed 157 of 175[31m (4 FAILED)[39m (0 secs / 2.909 secs)
[1A[2KChrome Headless 146.0.0.0 (Windows 10): Executed 158 of 175[31m (4 FAILED)[39m (0 secs / 2.917 secs)
[1A[2KChrome Headless 146.0.0.0 (Windows 10): Executed 159 of 175[31m (4 FAILED)[39m (0 secs / 2.925 secs)
[1A[2KChrome Headless 146.0.0.0 (Windows 10): Executed 160 of 175[31m (4 FAILED)[39m (0 secs / 2.935 secs)
[1A[2KChrome Headless 146.0.0.0 (Windows 10): Executed 161 of 175[31m (4 FAILED)[39m (0 secs / 2.941 secs)
[1A[2KChrome Headless 146.0.0.0 (Windows 10): Executed 162 of 175[31m (4 FAILED)[39m (0 secs / 2.949 secs)
[1A[2KChrome Headless 146.0.0.0 (Windows 10): Executed 163 of 175[31m (4 FAILED)[39m (0 secs / 2.957 secs)
[1A[2KChrome Headless 146.0.0.0 (Windows 10): Executed 164 of 175[31m (4 FAILED)[39m (0 secs / 2.962 secs)
[1A[2KChrome Headless 146.0.0.0 (Windows 10): Executed 165 of 175[31m (4 FAILED)[39m (0 secs / 3.07 secs)
[1A[2KChrome Headless 146.0.0.0 (Windows 10): Executed 166 of 175[31m (4 FAILED)[39m (0 secs / 3.095 secs)
[1A[2KChrome Headless 146.0.0.0 (Windows 10): Executed 167 of 175[31m (4 FAILED)[39m (0 secs / 3.102 secs)
[1A[2KChrome Headless 146.0.0.0 (Windows 10): Executed 168 of 175[31m (4 FAILED)[39m (0 secs / 3.11 secs)
[1A[2KChrome Headless 146.0.0.0 (Windows 10): Executed 169 of 175[31m (4 FAILED)[39m (0 secs / 3.114 secs)
[1A[2KChrome Headless 146.0.0.0 (Windows 10): Executed 170 of 175[31m (4 FAILED)[39m (0 secs / 3.123 secs)
[1A[2KChrome Headless 146.0.0.0 (Windows 10): Executed 171 of 175[31m (4 FAILED)[39m (0 secs / 3.13 secs)
[1A[2KChrome Headless 146.0.0.0 (Windows 10): Executed 172 of 175[31m (4 FAILED)[39m (0 secs / 3.136 secs)
[1A[2KChrome Headless 146.0.0.0 (Windows 10): Executed 173 of 175[31m (4 FAILED)[39m (0 secs / 3.145 secs)
[1A[2KChrome Headless 146.0.0.0 (Windows 10): Executed 174 of 175[31m (4 FAILED)[39m (0 secs / 3.153 secs)
[1A[2KChrome Headless 146.0.0.0 (Windows 10): Executed 175 of 175[31m (4 FAILED)[39m (0 secs / 3.159 secs)
[1A[2KChrome Headless 146.0.0.0 (Windows 10): Executed 175 of 175[31m (4 FAILED)[39m (3.369 secs / 3.159 secs)
[31mTOTAL: 4 FAILED, 171 SUCCESS[39m
[32mÔ£ö[39m Browser application bundle generation complete.
