
> medi-care-aifront@0.0.0 test
> ng test --watch=false --browsers=ChromeHeadless

node.exe : - Generating browser application bundles (phase: setup)...
At line:1 char:1
+ & "C:\Program Files\nodejs/node.exe" "C:\Program Files\nodejs/node_mo ...
+ ~~~~~~~~~~~~~~~~~~~~~~~~~~~~~~~~~~~~~~~~~~~~~~~~~~~~~~~~~~~~~~~~~~~~~
    + CategoryInfo          : NotSpecified: (- Generating br...hase: setup)... 
   :String) [], RemoteException
    + FullyQualifiedErrorId : NativeCommandError
 
[32mÔ£ö[39m Browser application bundle generation complete.
[32m30 03 2026 00:25:18.970:INFO [karma-server]: [39mKarma v6.4.4 server started at http://localhost:9876/
[32m30 03 2026 00:25:18.971:INFO [launcher]: [39mLaunching browsers ChromeHeadless with concurrency unlimited
[32m30 03 2026 00:25:18.996:INFO [launcher]: [39mStarting browser ChromeHeadless
[32m30 03 2026 00:25:20.689:INFO [Chrome Headless 146.0.0.0 (Windows 10)]: [39mConnected on socket 0GZWRA0jwBskdJsEAAAB with id 8368540
Chrome Headless 146.0.0.0 (Windows 10): Executed 0 of 175[32m SUCCESS[39m (0 secs / 0 secs)
[1A[2K[31mChrome Headless 146.0.0.0 (Windows 10) SymptomAiComponent should render with correct selector FAILED[39m
	╔ÁNotFound: NG0201: No provider found for `ActivatedRoute`. Source: Standalone[SymptomAiComponent]. Find more at https://v21.angular.dev/errors/NG0201
	error properties: Object({ code: -201, ngErrorCode: -201, ngErrorMessage: 'No provider found for `ActivatedRoute`.', ngTokenPath: [ 'ActivatedRoute' ] })
	╔ÁNotFound: NG0201: No provider found for `ActivatedRoute`. Source: Standalone[SymptomAiComponent]. Find more at https://v21.angular.dev/errors/NG0201
	    at createRuntimeError (node_modules/@angular/core/fesm2022/_untracked-chunk.mjs:600:17)
	    at NullInjector.get (node_modules/@angular/core/fesm2022/_untracked-chunk.mjs:881:21)
	    at R3Injector.get (node_modules/@angular/core/fesm2022/_untracked-chunk.mjs:1206:27)
	    at R3Injector.get (node_modules/@angular/core/fesm2022/_untracked-chunk.mjs:1206:27)
	    at R3Injector.get (node_modules/@angular/core/fesm2022/_untracked-chunk.mjs:1206:27)
	    at ChainedInjector.get (node_modules/@angular/core/fesm2022/_debug_node-chunk.mjs:7507:32)
	    at lookupTokenUsingModuleInjector (node_modules/@angular/core/fesm2022/_debug_node-chunk.mjs:890:31)
	    at getOrCreateInjectable (node_modules/@angular/core/fesm2022/_debug_node-chunk.mjs:913:10)
	    at Module.╔Á╔ÁdirectiveInject (node_modules/@angular/core/fesm2022/_debug_node-chunk.mjs:7541:17)
	    at NodeInjectorFactory.RouterLink_Factory [as factory] (node_modules/@angular/router/fesm2022/_router_module-chunk.mjs:161:17)
Chrome Headless 146.0.0.0 (Windows 10): Executed 1 of 175[31m (1 FAILED)[39m (0 secs / 0.094 secs)
[1A[2K[31mChrome Headless 146.0.0.0 (Windows 10) SymptomAiComponent should handle component lifecycle FAILED[39m
	╔ÁNotFound: NG0201: No provider found for `ActivatedRoute`. Source: Standalone[SymptomAiComponent]. Find more at https://v21.angular.dev/errors/NG0201
	error properties: Object({ code: -201, ngErrorCode: -201, ngErrorMessage: 'No provider found for `ActivatedRoute`.', ngTokenPath: [ 'ActivatedRoute' ] })
	╔ÁNotFound: NG0201: No provider found for `ActivatedRoute`. Source: Standalone[SymptomAiComponent]. Find more at https://v21.angular.dev/errors/NG0201
	    at createRuntimeError (node_modules/@angular/core/fesm2022/_untracked-chunk.mjs:600:17)
	    at NullInjector.get (node_modules/@angular/core/fesm2022/_untracked-chunk.mjs:881:21)
	    at R3Injector.get (node_modules/@angular/core/fesm2022/_untracked-chunk.mjs:1206:27)
	    at R3Injector.get (node_modules/@angular/core/fesm2022/_untracked-chunk.mjs:1206:27)
	    at R3Injector.get (node_modules/@angular/core/fesm2022/_untracked-chunk.mjs:1206:27)
	    at ChainedInjector.get (node_modules/@angular/core/fesm2022/_debug_node-chunk.mjs:7507:32)
	    at lookupTokenUsingModuleInjector (node_modules/@angular/core/fesm2022/_debug_node-chunk.mjs:890:31)
	    at getOrCreateInjectable (node_modules/@angular/core/fesm2022/_debug_node-chunk.mjs:913:10)
	    at Module.╔Á╔ÁdirectiveInject (node_modules/@angular/core/fesm2022/_debug_node-chunk.mjs:7541:17)
	    at NodeInjectorFactory.RouterLink_Factory [as factory] (node_modules/@angular/router/fesm2022/_router_module-chunk.mjs:161:17)
Chrome Headless 146.0.0.0 (Windows 10): Executed 2 of 175[31m (2 FAILED)[39m (0 secs / 0.104 secs)
[1A[2K[31mChrome Headless 146.0.0.0 (Windows 10) SymptomAiComponent should detect changes after initialization FAILED[39m
	╔ÁNotFound: NG0201: No provider found for `ActivatedRoute`. Source: Standalone[SymptomAiComponent]. Find more at https://v21.angular.dev/errors/NG0201
	error properties: Object({ code: -201, ngErrorCode: -201, ngErrorMessage: 'No provider found for `ActivatedRoute`.', ngTokenPath: [ 'ActivatedRoute' ] })
	╔ÁNotFound: NG0201: No provider found for `ActivatedRoute`. Source: Standalone[SymptomAiComponent]. Find more at https://v21.angular.dev/errors/NG0201
	    at createRuntimeError (node_modules/@angular/core/fesm2022/_untracked-chunk.mjs:600:17)
	    at NullInjector.get (node_modules/@angular/core/fesm2022/_untracked-chunk.mjs:881:21)
	    at R3Injector.get (node_modules/@angular/core/fesm2022/_untracked-chunk.mjs:1206:27)
	    at R3Injector.get (node_modules/@angular/core/fesm2022/_untracked-chunk.mjs:1206:27)
	    at R3Injector.get (node_modules/@angular/core/fesm2022/_untracked-chunk.mjs:1206:27)
	    at ChainedInjector.get (node_modules/@angular/core/fesm2022/_debug_node-chunk.mjs:7507:32)
	    at lookupTokenUsingModuleInjector (node_modules/@angular/core/fesm2022/_debug_node-chunk.mjs:890:31)
	    at getOrCreateInjectable (node_modules/@angular/core/fesm2022/_debug_node-chunk.mjs:913:10)
	    at Module.╔Á╔ÁdirectiveInject (node_modules/@angular/core/fesm2022/_debug_node-chunk.mjs:7541:17)
	    at NodeInjectorFactory.RouterLink_Factory [as factory] (node_modules/@angular/router/fesm2022/_router_module-chunk.mjs:161:17)
Chrome Headless 146.0.0.0 (Windows 10): Executed 3 of 175[31m (3 FAILED)[39m (0 secs / 0.114 secs)
[1A[2K[31mChrome Headless 146.0.0.0 (Windows 10) SymptomAiComponent should initialize with standalone component FAILED[39m
	╔ÁNotFound: NG0201: No provider found for `ActivatedRoute`. Source: Standalone[SymptomAiComponent]. Find more at https://v21.angular.dev/errors/NG0201
	error properties: Object({ code: -201, ngErrorCode: -201, ngErrorMessage: 'No provider found for `ActivatedRoute`.', ngTokenPath: [ 'ActivatedRoute' ] })
	╔ÁNotFound: NG0201: No provider found for `ActivatedRoute`. Source: Standalone[SymptomAiComponent]. Find more at https://v21.angular.dev/errors/NG0201
	    at createRuntimeError (node_modules/@angular/core/fesm2022/_untracked-chunk.mjs:600:17)
	    at NullInjector.get (node_modules/@angular/core/fesm2022/_untracked-chunk.mjs:881:21)
	    at R3Injector.get (node_modules/@angular/core/fesm2022/_untracked-chunk.mjs:1206:27)
	    at R3Injector.get (node_modules/@angular/core/fesm2022/_untracked-chunk.mjs:1206:27)
	    at R3Injector.get (node_modules/@angular/core/fesm2022/_untracked-chunk.mjs:1206:27)
	    at ChainedInjector.get (node_modules/@angular/core/fesm2022/_debug_node-chunk.mjs:7507:32)
	    at lookupTokenUsingModuleInjector (node_modules/@angular/core/fesm2022/_debug_node-chunk.mjs:890:31)
	    at getOrCreateInjectable (node_modules/@angular/core/fesm2022/_debug_node-chunk.mjs:913:10)
	    at Module.╔Á╔ÁdirectiveInject (node_modules/@angular/core/fesm2022/_debug_node-chunk.mjs:7541:17)
	    at NodeInjectorFactory.RouterLink_Factory [as factory] (node_modules/@angular/router/fesm2022/_router_module-chunk.mjs:161:17)
Chrome Headless 146.0.0.0 (Windows 10): Executed 4 of 175[31m (4 FAILED)[39m (0 secs / 0.126 secs)
[1A[2K[31mChrome Headless 146.0.0.0 (Windows 10) SymptomAiComponent should render template successfully FAILED[39m
	╔ÁNotFound: NG0201: No provider found for `ActivatedRoute`. Source: Standalone[SymptomAiComponent]. Find more at https://v21.angular.dev/errors/NG0201
	error properties: Object({ code: -201, ngErrorCode: -201, ngErrorMessage: 'No provider found for `ActivatedRoute`.', ngTokenPath: [ 'ActivatedRoute' ] })
	╔ÁNotFound: NG0201: No provider found for `ActivatedRoute`. Source: Standalone[SymptomAiComponent]. Find more at https://v21.angular.dev/errors/NG0201
	    at createRuntimeError (node_modules/@angular/core/fesm2022/_untracked-chunk.mjs:600:17)
	    at NullInjector.get (node_modules/@angular/core/fesm2022/_untracked-chunk.mjs:881:21)
	    at R3Injector.get (node_modules/@angular/core/fesm2022/_untracked-chunk.mjs:1206:27)
	    at R3Injector.get (node_modules/@angular/core/fesm2022/_untracked-chunk.mjs:1206:27)
	    at R3Injector.get (node_modules/@angular/core/fesm2022/_untracked-chunk.mjs:1206:27)
	    at ChainedInjector.get (node_modules/@angular/core/fesm2022/_debug_node-chunk.mjs:7507:32)
	    at lookupTokenUsingModuleInjector (node_modules/@angular/core/fesm2022/_debug_node-chunk.mjs:890:31)
	    at getOrCreateInjectable (node_modules/@angular/core/fesm2022/_debug_node-chunk.mjs:913:10)
	    at Module.╔Á╔ÁdirectiveInject (node_modules/@angular/core/fesm2022/_debug_node-chunk.mjs:7541:17)
	    at NodeInjectorFactory.RouterLink_Factory [as factory] (node_modules/@angular/router/fesm2022/_router_module-chunk.mjs:161:17)
Chrome Headless 146.0.0.0 (Windows 10): Executed 5 of 175[31m (5 FAILED)[39m (0 secs / 0.133 secs)
[1A[2K[31mChrome Headless 146.0.0.0 (Windows 10) SymptomAiComponent should be standalone component FAILED[39m
	╔ÁNotFound: NG0201: No provider found for `ActivatedRoute`. Source: Standalone[SymptomAiComponent]. Find more at https://v21.angular.dev/errors/NG0201
	error properties: Object({ code: -201, ngErrorCode: -201, ngErrorMessage: 'No provider found for `ActivatedRoute`.', ngTokenPath: [ 'ActivatedRoute' ] })
	╔ÁNotFound: NG0201: No provider found for `ActivatedRoute`. Source: Standalone[SymptomAiComponent]. Find more at https://v21.angular.dev/errors/NG0201
	    at createRuntimeError (node_modules/@angular/core/fesm2022/_untracked-chunk.mjs:600:17)
	    at NullInjector.get (node_modules/@angular/core/fesm2022/_untracked-chunk.mjs:881:21)
	    at R3Injector.get (node_modules/@angular/core/fesm2022/_untracked-chunk.mjs:1206:27)
	    at R3Injector.get (node_modules/@angular/core/fesm2022/_untracked-chunk.mjs:1206:27)
	    at R3Injector.get (node_modules/@angular/core/fesm2022/_untracked-chunk.mjs:1206:27)
	    at ChainedInjector.get (node_modules/@angular/core/fesm2022/_debug_node-chunk.mjs:7507:32)
	    at lookupTokenUsingModuleInjector (node_modules/@angular/core/fesm2022/_debug_node-chunk.mjs:890:31)
	    at getOrCreateInjectable (node_modules/@angular/core/fesm2022/_debug_node-chunk.mjs:913:10)
	    at Module.╔Á╔ÁdirectiveInject (node_modules/@angular/core/fesm2022/_debug_node-chunk.mjs:7541:17)
	    at NodeInjectorFactory.RouterLink_Factory [as factory] (node_modules/@angular/router/fesm2022/_router_module-chunk.mjs:161:17)
Chrome Headless 146.0.0.0 (Windows 10): Executed 6 of 175[31m (6 FAILED)[39m (0 secs / 0.139 secs)
[1A[2K[31mChrome Headless 146.0.0.0 (Windows 10) SymptomAiComponent should use CommonModule FAILED[39m
	╔ÁNotFound: NG0201: No provider found for `ActivatedRoute`. Source: Standalone[SymptomAiComponent]. Find more at https://v21.angular.dev/errors/NG0201
	error properties: Object({ code: -201, ngErrorCode: -201, ngErrorMessage: 'No provider found for `ActivatedRoute`.', ngTokenPath: [ 'ActivatedRoute' ] })
	╔ÁNotFound: NG0201: No provider found for `ActivatedRoute`. Source: Standalone[SymptomAiComponent]. Find more at https://v21.angular.dev/errors/NG0201
	    at createRuntimeError (node_modules/@angular/core/fesm2022/_untracked-chunk.mjs:600:17)
	    at NullInjector.get (node_modules/@angular/core/fesm2022/_untracked-chunk.mjs:881:21)
	    at R3Injector.get (node_modules/@angular/core/fesm2022/_untracked-chunk.mjs:1206:27)
	    at R3Injector.get (node_modules/@angular/core/fesm2022/_untracked-chunk.mjs:1206:27)
	    at R3Injector.get (node_modules/@angular/core/fesm2022/_untracked-chunk.mjs:1206:27)
	    at ChainedInjector.get (node_modules/@angular/core/fesm2022/_debug_node-chunk.mjs:7507:32)
	    at lookupTokenUsingModuleInjector (node_modules/@angular/core/fesm2022/_debug_node-chunk.mjs:890:31)
	    at getOrCreateInjectable (node_modules/@angular/core/fesm2022/_debug_node-chunk.mjs:913:10)
	    at Module.╔Á╔ÁdirectiveInject (node_modules/@angular/core/fesm2022/_debug_node-chunk.mjs:7541:17)
	    at NodeInjectorFactory.RouterLink_Factory [as factory] (node_modules/@angular/router/fesm2022/_router_module-chunk.mjs:161:17)
Chrome Headless 146.0.0.0 (Windows 10): Executed 7 of 175[31m (7 FAILED)[39m (0 secs / 0.146 secs)
[1A[2K[31mChrome Headless 146.0.0.0 (Windows 10) SymptomAiComponent should use RouterLink FAILED[39m
	╔ÁNotFound: NG0201: No provider found for `ActivatedRoute`. Source: Standalone[SymptomAiComponent]. Find more at https://v21.angular.dev/errors/NG0201
	error properties: Object({ code: -201, ngErrorCode: -201, ngErrorMessage: 'No provider found for `ActivatedRoute`.', ngTokenPath: [ 'ActivatedRoute' ] })
	╔ÁNotFound: NG0201: No provider found for `ActivatedRoute`. Source: Standalone[SymptomAiComponent]. Find more at https://v21.angular.dev/errors/NG0201
	    at createRuntimeError (node_modules/@angular/core/fesm2022/_untracked-chunk.mjs:600:17)
	    at NullInjector.get (node_modules/@angular/core/fesm2022/_untracked-chunk.mjs:881:21)
	    at R3Injector.get (node_modules/@angular/core/fesm2022/_untracked-chunk.mjs:1206:27)
	    at R3Injector.get (node_modules/@angular/core/fesm2022/_untracked-chunk.mjs:1206:27)
	    at R3Injector.get (node_modules/@angular/core/fesm2022/_untracked-chunk.mjs:1206:27)
	    at ChainedInjector.get (node_modules/@angular/core/fesm2022/_debug_node-chunk.mjs:7507:32)
	    at lookupTokenUsingModuleInjector (node_modules/@angular/core/fesm2022/_debug_node-chunk.mjs:890:31)
	    at getOrCreateInjectable (node_modules/@angular/core/fesm2022/_debug_node-chunk.mjs:913:10)
	    at Module.╔Á╔ÁdirectiveInject (node_modules/@angular/core/fesm2022/_debug_node-chunk.mjs:7541:17)
	    at NodeInjectorFactory.RouterLink_Factory [as factory] (node_modules/@angular/router/fesm2022/_router_module-chunk.mjs:161:17)
Chrome Headless 146.0.0.0 (Windows 10): Executed 8 of 175[31m (8 FAILED)[39m (0 secs / 0.151 secs)
[1A[2K[31mChrome Headless 146.0.0.0 (Windows 10) SymptomAiComponent should create FAILED[39m
	╔ÁNotFound: NG0201: No provider found for `ActivatedRoute`. Source: Standalone[SymptomAiComponent]. Find more at https://v21.angular.dev/errors/NG0201
	error properties: Object({ code: -201, ngErrorCode: -201, ngErrorMessage: 'No provider found for `ActivatedRoute`.', ngTokenPath: [ 'ActivatedRoute' ] })
	╔ÁNotFound: NG0201: No provider found for `ActivatedRoute`. Source: Standalone[SymptomAiComponent]. Find more at https://v21.angular.dev/errors/NG0201
	    at createRuntimeError (node_modules/@angular/core/fesm2022/_untracked-chunk.mjs:600:17)
	    at NullInjector.get (node_modules/@angular/core/fesm2022/_untracked-chunk.mjs:881:21)
	    at R3Injector.get (node_modules/@angular/core/fesm2022/_untracked-chunk.mjs:1206:27)
	    at R3Injector.get (node_modules/@angular/core/fesm2022/_untracked-chunk.mjs:1206:27)
	    at R3Injector.get (node_modules/@angular/core/fesm2022/_untracked-chunk.mjs:1206:27)
	    at ChainedInjector.get (node_modules/@angular/core/fesm2022/_debug_node-chunk.mjs:7507:32)
	    at lookupTokenUsingModuleInjector (node_modules/@angular/core/fesm2022/_debug_node-chunk.mjs:890:31)
	    at getOrCreateInjectable (node_modules/@angular/core/fesm2022/_debug_node-chunk.mjs:913:10)
	    at Module.╔Á╔ÁdirectiveInject (node_modules/@angular/core/fesm2022/_debug_node-chunk.mjs:7541:17)
	    at NodeInjectorFactory.RouterLink_Factory [as factory] (node_modules/@angular/router/fesm2022/_router_module-chunk.mjs:161:17)
Chrome Headless 146.0.0.0 (Windows 10): Executed 9 of 175[31m (9 FAILED)[39m (0 secs / 0.16 secs)
[1A[2KChrome Headless 146.0.0.0 (Windows 10): Executed 10 of 175[31m (9 FAILED)[39m (0 secs / 0.239 secs)
[1A[2KChrome Headless 146.0.0.0 (Windows 10): Executed 11 of 175[31m (9 FAILED)[39m (0 secs / 0.253 secs)
[1A[2K[31mChrome Headless 146.0.0.0 (Windows 10) MoodTrackerComponent should handle form submission with valid data FAILED[39m
	Expected false to be true.
	    at <Jasmine>
	    at UserContext.apply (src/app/modules/health-tracker/pages/mood-tracker/mood-tracker.component.spec.ts:70:33)
	    at _ZoneDelegate.invoke (node_modules/zone.js/fesm2015/zone.js:360:158)
	    at _ProxyZoneSpec.onInvoke (node_modules/zone.js/fesm2015/zone-testing.js:956:33)
	    at _ZoneDelegate.invoke (node_modules/zone.js/fesm2015/zone.js:360:46)
Chrome Headless 146.0.0.0 (Windows 10): Executed 12 of 175[31m (10 FAILED)[39m (0 secs / 0.268 secs)
[1A[2KChrome Headless 146.0.0.0 (Windows 10): Executed 13 of 175[31m (10 FAILED)[39m (0 secs / 0.285 secs)
[1A[2KChrome Headless 146.0.0.0 (Windows 10): Executed 14 of 175[31m (10 FAILED)[39m (0 secs / 0.3 secs)
[1A[2KChrome Headless 146.0.0.0 (Windows 10): Executed 15 of 175[31m (10 FAILED)[39m (0 secs / 0.315 secs)
[1A[2KChrome Headless 146.0.0.0 (Windows 10): Executed 16 of 175[31m (10 FAILED)[39m (0 secs / 0.332 secs)
[1A[2KChrome Headless 146.0.0.0 (Windows 10): Executed 17 of 175[31m (10 FAILED)[39m (0 secs / 0.346 secs)
[1A[2KChrome Headless 146.0.0.0 (Windows 10): Executed 18 of 175[31m (10 FAILED)[39m (0 secs / 0.357 secs)
[1A[2K[31mChrome Headless 146.0.0.0 (Windows 10) MoodTrackerComponent should reset form after successful submission FAILED[39m
	Expected 'HAPPY' to be null.
	    at <Jasmine>
	    at apply (src/app/modules/health-tracker/pages/mood-tracker/mood-tracker.component.spec.ts:122:53)
	    at apply (node_modules/zone.js/fesm2015/zone.js:1486:27)
	    at _ZoneDelegate.invokeTask (node_modules/zone.js/fesm2015/zone.js:386:171)
	    at _ProxyZoneSpec.onInvokeTask (node_modules/zone.js/fesm2015/zone-testing.js:984:33)
Chrome Headless 146.0.0.0 (Windows 10): Executed 19 of 175[31m (11 FAILED)[39m (0 secs / 0.478 secs)
[1A[2KChrome Headless 146.0.0.0 (Windows 10): Executed 20 of 175[31m (11 FAILED)[39m (0 secs / 0.532 secs)
[1A[2KChrome Headless 146.0.0.0 (Windows 10): Executed 21 of 175[31m (11 FAILED)[39m (0 secs / 0.539 secs)
[1A[2KChrome Headless 146.0.0.0 (Windows 10): Executed 22 of 175[31m (11 FAILED)[39m (0 secs / 0.565 secs)
[1A[2KChrome Headless 146.0.0.0 (Windows 10): Executed 23 of 175[31m (11 FAILED)[39m (0 secs / 0.571 secs)
[1A[2KChrome Headless 146.0.0.0 (Windows 10): Executed 24 of 175[31m (11 FAILED)[39m (0 secs / 0.577 secs)
[1A[2KChrome Headless 146.0.0.0 (Windows 10): Executed 25 of 175[31m (11 FAILED)[39m (0 secs / 0.608 secs)
[1A[2KChrome Headless 146.0.0.0 (Windows 10): Executed 26 of 175[31m (11 FAILED)[39m (0 secs / 0.615 secs)
[1A[2KChrome Headless 146.0.0.0 (Windows 10): Executed 27 of 175[31m (11 FAILED)[39m (0 secs / 0.623 secs)
[1A[2KERROR: [36m'Error deleting record:', Object{error: Object{message: 'Delete failed'}}[39m
Chrome Headless 146.0.0.0 (Windows 10): Executed 27 of 175[31m (11 FAILED)[39m (0 secs / 0.623 secs)
ERROR: 'Error deleting record:', Object{error: Object{message: 'Delete failed'}}
[1A[2KChrome Headless 146.0.0.0 (Windows 10): Executed 28 of 175[31m (11 FAILED)[39m (0 secs / 0.632 secs)
[1A[2KChrome Headless 146.0.0.0 (Windows 10): Executed 29 of 175[31m (11 FAILED)[39m (0 secs / 0.64 secs)
[1A[2KChrome Headless 146.0.0.0 (Windows 10): Executed 30 of 175[31m (11 FAILED)[39m (0 secs / 0.645 secs)
[1A[2KChrome Headless 146.0.0.0 (Windows 10): Executed 31 of 175[31m (11 FAILED)[39m (0 secs / 0.648 secs)
[1A[2KChrome Headless 146.0.0.0 (Windows 10): Executed 32 of 175[31m (11 FAILED)[39m (0 secs / 0.649 secs)
[1A[2KChrome Headless 146.0.0.0 (Windows 10): Executed 33 of 175[31m (11 FAILED)[39m (0 secs / 0.653 secs)
[1A[2KChrome Headless 146.0.0.0 (Windows 10): Executed 34 of 175[31m (11 FAILED)[39m (0 secs / 0.654 secs)
[1A[2KChrome Headless 146.0.0.0 (Windows 10): Executed 35 of 175[31m (11 FAILED)[39m (0 secs / 0.754 secs)
[1A[2KChrome Headless 146.0.0.0 (Windows 10): Executed 36 of 175[31m (11 FAILED)[39m (0 secs / 0.883 secs)
[1A[2KChrome Headless 146.0.0.0 (Windows 10): Executed 37 of 175[31m (11 FAILED)[39m (0 secs / 0.907 secs)
[1A[2KChrome Headless 146.0.0.0 (Windows 10): Executed 38 of 175[31m (11 FAILED)[39m (0 secs / 0.924 secs)
[1A[2KChrome Headless 146.0.0.0 (Windows 10): Executed 39 of 175[31m (11 FAILED)[39m (0 secs / 0.946 secs)
[1A[2K[31mChrome Headless 146.0.0.0 (Windows 10) SleepTrackerComponent should handle form submission with valid data FAILED[39m
	Expected false to be true.
	    at <Jasmine>
	    at UserContext.apply (src/app/modules/health-tracker/pages/sleep-tracker/sleep-tracker.component.spec.ts:80:33)
	    at _ZoneDelegate.invoke (node_modules/zone.js/fesm2015/zone.js:360:158)
	    at _ProxyZoneSpec.onInvoke (node_modules/zone.js/fesm2015/zone-testing.js:956:33)
	    at _ZoneDelegate.invoke (node_modules/zone.js/fesm2015/zone.js:360:46)
Chrome Headless 146.0.0.0 (Windows 10): Executed 40 of 175[31m (12 FAILED)[39m (0 secs / 0.968 secs)
[1A[2KChrome Headless 146.0.0.0 (Windows 10): Executed 41 of 175[31m (12 FAILED)[39m (0 secs / 0.987 secs)
[1A[2KChrome Headless 146.0.0.0 (Windows 10): Executed 42 of 175[31m (12 FAILED)[39m (0 secs / 1.005 secs)
[1A[2KChrome Headless 146.0.0.0 (Windows 10): Executed 43 of 175[31m (12 FAILED)[39m (0 secs / 1.018 secs)
[1A[2KChrome Headless 146.0.0.0 (Windows 10): Executed 44 of 175[31m (12 FAILED)[39m (0 secs / 2.165 secs)
[1A[2KChrome Headless 146.0.0.0 (Windows 10): Executed 45 of 175[31m (12 FAILED)[39m (0 secs / 2.173 secs)
[1A[2KChrome Headless 146.0.0.0 (Windows 10): Executed 46 of 175[31m (12 FAILED)[39m (0 secs / 2.18 secs)
[1A[2KALERT: [36m'Share revoked successfully'[39m
Chrome Headless 146.0.0.0 (Windows 10): Executed 46 of 175[31m (12 FAILED)[39m (0 secs / 2.18 secs)
ALERT: 'Share revoked successfully'
[1A[2KChrome Headless 146.0.0.0 (Windows 10): Executed 47 of 175[31m (12 FAILED)[39m (0 secs / 2.188 secs)
[1A[2KChrome Headless 146.0.0.0 (Windows 10): Executed 48 of 175[31m (12 FAILED)[39m (0 secs / 2.199 secs)
[1A[2KChrome Headless 146.0.0.0 (Windows 10): Executed 49 of 175[31m (12 FAILED)[39m (0 secs / 2.208 secs)
[1A[2KChrome Headless 146.0.0.0 (Windows 10): Executed 50 of 175[31m (12 FAILED)[39m (0 secs / 2.214 secs)
[1A[2KChrome Headless 146.0.0.0 (Windows 10): Executed 51 of 175[31m (12 FAILED)[39m (0 secs / 2.221 secs)
[1A[2KChrome Headless 146.0.0.0 (Windows 10): Executed 52 of 175[31m (12 FAILED)[39m (0 secs / 2.228 secs)
[1A[2KChrome Headless 146.0.0.0 (Windows 10): Executed 53 of 175[31m (12 FAILED)[39m (0 secs / 2.236 secs)
[1A[2KChrome Headless 146.0.0.0 (Windows 10): Executed 54 of 175[31m (12 FAILED)[39m (0 secs / 2.243 secs)
[1A[2KChrome Headless 146.0.0.0 (Windows 10): Executed 55 of 175[31m (12 FAILED)[39m (0 secs / 2.249 secs)
[1A[2K[31mChrome Headless 146.0.0.0 (Windows 10) HealthTrackerComponent should initialize with standalone component FAILED[39m
	╔ÁNotFound: NG0201: No provider found for `ActivatedRoute`. Source: Standalone[HealthTrackerComponent]. Find more at https://v21.angular.dev/errors/NG0201
	error properties: Object({ code: -201, ngErrorCode: -201, ngErrorMessage: 'No provider found for `ActivatedRoute`.', ngTokenPath: [ 'ActivatedRoute' ] })
	╔ÁNotFound: NG0201: No provider found for `ActivatedRoute`. Source: Standalone[HealthTrackerComponent]. Find more at https://v21.angular.dev/errors/NG0201
	    at createRuntimeError (node_modules/@angular/core/fesm2022/_untracked-chunk.mjs:600:17)
	    at NullInjector.get (node_modules/@angular/core/fesm2022/_untracked-chunk.mjs:881:21)
	    at R3Injector.get (node_modules/@angular/core/fesm2022/_untracked-chunk.mjs:1206:27)
	    at R3Injector.get (node_modules/@angular/core/fesm2022/_untracked-chunk.mjs:1206:27)
	    at R3Injector.get (node_modules/@angular/core/fesm2022/_untracked-chunk.mjs:1206:27)
	    at ChainedInjector.get (node_modules/@angular/core/fesm2022/_debug_node-chunk.mjs:7507:32)
	    at lookupTokenUsingModuleInjector (node_modules/@angular/core/fesm2022/_debug_node-chunk.mjs:890:31)
	    at getOrCreateInjectable (node_modules/@angular/core/fesm2022/_debug_node-chunk.mjs:913:10)
	    at Module.╔Á╔ÁdirectiveInject (node_modules/@angular/core/fesm2022/_debug_node-chunk.mjs:7541:17)
	    at NodeInjectorFactory.RouterLink_Factory [as factory] (node_modules/@angular/router/fesm2022/_router_module-chunk.mjs:161:17)
Chrome Headless 146.0.0.0 (Windows 10): Executed 56 of 175[31m (13 FAILED)[39m (0 secs / 2.264 secs)
[1A[2K[31mChrome Headless 146.0.0.0 (Windows 10) HealthTrackerComponent should create FAILED[39m
	╔ÁNotFound: NG0201: No provider found for `ActivatedRoute`. Source: Standalone[HealthTrackerComponent]. Find more at https://v21.angular.dev/errors/NG0201
	error properties: Object({ code: -201, ngErrorCode: -201, ngErrorMessage: 'No provider found for `ActivatedRoute`.', ngTokenPath: [ 'ActivatedRoute' ] })
	╔ÁNotFound: NG0201: No provider found for `ActivatedRoute`. Source: Standalone[HealthTrackerComponent]. Find more at https://v21.angular.dev/errors/NG0201
	    at createRuntimeError (node_modules/@angular/core/fesm2022/_untracked-chunk.mjs:600:17)
	    at NullInjector.get (node_modules/@angular/core/fesm2022/_untracked-chunk.mjs:881:21)
	    at R3Injector.get (node_modules/@angular/core/fesm2022/_untracked-chunk.mjs:1206:27)
	    at R3Injector.get (node_modules/@angular/core/fesm2022/_untracked-chunk.mjs:1206:27)
	    at R3Injector.get (node_modules/@angular/core/fesm2022/_untracked-chunk.mjs:1206:27)
	    at ChainedInjector.get (node_modules/@angular/core/fesm2022/_debug_node-chunk.mjs:7507:32)
	    at lookupTokenUsingModuleInjector (node_modules/@angular/core/fesm2022/_debug_node-chunk.mjs:890:31)
	    at getOrCreateInjectable (node_modules/@angular/core/fesm2022/_debug_node-chunk.mjs:913:10)
	    at Module.╔Á╔ÁdirectiveInject (node_modules/@angular/core/fesm2022/_debug_node-chunk.mjs:7541:17)
	    at NodeInjectorFactory.RouterLink_Factory [as factory] (node_modules/@angular/router/fesm2022/_router_module-chunk.mjs:161:17)
Chrome Headless 146.0.0.0 (Windows 10): Executed 57 of 175[31m (14 FAILED)[39m (0 secs / 2.27 secs)
[1A[2K[31mChrome Headless 146.0.0.0 (Windows 10) HealthTrackerComponent should handle component lifecycle FAILED[39m
	╔ÁNotFound: NG0201: No provider found for `ActivatedRoute`. Source: Standalone[HealthTrackerComponent]. Find more at https://v21.angular.dev/errors/NG0201
	error properties: Object({ code: -201, ngErrorCode: -201, ngErrorMessage: 'No provider found for `ActivatedRoute`.', ngTokenPath: [ 'ActivatedRoute' ] })
	╔ÁNotFound: NG0201: No provider found for `ActivatedRoute`. Source: Standalone[HealthTrackerComponent]. Find more at https://v21.angular.dev/errors/NG0201
	    at createRuntimeError (node_modules/@angular/core/fesm2022/_untracked-chunk.mjs:600:17)
	    at NullInjector.get (node_modules/@angular/core/fesm2022/_untracked-chunk.mjs:881:21)
	    at R3Injector.get (node_modules/@angular/core/fesm2022/_untracked-chunk.mjs:1206:27)
	    at R3Injector.get (node_modules/@angular/core/fesm2022/_untracked-chunk.mjs:1206:27)
	    at R3Injector.get (node_modules/@angular/core/fesm2022/_untracked-chunk.mjs:1206:27)
	    at ChainedInjector.get (node_modules/@angular/core/fesm2022/_debug_node-chunk.mjs:7507:32)
	    at lookupTokenUsingModuleInjector (node_modules/@angular/core/fesm2022/_debug_node-chunk.mjs:890:31)
	    at getOrCreateInjectable (node_modules/@angular/core/fesm2022/_debug_node-chunk.mjs:913:10)
	    at Module.╔Á╔ÁdirectiveInject (node_modules/@angular/core/fesm2022/_debug_node-chunk.mjs:7541:17)
	    at NodeInjectorFactory.RouterLink_Factory [as factory] (node_modules/@angular/router/fesm2022/_router_module-chunk.mjs:161:17)
Chrome Headless 146.0.0.0 (Windows 10): Executed 58 of 175[31m (15 FAILED)[39m (0 secs / 2.276 secs)
[1A[2K[31mChrome Headless 146.0.0.0 (Windows 10) HealthTrackerComponent should render with correct selector FAILED[39m
	╔ÁNotFound: NG0201: No provider found for `ActivatedRoute`. Source: Standalone[HealthTrackerComponent]. Find more at https://v21.angular.dev/errors/NG0201
	error properties: Object({ code: -201, ngErrorCode: -201, ngErrorMessage: 'No provider found for `ActivatedRoute`.', ngTokenPath: [ 'ActivatedRoute' ] })
	╔ÁNotFound: NG0201: No provider found for `ActivatedRoute`. Source: Standalone[HealthTrackerComponent]. Find more at https://v21.angular.dev/errors/NG0201
	    at createRuntimeError (node_modules/@angular/core/fesm2022/_untracked-chunk.mjs:600:17)
	    at NullInjector.get (node_modules/@angular/core/fesm2022/_untracked-chunk.mjs:881:21)
	    at R3Injector.get (node_modules/@angular/core/fesm2022/_untracked-chunk.mjs:1206:27)
	    at R3Injector.get (node_modules/@angular/core/fesm2022/_untracked-chunk.mjs:1206:27)
	    at R3Injector.get (node_modules/@angular/core/fesm2022/_untracked-chunk.mjs:1206:27)
	    at ChainedInjector.get (node_modules/@angular/core/fesm2022/_debug_node-chunk.mjs:7507:32)
	    at lookupTokenUsingModuleInjector (node_modules/@angular/core/fesm2022/_debug_node-chunk.mjs:890:31)
	    at getOrCreateInjectable (node_modules/@angular/core/fesm2022/_debug_node-chunk.mjs:913:10)
	    at Module.╔Á╔ÁdirectiveInject (node_modules/@angular/core/fesm2022/_debug_node-chunk.mjs:7541:17)
	    at NodeInjectorFactory.RouterLink_Factory [as factory] (node_modules/@angular/router/fesm2022/_router_module-chunk.mjs:161:17)
Chrome Headless 146.0.0.0 (Windows 10): Executed 59 of 175[31m (16 FAILED)[39m (0 secs / 2.282 secs)
[1A[2K[31mChrome Headless 146.0.0.0 (Windows 10) HealthTrackerComponent should be standalone component FAILED[39m
	╔ÁNotFound: NG0201: No provider found for `ActivatedRoute`. Source: Standalone[HealthTrackerComponent]. Find more at https://v21.angular.dev/errors/NG0201
	error properties: Object({ code: -201, ngErrorCode: -201, ngErrorMessage: 'No provider found for `ActivatedRoute`.', ngTokenPath: [ 'ActivatedRoute' ] })
	╔ÁNotFound: NG0201: No provider found for `ActivatedRoute`. Source: Standalone[HealthTrackerComponent]. Find more at https://v21.angular.dev/errors/NG0201
	    at createRuntimeError (node_modules/@angular/core/fesm2022/_untracked-chunk.mjs:600:17)
	    at NullInjector.get (node_modules/@angular/core/fesm2022/_untracked-chunk.mjs:881:21)
	    at R3Injector.get (node_modules/@angular/core/fesm2022/_untracked-chunk.mjs:1206:27)
	    at R3Injector.get (node_modules/@angular/core/fesm2022/_untracked-chunk.mjs:1206:27)
	    at R3Injector.get (node_modules/@angular/core/fesm2022/_untracked-chunk.mjs:1206:27)
	    at ChainedInjector.get (node_modules/@angular/core/fesm2022/_debug_node-chunk.mjs:7507:32)
	    at lookupTokenUsingModuleInjector (node_modules/@angular/core/fesm2022/_debug_node-chunk.mjs:890:31)
	    at getOrCreateInjectable (node_modules/@angular/core/fesm2022/_debug_node-chunk.mjs:913:10)
	    at Module.╔Á╔ÁdirectiveInject (node_modules/@angular/core/fesm2022/_debug_node-chunk.mjs:7541:17)
	    at NodeInjectorFactory.RouterLink_Factory [as factory] (node_modules/@angular/router/fesm2022/_router_module-chunk.mjs:161:17)
Chrome Headless 146.0.0.0 (Windows 10): Executed 60 of 175[31m (17 FAILED)[39m (0 secs / 2.286 secs)
[1A[2K[31mChrome Headless 146.0.0.0 (Windows 10) HealthTrackerComponent should use RouterLink FAILED[39m
	╔ÁNotFound: NG0201: No provider found for `ActivatedRoute`. Source: Standalone[HealthTrackerComponent]. Find more at https://v21.angular.dev/errors/NG0201
	error properties: Object({ code: -201, ngErrorCode: -201, ngErrorMessage: 'No provider found for `ActivatedRoute`.', ngTokenPath: [ 'ActivatedRoute' ] })
	╔ÁNotFound: NG0201: No provider found for `ActivatedRoute`. Source: Standalone[HealthTrackerComponent]. Find more at https://v21.angular.dev/errors/NG0201
	    at createRuntimeError (node_modules/@angular/core/fesm2022/_untracked-chunk.mjs:600:17)
	    at NullInjector.get (node_modules/@angular/core/fesm2022/_untracked-chunk.mjs:881:21)
	    at R3Injector.get (node_modules/@angular/core/fesm2022/_untracked-chunk.mjs:1206:27)
	    at R3Injector.get (node_modules/@angular/core/fesm2022/_untracked-chunk.mjs:1206:27)
	    at R3Injector.get (node_modules/@angular/core/fesm2022/_untracked-chunk.mjs:1206:27)
	    at ChainedInjector.get (node_modules/@angular/core/fesm2022/_debug_node-chunk.mjs:7507:32)
	    at lookupTokenUsingModuleInjector (node_modules/@angular/core/fesm2022/_debug_node-chunk.mjs:890:31)
	    at getOrCreateInjectable (node_modules/@angular/core/fesm2022/_debug_node-chunk.mjs:913:10)
	    at Module.╔Á╔ÁdirectiveInject (node_modules/@angular/core/fesm2022/_debug_node-chunk.mjs:7541:17)
	    at NodeInjectorFactory.RouterLink_Factory [as factory] (node_modules/@angular/router/fesm2022/_router_module-chunk.mjs:161:17)
Chrome Headless 146.0.0.0 (Windows 10): Executed 61 of 175[31m (18 FAILED)[39m (0 secs / 2.291 secs)
[1A[2K[31mChrome Headless 146.0.0.0 (Windows 10) HealthTrackerComponent should detect changes after initialization FAILED[39m
	╔ÁNotFound: NG0201: No provider found for `ActivatedRoute`. Source: Standalone[HealthTrackerComponent]. Find more at https://v21.angular.dev/errors/NG0201
	error properties: Object({ code: -201, ngErrorCode: -201, ngErrorMessage: 'No provider found for `ActivatedRoute`.', ngTokenPath: [ 'ActivatedRoute' ] })
	╔ÁNotFound: NG0201: No provider found for `ActivatedRoute`. Source: Standalone[HealthTrackerComponent]. Find more at https://v21.angular.dev/errors/NG0201
	    at createRuntimeError (node_modules/@angular/core/fesm2022/_untracked-chunk.mjs:600:17)
	    at NullInjector.get (node_modules/@angular/core/fesm2022/_untracked-chunk.mjs:881:21)
	    at R3Injector.get (node_modules/@angular/core/fesm2022/_untracked-chunk.mjs:1206:27)
	    at R3Injector.get (node_modules/@angular/core/fesm2022/_untracked-chunk.mjs:1206:27)
	    at R3Injector.get (node_modules/@angular/core/fesm2022/_untracked-chunk.mjs:1206:27)
	    at ChainedInjector.get (node_modules/@angular/core/fesm2022/_debug_node-chunk.mjs:7507:32)
	    at lookupTokenUsingModuleInjector (node_modules/@angular/core/fesm2022/_debug_node-chunk.mjs:890:31)
	    at getOrCreateInjectable (node_modules/@angular/core/fesm2022/_debug_node-chunk.mjs:913:10)
	    at Module.╔Á╔ÁdirectiveInject (node_modules/@angular/core/fesm2022/_debug_node-chunk.mjs:7541:17)
	    at NodeInjectorFactory.RouterLink_Factory [as factory] (node_modules/@angular/router/fesm2022/_router_module-chunk.mjs:161:17)
Chrome Headless 146.0.0.0 (Windows 10): Executed 62 of 175[31m (19 FAILED)[39m (0 secs / 2.296 secs)
[1A[2K[31mChrome Headless 146.0.0.0 (Windows 10) HealthTrackerComponent should render template successfully FAILED[39m
	╔ÁNotFound: NG0201: No provider found for `ActivatedRoute`. Source: Standalone[HealthTrackerComponent]. Find more at https://v21.angular.dev/errors/NG0201
	error properties: Object({ code: -201, ngErrorCode: -201, ngErrorMessage: 'No provider found for `ActivatedRoute`.', ngTokenPath: [ 'ActivatedRoute' ] })
	╔ÁNotFound: NG0201: No provider found for `ActivatedRoute`. Source: Standalone[HealthTrackerComponent]. Find more at https://v21.angular.dev/errors/NG0201
	    at createRuntimeError (node_modules/@angular/core/fesm2022/_untracked-chunk.mjs:600:17)
	    at NullInjector.get (node_modules/@angular/core/fesm2022/_untracked-chunk.mjs:881:21)
	    at R3Injector.get (node_modules/@angular/core/fesm2022/_untracked-chunk.mjs:1206:27)
	    at R3Injector.get (node_modules/@angular/core/fesm2022/_untracked-chunk.mjs:1206:27)
	    at R3Injector.get (node_modules/@angular/core/fesm2022/_untracked-chunk.mjs:1206:27)
	    at ChainedInjector.get (node_modules/@angular/core/fesm2022/_debug_node-chunk.mjs:7507:32)
	    at lookupTokenUsingModuleInjector (node_modules/@angular/core/fesm2022/_debug_node-chunk.mjs:890:31)
	    at getOrCreateInjectable (node_modules/@angular/core/fesm2022/_debug_node-chunk.mjs:913:10)
	    at Module.╔Á╔ÁdirectiveInject (node_modules/@angular/core/fesm2022/_debug_node-chunk.mjs:7541:17)
	    at NodeInjectorFactory.RouterLink_Factory [as factory] (node_modules/@angular/router/fesm2022/_router_module-chunk.mjs:161:17)
Chrome Headless 146.0.0.0 (Windows 10): Executed 63 of 175[31m (20 FAILED)[39m (0 secs / 2.301 secs)
[1A[2K[31mChrome Headless 146.0.0.0 (Windows 10) HealthTrackerComponent should use CommonModule FAILED[39m
	╔ÁNotFound: NG0201: No provider found for `ActivatedRoute`. Source: Standalone[HealthTrackerComponent]. Find more at https://v21.angular.dev/errors/NG0201
	error properties: Object({ code: -201, ngErrorCode: -201, ngErrorMessage: 'No provider found for `ActivatedRoute`.', ngTokenPath: [ 'ActivatedRoute' ] })
	╔ÁNotFound: NG0201: No provider found for `ActivatedRoute`. Source: Standalone[HealthTrackerComponent]. Find more at https://v21.angular.dev/errors/NG0201
	    at createRuntimeError (node_modules/@angular/core/fesm2022/_untracked-chunk.mjs:600:17)
	    at NullInjector.get (node_modules/@angular/core/fesm2022/_untracked-chunk.mjs:881:21)
	    at R3Injector.get (node_modules/@angular/core/fesm2022/_untracked-chunk.mjs:1206:27)
	    at R3Injector.get (node_modules/@angular/core/fesm2022/_untracked-chunk.mjs:1206:27)
	    at R3Injector.get (node_modules/@angular/core/fesm2022/_untracked-chunk.mjs:1206:27)
	    at ChainedInjector.get (node_modules/@angular/core/fesm2022/_debug_node-chunk.mjs:7507:32)
	    at lookupTokenUsingModuleInjector (node_modules/@angular/core/fesm2022/_debug_node-chunk.mjs:890:31)
	    at getOrCreateInjectable (node_modules/@angular/core/fesm2022/_debug_node-chunk.mjs:913:10)
	    at Module.╔Á╔ÁdirectiveInject (node_modules/@angular/core/fesm2022/_debug_node-chunk.mjs:7541:17)
	    at NodeInjectorFactory.RouterLink_Factory [as factory] (node_modules/@angular/router/fesm2022/_router_module-chunk.mjs:161:17)
Chrome Headless 146.0.0.0 (Windows 10): Executed 64 of 175[31m (21 FAILED)[39m (0 secs / 2.305 secs)
[1A[2KChrome Headless 146.0.0.0 (Windows 10): Executed 65 of 175[31m (21 FAILED)[39m (0 secs / 2.315 secs)
[1A[2KChrome Headless 146.0.0.0 (Windows 10): Executed 66 of 175[31m (21 FAILED)[39m (0 secs / 2.317 secs)
[1A[2KChrome Headless 146.0.0.0 (Windows 10): Executed 67 of 175[31m (21 FAILED)[39m (0 secs / 2.319 secs)
[1A[2KChrome Headless 146.0.0.0 (Windows 10): Executed 68 of 175[31m (21 FAILED)[39m (0 secs / 2.321 secs)
[1A[2KChrome Headless 146.0.0.0 (Windows 10): Executed 69 of 175[31m (21 FAILED)[39m (0 secs / 2.325 secs)
[1A[2KChrome Headless 146.0.0.0 (Windows 10): Executed 70 of 175[31m (21 FAILED)[39m (0 secs / 2.327 secs)
[1A[2KChrome Headless 146.0.0.0 (Windows 10): Executed 71 of 175[31m (21 FAILED)[39m (0 secs / 2.33 secs)
[1A[2KChrome Headless 146.0.0.0 (Windows 10): Executed 72 of 175[31m (21 FAILED)[39m (0 secs / 2.333 secs)
[1A[2KChrome Headless 146.0.0.0 (Windows 10): Executed 73 of 175[31m (21 FAILED)[39m (0 secs / 2.484 secs)
[1A[2KChrome Headless 146.0.0.0 (Windows 10): Executed 74 of 175[31m (21 FAILED)[39m (0 secs / 2.493 secs)
[1A[2KChrome Headless 146.0.0.0 (Windows 10): Executed 75 of 175[31m (21 FAILED)[39m (0 secs / 2.507 secs)
